Component: ARM Compiler 5.06 update 6 (build 750) Tool: armlink [4d35ed]

==============================================================================

Image Symbol Table

    Local Symbols

    Symbol Name                              Value     Ov Type        Size  Object(Section)

    ../clib/../cmprslib/zerorunl.c           0x00000000   Number         0  __dczerorl.o ABSOLUTE
    ../clib/angel/boardlib.s                 0x00000000   Number         0  boardshut.o ABSOLUTE
    ../clib/angel/boardlib.s                 0x00000000   Number         0  boardinit3.o ABSOLUTE
    ../clib/angel/boardlib.s                 0x00000000   Number         0  boardinit2.o ABSOLUTE
    ../clib/angel/boardlib.s                 0x00000000   Number         0  boardinit1.o ABSOLUTE
    ../clib/angel/handlers.s                 0x00000000   Number         0  __scatter_zi.o ABSOLUTE
    ../clib/angel/kernel.s                   0x00000000   Number         0  rtexit2.o ABSOLUTE
    ../clib/angel/kernel.s                   0x00000000   Number         0  rtexit.o ABSOLUTE
    ../clib/angel/kernel.s                   0x00000000   Number         0  __rtentry.o ABSOLUTE
    ../clib/angel/kernel.s                   0x00000000   Number         0  __rtentry2.o ABSOLUTE
    ../clib/angel/kernel.s                   0x00000000   Number         0  __rtentry4.o ABSOLUTE
    ../clib/angel/rt.s                       0x00000000   Number         0  aeabi_idiv0.o ABSOLUTE
    ../clib/angel/rt.s                       0x00000000   Number         0  rt_raise.o ABSOLUTE
    ../clib/angel/rt.s                       0x00000000   Number         0  aeabi_idiv0_sigfpe.o ABSOLUTE
    ../clib/angel/rt.s                       0x00000000   Number         0  rt_div0.o ABSOLUTE
    ../clib/angel/scatterp.s                 0x00000000   Number         0  __scatter.o ABSOLUTE
    ../clib/angel/startup.s                  0x00000000   Number         0  __main.o ABSOLUTE
    ../clib/angel/sys.s                      0x00000000   Number         0  indicate_semi.o ABSOLUTE
    ../clib/angel/sys.s                      0x00000000   Number         0  use_no_semi.o ABSOLUTE
    ../clib/angel/sys.s                      0x00000000   Number         0  tempstk.o ABSOLUTE
    ../clib/angel/sys.s                      0x00000000   Number         0  libspace.o ABSOLUTE
    ../clib/angel/sys.s                      0x00000000   Number         0  sys_stackheap_outer.o ABSOLUTE
    ../clib/angel/sysapp.c                   0x00000000   Number         0  sys_command.o ABSOLUTE
    ../clib/angel/sysapp.c                   0x00000000   Number         0  sys_exit.o ABSOLUTE
    ../clib/angel/sysapp.c                   0x00000000   Number         0  sys_wrch.o ABSOLUTE
    ../clib/armsys.c                         0x00000000   Number         0  _get_argv_nomalloc.o ABSOLUTE
    ../clib/armsys.c                         0x00000000   Number         0  argv_veneer.o ABSOLUTE
    ../clib/armsys.c                         0x00000000   Number         0  no_argv.o ABSOLUTE
    ../clib/division.s                       0x00000000   Number         0  aeabi_sdiv_div0.o ABSOLUTE
    ../clib/division.s                       0x00000000   Number         0  aeabi_sdiv.o ABSOLUTE
    ../clib/heapalloc.c                      0x00000000   Number         0  hrguard.o ABSOLUTE
    ../clib/heapaux.c                        0x00000000   Number         0  heapauxi.o ABSOLUTE
    ../clib/libinit.s                        0x00000000   Number         0  libshutdown.o ABSOLUTE
    ../clib/libinit.s                        0x00000000   Number         0  libinit2.o ABSOLUTE
    ../clib/libinit.s                        0x00000000   Number         0  libshutdown2.o ABSOLUTE
    ../clib/libinit.s                        0x00000000   Number         0  libinit.o ABSOLUTE
    ../clib/memcpset.c                       0x00000000   Number         0  rt_memcpy.o ABSOLUTE
    ../clib/memcpset.c                       0x00000000   Number         0  rt_memcpy.o ABSOLUTE
    ../clib/memcpset.c                       0x00000000   Number         0  rt_memclr.o ABSOLUTE
    ../clib/memcpset.c                       0x00000000   Number         0  aeabi_memset.o ABSOLUTE
    ../clib/signal.c                         0x00000000   Number         0  defsig_pvfn_inner.o ABSOLUTE
    ../clib/signal.c                         0x00000000   Number         0  defsig_cppl_inner.o ABSOLUTE
    ../clib/signal.c                         0x00000000   Number         0  defsig_segv_inner.o ABSOLUTE
    ../clib/signal.c                         0x00000000   Number         0  defsig_fpe_inner.o ABSOLUTE
    ../clib/signal.c                         0x00000000   Number         0  defsig_other.o ABSOLUTE
    ../clib/signal.c                         0x00000000   Number         0  defsig_abrt_inner.o ABSOLUTE
    ../clib/signal.c                         0x00000000   Number         0  defsig_rtmem_formal.o ABSOLUTE
[...]
    phFlashBoot_HwSetup                      0x002043e9   Thumb Code   214  phflashboot.o(i.phFlashBoot_HwSetup)
    i.phFlashBoot_HwTearDown                 0x002044f0   Section        0  phflashboot.o(i.phFlashBoot_HwTearDown)
    phFlashBoot_HwTearDown                   0x002044f1   Thumb Code    50  phflashboot.o(i.phFlashBoot_HwTearDown)
    i.phFlashBoot_Main                       0x00204534   Section        0  phflashboot.o(i.phFlashBoot_Main)
    i.phFlashBoot_PreCheck                   0x0020455c   Section        0  phflashboot.o(i.phFlashBoot_PreCheck)
    phFlashBoot_PreCheck                     0x0020455d   Thumb Code   202  phflashboot.o(i.phFlashBoot_PreCheck)
    i.phFlashBoot_SetIntrptsPrio             0x00204658   Section        0  phflashboot.o(i.phFlashBoot_SetIntrptsPrio)
    phFlashBoot_SetIntrptsPrio               0x00204659   Thumb Code   200  phflashboot.o(i.phFlashBoot_SetIntrptsPrio)
    i.phFlashBoot_VbusLowHandler             0x00204728   Section        0  phflashboot.o(i.phFlashBoot_VbusLowHandler)
    phFlashBoot_VbusLowHandler               0x00204729   Thumb Code    16  phflashboot.o(i.phFlashBoot_VbusLowHandler)
    i.phLED_Init                             0x0020473c   Section        0  phled.o(i.phLED_Init)
    i.phLED_SetStatus                        0x00204778   Section        0  phled.o(i.phLED_SetStatus)
    i.phPalCt_ProcessActivation              0x002047ec   Section        0  phpalct.o(i.phPalCt_ProcessActivation)
    phPalCt_ProcessActivation                0x002047ed   Thumb Code   176  phpalct.o(i.phPalCt_ProcessActivation)
    i.phRtos_EventGroupCreate                0x002048a8   Section        0  phrtos_nortos.o(i.phRtos_EventGroupCreate)
    i.phRtos_Initialize                      0x00204900   Section        0  phrtos_nortos.o(i.phRtos_Initialize)
    i.phRtos_NoRtos_EventGroupClearBits      0x00204930   Section        0  phrtos_nortos.o(i.phRtos_NoRtos_EventGroupClearBits)
    i.phRtos_NoRtos_EventGroupSetBits        0x00204968   Section        0  phrtos_nortos.o(i.phRtos_NoRtos_EventGroupSetBits)
    i.phRtos_NoRtos_EventGroupWaitBits       0x002049a4   Section        0  phrtos_nortos.o(i.phRtos_NoRtos_EventGroupWaitBits)
    i.phRtos_NoRtos_SetupSysTick             0x00204a1c   Section        0  phrtos_nortos.o(i.phRtos_NoRtos_SetupSysTick)
    phRtos_NoRtos_SetupSysTick               0x00204a1d   Thumb Code    48  phrtos_nortos.o(i.phRtos_NoRtos_SetupSysTick)
    i.phUser_MemCpy                          0x00204a58   Section        0  phuser.o(i.phUser_MemCpy)
    i.phUser_MemSet                          0x00204a70   Section        0  phuser.o(i.phUser_MemSet)
    i.phUser_Wait                            0x00204a90   Section        0  phuser.o(i.phUser_Wait)
    i.phUser_WaitInit                        0x00204aa8   Section        0  phuser.o(i.phUser_WaitInit)
    i.phhalClkGen_Clk27m12Detect             0x00204ac8   Section        0  phhalclkgen.o(i.phhalClkGen_Clk27m12Detect)
    i.phhalClkGen_DeInit                     0x00204b64   Section        0  phhalclkgen.o(i.phhalClkGen_DeInit)
    i.phhalClkGen_Init                       0x00204b98   Section        0  phhalclkgen.o(i.phhalClkGen_Init)
    i.phhalClkGen_WaitBitSetInStatusReg      0x00204c04   Section        0  phhalclkgen.o(i.phhalClkGen_WaitBitSetInStatusReg)
    phhalClkGen_WaitBitSetInStatusReg        0x00204c05   Thumb Code    32  phhalclkgen.o(i.phhalClkGen_WaitBitSetInStatusReg)
    i.phhalClkGen_XtalOscCheck               0x00204c28   Section        0  phhalclkgen.o(i.phhalClkGen_XtalOscCheck)
    phhalClkGen_XtalOscCheck                 0x00204c29   Thumb Code    20  phhalclkgen.o(i.phhalClkGen_XtalOscCheck)
    i.phhalClkGen_XtalStart                  0x00204c40   Section        0  phhalclkgen.o(i.phhalClkGen_XtalStart)
    phhalClkGen_XtalStart                    0x00204c41   Thumb Code    52  phhalclkgen.o(i.phhalClkGen_XtalStart)
    i.phhalClkGen_XtalSwKick                 0x00204c80   Section        0  phhalclkgen.o(i.phhalClkGen_XtalSwKick)
    phhalClkGen_XtalSwKick                   0x00204c81   Thumb Code   102  phhalclkgen.o(i.phhalClkGen_XtalSwKick)
    i.phhalCt_AsyncShutDown                  0x00204cf4   Section        0  phhalct.o(i.phhalCt_AsyncShutDown)
    i.phhalCt_AtrParser                      0x00204d00   Section        0  phhalct_activate.o(i.phhalCt_AtrParser)
    phhalCt_AtrParser                        0x00204d01   Thumb Code   184  phhalct_activate.o(i.phhalCt_AtrParser)
    i.phhalCt_CalculateWWTBWTCWT             0x00204dc8   Section        0  phhalct_common.o(i.phhalCt_CalculateWWTBWTCWT)
    phhalCt_CalculateWWTBWTCWT               0x00204dc9   Thumb Code   120  phhalct_common.o(i.phhalCt_CalculateWWTBWTCWT)
    i.phhalCt_CardActivate                   0x00204e54   Section        0  phhalct_activate.o(i.phhalCt_CardActivate)
    i.phhalCt_CardDeactivate                 0x00204f40   Section        0  phhalct_activate.o(i.phhalCt_CardDeactivate)
    i.phhalCt_CardDeactivateConfig           0x00204f94   Section        0  phhalct_activate.o(i.phhalCt_CardDeactivateConfig)
    phhalCt_CardDeactivateConfig             0x00204f95   Thumb Code    38  phhalct_activate.o(i.phhalCt_CardDeactivateConfig)
    i.phhalCt_CheckCardPres                  0x00204fc4   Section        0  phhalct.o(i.phhalCt_CheckCardPres)
    i.phhalCt_CheckLRC                       0x00204ff4   Section        0  phhalct_activate.o(i.phhalCt_CheckLRC)
    phhalCt_CheckLRC                         0x00204ff5   Thumb Code    28  phhalct_activate.o(i.phhalCt_CheckLRC)
    i.phhalCt_ClearGLobalVar                 0x00205018   Section        0  phhalct_common.o(i.phhalCt_ClearGLobalVar)
    i.phhalCt_DeInit                         0x00205054   Section        0  phhalct.o(i.phhalCt_DeInit)
    i.phhalCt_Event_Consume                  0x002050bc   Section        0  phhalct_event.o(i.phhalCt_Event_Consume)
    i.phhalCt_Event_Deinit                   0x002050e0   Section        0  phhalct_event.o(i.phhalCt_Event_Deinit)
    i.phhalCt_Event_Init                     0x00205100   Section        0  phhalct_event.o(i.phhalCt_Event_Init)
    i.phhalCt_Event_Post                     0x00205120   Section        0  phhalct_event.o(i.phhalCt_Event_Post)
    i.phhalCt_Event_WaitAny                  0x0020514c   Section        0  phhalct_event.o(i.phhalCt_Event_WaitAny)
    i.phhalCt_GetBufferPointer               0x002051a0   Section        0  phhalct_transceive.o(i.phhalCt_GetBufferPointer)
    i.phhalCt_HandleAbsentChars              0x002051ac   Section        0  phhalct_activate.o(i.phhalCt_HandleAbsentChars)
    phhalCt_HandleAbsentChars                0x002051ad   Thumb Code   196  phhalct_activate.o(i.phhalCt_HandleAbsentChars)
    i.phhalCt_HandleCommonEvent              0x00205280   Section        0  phhalct_common.o(i.phhalCt_HandleCommonEvent)
    i.phhalCt_HandleWaitingByteError         0x0020530c   Section        0  phhalct_activate.o(i.phhalCt_HandleWaitingByteError)
    phhalCt_HandleWaitingByteError           0x0020530d   Thumb Code    54  phhalct_activate.o(i.phhalCt_HandleWaitingByteError)
    i.phhalCt_Init                           0x00205344   Section        0  phhalct.o(i.phhalCt_Init)
    i.phhalCt_PPSExchangeHandling            0x00205390   Section        0  phhalct_transceive.o(i.phhalCt_PPSExchangeHandling)
    phhalCt_PPSExchangeHandling              0x00205391   Thumb Code   166  phhalct_transceive.o(i.phhalCt_PPSExchangeHandling)
    i.phhalCt_PPSRequestHandling             0x0020543c   Section        0  phhalct_transceive.o(i.phhalCt_PPSRequestHandling)
    i.phhalCt_ProcessActivation              0x00205510   Section        0  phhalct_activate.o(i.phhalCt_ProcessActivation)
    phhalCt_ProcessActivation                0x00205511   Thumb Code   146  phhalct_activate.o(i.phhalCt_ProcessActivation)
    i.phhalCt_ProcessLrc                     0x002055c0   Section        0  phhalct_activate.o(i.phhalCt_ProcessLrc)
    phhalCt_ProcessLrc                       0x002055c1   Thumb Code   136  phhalct_activate.o(i.phhalCt_ProcessLrc)
    i.phhalCt_ProcessTA                      0x00205650   Section        0  phhalct_activate.o(i.phhalCt_ProcessTA)
    phhalCt_ProcessTA                        0x00205651   Thumb Code   182  phhalct_activate.o(i.phhalCt_ProcessTA)
    i.phhalCt_ProcessTA2                     0x00205718   Section        0  phhalct_activate.o(i.phhalCt_ProcessTA2)
    phhalCt_ProcessTA2                       0x00205719   Thumb Code   136  phhalct_activate.o(i.phhalCt_ProcessTA2)
    i.phhalCt_ProcessTB                      0x002057b0   Section        0  phhalct_activate.o(i.phhalCt_ProcessTB)
    phhalCt_ProcessTB                        0x002057b1   Thumb Code   110  phhalct_activate.o(i.phhalCt_ProcessTB)
    i.phhalCt_ProcessTC                      0x00205824   Section        0  phhalct_activate.o(i.phhalCt_ProcessTC)
    phhalCt_ProcessTC                        0x00205825   Thumb Code    84  phhalct_activate.o(i.phhalCt_ProcessTC)
    i.phhalCt_ProcessTD                      0x0020587c   Section        0  phhalct_activate.o(i.phhalCt_ProcessTD)
    phhalCt_ProcessTD                        0x0020587d   Thumb Code   200  phhalct_activate.o(i.phhalCt_ProcessTD)
    i.phhalCt_Receive                        0x0020594c   Section        0  phhalct_transceive.o(i.phhalCt_Receive)
    i.phhalCt_Reset                          0x00205b38   Section        0  phhalct.o(i.phhalCt_Reset)
    i.phhalCt_SetBaudRate                    0x00205b60   Section        0  phhalct_common.o(i.phhalCt_SetBaudRate)
    i.phhalCt_SetDefaultValues               0x00205bd8   Section        0  phhalct_common.o(i.phhalCt_SetDefaultValues)
    i.phhalCt_SetTimer                       0x00205c48   Section        0  phhalct_common.o(i.phhalCt_SetTimer)
    i.phhalCt_Transmit                       0x00205ccc   Section        0  phhalct_transceive.o(i.phhalCt_Transmit)
    i.phhalCt_WaitForAtrBytes                0x00205f18   Section        0  phhalct_activate.o(i.phhalCt_WaitForAtrBytes)
    phhalCt_WaitForAtrBytes                  0x00205f19   Thumb Code   124  phhalct_activate.o(i.phhalCt_WaitForAtrBytes)
    i.phhalCt_WarmReset                      0x00205fa4   Section        0  phhalct_activate.o(i.phhalCt_WarmReset)
    i.phhalFlash_Init                        0x0020605c   Section        0  phhalflash.o(i.phhalFlash_Init)
    i.phhalFlash_WritePage                   0x00206098   Section        0  phhalflash.o(i.phhalFlash_WritePage)
    i.phhalHif_Init                          0x002060a0   Section        0  phhalhif.o(i.phhalHif_Init)
    i.phhalHif_InitRxBuffer                  0x002060f4   Section        0  phhalhif.o(i.phhalHif_InitRxBuffer)
    i.phhalHif_ReleaseRxBuffer               0x0020614c   Section        0  phhalhif.o(i.phhalHif_ReleaseRxBuffer)
    i.phhalHif_Transmit                      0x00206170   Section        0  phhalhif.o(i.phhalHif_Transmit)
    i.phhalI2CM_Cleanup                      0x002061bc   Section        0  phhali2cm.o(i.phhalI2CM_Cleanup)
    phhalI2CM_Cleanup                        0x002061bd   Thumb Code    46  phhali2cm.o(i.phhalI2CM_Cleanup)
    i.phhalI2CM_DeInit                       0x002061f8   Section        0  phhali2cm.o(i.phhalI2CM_DeInit)
    i.phhalI2CM_EventHandler                 0x00206220   Section        0  phhali2cm_event.o(i.phhalI2CM_EventHandler)
    i.phhalI2CM_EventRegister                0x00206240   Section        0  phhali2cm_event.o(i.phhalI2CM_EventRegister)
    i.phhalI2CM_EventUnRegister              0x00206260   Section        0  phhali2cm_event.o(i.phhalI2CM_EventUnRegister)
    i.phhalI2CM_EventWait                    0x00206270   Section        0  phhali2cm_event.o(i.phhalI2CM_EventWait)
    i.phhalI2CM_FillFifo                     0x0020629c   Section        0  phhali2cm.o(i.phhalI2CM_FillFifo)
    phhalI2CM_FillFifo                       0x0020629d   Thumb Code    94  phhali2cm.o(i.phhalI2CM_FillFifo)
    i.phhalI2CM_Init                         0x00206300   Section        0  phhali2cm.o(i.phhalI2CM_Init)
    i.phhalI2CM_Queue                        0x00206330   Section        0  phhali2cm.o(i.phhalI2CM_Queue)
    phhalI2CM_Queue                          0x00206331   Thumb Code    96  phhali2cm.o(i.phhalI2CM_Queue)
    i.phhalI2CM_RxThres_FIFOFull_Handler     0x0020639c   Section        0  phhali2cm.o(i.phhalI2CM_RxThres_FIFOFull_Handler)
    phhalI2CM_RxThres_FIFOFull_Handler       0x0020639d   Thumb Code    88  phhali2cm.o(i.phhalI2CM_RxThres_FIFOFull_Handler)
    i.phhalI2CM_Start                        0x002063f8   Section        0  phhali2cm.o(i.phhalI2CM_Start)
    i.phhalI2CM_Transmit                     0x00206474   Section        0  phhali2cm.o(i.phhalI2CM_Transmit)
    i.phhalI2CM_TxThres_FIFOEmpty_Handler    0x0020649c   Section        0  phhali2cm.o(i.phhalI2CM_TxThres_FIFOEmpty_Handler)
    phhalI2CM_TxThres_FIFOEmpty_Handler      0x0020649d   Thumb Code    18  phhali2cm.o(i.phhalI2CM_TxThres_FIFOEmpty_Handler)
    i.phhalPcr_ApplyLowPower                 0x002064b4   Section        0  phhalpcr.o(i.phhalPcr_ApplyLowPower)
    phhalPcr_ApplyLowPower                   0x002064b5   Thumb Code    92  phhalpcr.o(i.phhalPcr_ApplyLowPower)
    i.phhalPcr_ApplyStandby                  0x00206518   Section        0  phhalpcr.o(i.phhalPcr_ApplyStandby)
    phhalPcr_ApplyStandby                    0x00206519   Thumb Code    40  phhalpcr.o(i.phhalPcr_ApplyStandby)
    i.phhalPcr_ApplySuspend                  0x00206548   Section        0  phhalpcr.o(i.phhalPcr_ApplySuspend)
    phhalPcr_ApplySuspend                    0x00206549   Thumb Code   120  phhalpcr.o(i.phhalPcr_ApplySuspend)
    i.phhalPcr_ConfigInput                   0x002065d8   Section        0  phhalgpio.o(i.phhalPcr_ConfigInput)
    i.phhalPcr_ConfigPuPd                    0x00206638   Section        0  phhalgpio.o(i.phhalPcr_ConfigPuPd)
    i.phhalPcr_ConfigWakeup                  0x00206660   Section        0  phhalpcr.o(i.phhalPcr_ConfigWakeup)
    phhalPcr_ConfigWakeup                    0x00206661   Thumb Code   358  phhalpcr.o(i.phhalPcr_ConfigWakeup)
    i.phhalPcr_EnterLowPowerMode             0x002067dc   Section        0  phhalpcr.o(i.phhalPcr_EnterLowPowerMode)
    i.phhalPcr_GpioInit                      0x00206850   Section        0  phhalgpio.o(i.phhalPcr_GpioInit)
    i.phhalPcr_Init                          0x002068ec   Section        0  phhalpcr.o(i.phhalPcr_Init)
    i.phhalPcr_PostConfigLowPowerExit        0x00206998   Section        0  phhalpcr.o(i.phhalPcr_PostConfigLowPowerExit)
    phhalPcr_PostConfigLowPowerExit          0x00206999   Thumb Code    78  phhalpcr.o(i.phhalPcr_PostConfigLowPowerExit)
    i.phhalPcr_PreConfigLowPowerEntry        0x002069f4   Section        0  phhalpcr.o(i.phhalPcr_PreConfigLowPowerEntry)
    phhalPcr_PreConfigLowPowerEntry          0x002069f5   Thumb Code    40  phhalpcr.o(i.phhalPcr_PreConfigLowPowerEntry)
    i.phhalPcr_ReducePowerConsumption        0x00206a24   Section        0  phhalpcr.o(i.phhalPcr_ReducePowerConsumption)
    phhalPcr_ReducePowerConsumption          0x00206a25   Thumb Code   254  phhalpcr.o(i.phhalPcr_ReducePowerConsumption)
    i.phhalPcr_RestorePowerConsumptionChanges 0x00206b44   Section        0  phhalpcr.o(i.phhalPcr_RestorePowerConsumptionChanges)
    phhalPcr_RestorePowerConsumptionChanges  0x00206b45   Thumb Code   192  phhalpcr.o(i.phhalPcr_RestorePowerConsumptionChanges)
    i.phhalPmu_TxLdoClkConfig                0x00206c1c   Section        0  phhalpmu.o(i.phhalPmu_TxLdoClkConfig)
    phhalPmu_TxLdoClkConfig                  0x00206c1d   Thumb Code    44  phhalpmu.o(i.phhalPmu_TxLdoClkConfig)
    i.phhalPmu_TxLdoFullPower                0x00206c4c   Section        0  phhalpmu.o(i.phhalPmu_TxLdoFullPower)
    phhalPmu_TxLdoFullPower                  0x00206c4d   Thumb Code   124  phhalpmu.o(i.phhalPmu_TxLdoFullPower)
    i.phhalPmu_TxLdoInit                     0x00206cd4   Section        0  phhalpmu.o(i.phhalPmu_TxLdoInit)
    i.phhalPmu_TxLdoLowPower                 0x00206d04   Section        0  phhalpmu.o(i.phhalPmu_TxLdoLowPower)
    phhalPmu_TxLdoLowPower                   0x00206d05   Thumb Code   114  phhalpmu.o(i.phhalPmu_TxLdoLowPower)
    i.phhalPmu_TxLdoLowPower_2               0x00206d84   Section        0  phhalpmu.o(i.phhalPmu_TxLdoLowPower_2)
    phhalPmu_TxLdoLowPower_2                 0x00206d85   Thumb Code    80  phhalpmu.o(i.phhalPmu_TxLdoLowPower_2)
    i.phhalPmu_TxLdoStandby                  0x00206ddc   Section        0  phhalpmu.o(i.phhalPmu_TxLdoStandby)
    i.phhalPmu_TxLdoStart                    0x00206e54   Section        0  phhalpmu.o(i.phhalPmu_TxLdoStart)
    i.phhalPmu_TxLdoStop                     0x00206eec   Section        0  phhalpmu.o(i.phhalPmu_TxLdoStop)
    i.phhalSPIM_Configure                    0x00206f28   Section        0  phhalspim.o(i.phhalSPIM_Configure)
    i.phhalSPIM_DeInit                       0x00206f9c   Section        0  phhalspim.o(i.phhalSPIM_DeInit)
    i.phhalSPIM_EventHandler                 0x00206fcc   Section        0  phhalspim_event.o(i.phhalSPIM_EventHandler)
    i.phhalSPIM_EventRegister                0x00206fec   Section        0  phhalspim_event.o(i.phhalSPIM_EventRegister)
    i.phhalSPIM_EventUnRegister              0x0020700c   Section        0  phhalspim_event.o(i.phhalSPIM_EventUnRegister)
    i.phhalSPIM_EventWait                    0x0020701c   Section        0  phhalspim_event.o(i.phhalSPIM_EventWait)
    i.phhalSPIM_Init                         0x0020705c   Section        0  phhalspim.o(i.phhalSPIM_Init)
    i.phhalSPIM_Transmit                     0x002070a0   Section        0  phhalspim.o(i.phhalSPIM_Transmit)
    i.phhalTimer_Init                        0x002070e4   Section        0  phhaltimer.o(i.phhalTimer_Init)
    i.phpalCt_ActivateCard                   0x002070f4   Section        0  phpalct.o(i.phpalCt_ActivateCard)
    i.phpalCt_CheckPcb                       0x002071c4   Section        0  phpalct_t1.o(i.phpalCt_CheckPcb)
    phpalCt_CheckPcb                         0x002071c5   Thumb Code    50  phpalct_t1.o(i.phpalCt_CheckPcb)
    i.phpalCt_ComputeLrc                     0x00207208   Section        0  phpalct_t1.o(i.phpalCt_ComputeLrc)
    phpalCt_ComputeLrc                       0x00207209   Thumb Code    24  phpalct_t1.o(i.phpalCt_ComputeLrc)
    i.phpalCt_HandleCardError                0x00207220   Section        0  phpalct_t1.o(i.phpalCt_HandleCardError)
    phpalCt_HandleCardError                  0x00207221   Thumb Code   114  phpalct_t1.o(i.phpalCt_HandleCardError)
    i.phpalCt_HandleRBlock                   0x002072a0   Section        0  phpalct_t1.o(i.phpalCt_HandleRBlock)
    phpalCt_HandleRBlock                     0x002072a1   Thumb Code   232  phpalct_t1.o(i.phpalCt_HandleRBlock)
    i.phpalCt_HandleSBlock                   0x00207390   Section        0  phpalct_t1.o(i.phpalCt_HandleSBlock)
    phpalCt_HandleSBlock                     0x00207391   Thumb Code   228  phpalct_t1.o(i.phpalCt_HandleSBlock)
    i.phpalCt_Init                           0x00207484   Section        0  phpalct.o(i.phpalCt_Init)
    i.phpalCt_NegoIfsd                       0x002074a0   Section        0  phpalct_t1.o(i.phpalCt_NegoIfsd)
    phpalCt_NegoIfsd                         0x002074a1   Thumb Code   100  phpalct_t1.o(i.phpalCt_NegoIfsd)
    i.phpalCt_NegotiateClassClock            0x00207510   Section        0  phpalct.o(i.phpalCt_NegotiateClassClock)
    phpalCt_NegotiateClassClock              0x00207511   Thumb Code    50  phpalct.o(i.phpalCt_NegotiateClassClock)
    i.phpalCt_ReceiveGeneral                 0x00207544   Section        0  phpalct_t1.o(i.phpalCt_ReceiveGeneral)
    phpalCt_ReceiveGeneral                   0x00207545   Thumb Code   206  phpalct_t1.o(i.phpalCt_ReceiveGeneral)
    i.phpalCt_SendData_Card                  0x00207628   Section        0  phpalct_t1.o(i.phpalCt_SendData_Card)
    phpalCt_SendData_Card                    0x00207629   Thumb Code    26  phpalct_t1.o(i.phpalCt_SendData_Card)
    i.phpalCt_Send_R_Block                   0x00207648   Section        0  phpalct_t1.o(i.phpalCt_Send_R_Block)
    phpalCt_Send_R_Block                     0x00207649   Thumb Code    70  phpalct_t1.o(i.phpalCt_Send_R_Block)
    i.phpalCt_Send_S_Block                   0x00207698   Section        0  phpalct_t1.o(i.phpalCt_Send_S_Block)
    phpalCt_Send_S_Block                     0x00207699   Thumb Code   158  phpalct_t1.o(i.phpalCt_Send_S_Block)
    i.phpalCt_SetProtocol                    0x0020774c   Section        0  phpalct.o(i.phpalCt_SetProtocol)
    i.phpalCt_T0_Transcieve                  0x00207780   Section        0  phpalct_t0.o(i.phpalCt_T0_Transcieve)
    i.phpalCt_T1_DL_StateMachine             0x002077fc   Section        0  phpalct_t1.o(i.phpalCt_T1_DL_StateMachine)
    phpalCt_T1_DL_StateMachine               0x002077fd   Thumb Code   300  phpalct_t1.o(i.phpalCt_T1_DL_StateMachine)
    i.phpalCt_T1_DeInit                      0x00207930   Section        0  phpalct_t1.o(i.phpalCt_T1_DeInit)
    i.phpalCt_T1_Init                        0x00207964   Section        0  phpalct_t1.o(i.phpalCt_T1_Init)
    i.phpalCt_T1_Transcieve                  0x002079a4   Section        0  phpalct_t1.o(i.phpalCt_T1_Transcieve)
    i.phpalCt_Transceive                     0x00207c74   Section        0  phpalct.o(i.phpalCt_Transceive)
    i.phpalCt_VerifyLrc                      0x00207ca0   Section        0  phpalct_t1.o(i.phpalCt_VerifyLrc)
    phpalCt_VerifyLrc                        0x00207ca1   Thumb Code    20  phpalct_t1.o(i.phpalCt_VerifyLrc)
    i.phpalHwCt_Case24_Receive               0x00207cb4   Section        0  phpalct_t0.o(i.phpalHwCt_Case24_Receive)
    phpalHwCt_Case24_Receive                 0x00207cb5   Thumb Code   260  phpalct_t0.o(i.phpalHwCt_Case24_Receive)
    i.phpalHwCt_Case34_Send                  0x00207dc8   Section        0  phpalct_t0.o(i.phpalHwCt_Case34_Send)
    phpalHwCt_Case34_Send                    0x00207dc9   Thumb Code   102  phpalct_t0.o(i.phpalHwCt_Case34_Send)
    i.phpalHwCt_OtherCases_Receive           0x00207e34   Section        0  phpalct_t0.o(i.phpalHwCt_OtherCases_Receive)
    phpalHwCt_OtherCases_Receive             0x00207e35   Thumb Code   218  phpalct_t0.o(i.phpalHwCt_OtherCases_Receive)
    i.phpalHwCt_RcvCardData                  0x00207f20   Section        0  phpalct_t0.o(i.phpalHwCt_RcvCardData)
    phpalHwCt_RcvCardData                    0x00207f21   Thumb Code    32  phpalct_t0.o(i.phpalHwCt_RcvCardData)
    i.phpalHwCt_Receive_ProcByte             0x00207f44   Section        0  phpalct_t0.o(i.phpalHwCt_Receive_ProcByte)
    phpalHwCt_Receive_ProcByte               0x00207f45   Thumb Code    74  phpalct_t0.o(i.phpalHwCt_Receive_ProcByte)
    i.phpalHwCt_SendCardData                 0x00207f94   Section        0  phpalct_t0.o(i.phpalHwCt_SendCardData)
    phpalHwCt_SendCardData                   0x00207f95   Thumb Code    10  phpalct_t0.o(i.phpalHwCt_SendCardData)
    i.phpalHwCt_ShortAPDU_Exchange           0x00207fa0   Section        0  phpalct_t0.o(i.phpalHwCt_ShortAPDU_Exchange)
    phpalHwCt_ShortAPDU_Exchange             0x00207fa1   Thumb Code   380  phpalct_t0.o(i.phpalHwCt_ShortAPDU_Exchange)
    .constdata                               0x00208128   Section        4  phcfg_ee.o(.constdata)
    .constdata                               0x0020812c   Section        4  phcfg_ee.o(.constdata)
    .constdata                               0x00208130   Section        4  phcfg_ee.o(.constdata)
    .constdata                               0x00208134   Section        4  phcfg_ee.o(.constdata)
    .constdata                               0x00208138   Section        4  phcfg_ee.o(.constdata)
    .constdata                               0x0020813c   Section        4  phcfg_ee.o(.constdata)
    .constdata                               0x00208140   Section        4  phcfg_ee.o(.constdata)
    .constdata                               0x00208144   Section        4  phcfg_ee.o(.constdata)
    .constdata                               0x00208148   Section        4  phcfg_ee.o(.constdata)
    .constdata                               0x0020814c   Section        4  phcfg_ee.o(.constdata)
    .constdata                               0x00208150   Section        4  phcfg_ee.o(.constdata)
    .constdata                               0x00208154   Section        4  phcfg_ee.o(.constdata)
    .constdata                               0x00208158   Section        4  phcfg_ee.o(.constdata)
    .constdata                               0x0020815c   Section        4  phcfg_ee.o(.constdata)
    .constdata                               0x00208160   Section        4  phcfg_ee.o(.constdata)
    .constdata                               0x00208164   Section        6  phled.o(.constdata)
    .constdata                               0x0020816a   Section      648  phhalct.o(.constdata)
    .constdata                               0x002083f4   Section       32  phhalct_activate.o(.constdata)
    TypeABCD_Table                           0x002083f4   Data          32  phhalct_activate.o(.constdata)

    Global Symbols

    Symbol Name                              Value     Ov Type        Size  Object(Section)

    BuildAttributes$$THM_ISAv3M$S$PE$A:L22$X:L11$S22$IEEE1$IW$USESV6$~STKCKD$USESV7$~SHL$OSPACE$ROPI$EBA8$UX$STANDARDLIB$REQ8$PRES8$EABIv2 0x00000000   Number         0  anon$$obj.o ABSOLUTE
    __ARM_use_no_argv                        0x00000000   Number         0  phexhif.o ABSOLUTE
    __ARM_exceptions_init                     - Undefined Weak Reference
    __alloca_initialize                       - Undefined Weak Reference
    __arm_preinit_                            - Undefined Weak Reference
    __cpp_initialize__aeabi_                  - Undefined Weak Reference
    __cxa_finalize                            - Undefined Weak Reference
    __rt_locale                               - Undefined Weak Reference
    __sigvec_lookup                           - Undefined Weak Reference
    _atexit_init                              - Undefined Weak Reference
    _call_atexit_fns                          - Undefined Weak Reference
    _clock_init                               - Undefined Weak Reference
    _fp_trap_init                             - Undefined Weak Reference
    _fp_trap_shutdown                         - Undefined Weak Reference
    _get_lc_collate                           - Undefined Weak Reference
    _get_lc_ctype                             - Undefined Weak Reference
    _get_lc_monetary                          - Undefined Weak Reference
    _get_lc_numeric                           - Undefined Weak Reference
    _get_lc_time                              - Undefined Weak Reference
    _getenv_init                              - Undefined Weak Reference
    _handle_redirection                       - Undefined Weak Reference
    _init_alloc                               - Undefined Weak Reference
    _init_user_alloc                          - Undefined Weak Reference
    _initio                                   - Undefined Weak Reference
    _rand_init                                - Undefined Weak Reference
    _signal_finish                            - Undefined Weak Reference
    _signal_init                              - Undefined Weak Reference
    _terminate_alloc                          - Undefined Weak Reference
    _terminate_user_alloc                     - Undefined Weak Reference
    _terminateio                              - Undefined Weak Reference
    __Vectors_Size                           0x000000c0   Number         0  startup_pn74xxxx.o ABSOLUTE
    gCriticalSectionSemaphore                0x00100020   Data           4  phuser.o(.data)
    gphpalCt_ProtSel                         0x00100034   Data           1  phpalct.o(.data)
    gphpalCt_BIFSC                           0x00100035   Data           1  phpalct.o(.data)
    gphpalCt_BEmvEn                          0x00100036   Data           1  phpalct.o(.data)
    gphpalCt_BSadDad                         0x00100037   Data           1  phpalct.o(.data)
    gphpalCt_BDadSad                         0x00100038   Data           1  phpalct.o(.data)
    gphhalCt_ESlotType                       0x00100060   Data           1  phhalct.o(.data)
    SystemCoreClock                          0x00100098   Data           4  system_pn74xxxx.o(.data)
    gphExHif_Hw_Ct_Init                      0x00100134   Data           1  phexhif_hw.o(.noinit)
    gphExHif_Hw_HifEvents                    0x00100138   Data           4  phexhif_hw.o(.noinit)
    gphExHif_Hw_DataParams                   0x0010013c   Data           8  phexhif_hw.o(.noinit)
    gphExHif_Hw_RxBuffer                     0x00100244   Data        1024  phexhif_hw.o(.noinit)
    gphExHif_Hw_AtrBuffer                    0x00100644   Data          32  phexhif_hw.o(.noinit)
    gphhalCt_BEmvEn                          0x00100754   Data           1  phhalct.o(.noinit)
    gphhalCt_BActivationState                0x00100755   Data           1  phhalct.o(.noinit)
    gphhalCt_BTimerCount                     0x00100756   Data           1  phhalct.o(.noinit)
    gphhalCt_BTransmitComplete               0x00100757   Data           1  phhalct.o(.noinit)
    gphhalCt_BCWTFlag                        0x00100758   Data           1  phhalct.o(.noinit)
    gphhalCt_BParityErr                      0x00100759   Data           1  phhalct.o(.noinit)
    gphhalCt_BLastByteTransmit               0x0010075a   Data           1  phhalct.o(.noinit)
    gphhalCt_BDisableDCDC                    0x0010075b   Data           1  phhalct.o(.noinit)
    gphhalCt_InEvent                         0x0010075c   Data           2  phhalct.o(.noinit)
    gphhalCt_WPendingBytes                   0x0010075e   Data           2  phhalct.o(.noinit)
    gphhalCt_WDataCount                      0x00100760   Data           2  phhalct.o(.noinit)
    gphhalCt_WReceiveSize                    0x00100762   Data           2  phhalct.o(.noinit)
    gphhalCt_DwCharacterWaitingTime          0x00100764   Data           4  phhalct.o(.noinit)
    gphhalCt_DriverBuff                      0x0010076c   Data         261  phhalct.o(.noinit)
    gphhalCt_BFirstOfferedProt               0x00100871   Data           1  phhalct.o(.noinit)
    gphhalCt_DwWaitingTime                   0x00100874   Data           4  phhalct.o(.noinit)
    gphhalCt_DwBlockWaitingTime              0x00100878   Data           4  phhalct.o(.noinit)
    gphhalCt_BFiDi                           0x0010087c   Data           1  phhalct.o(.noinit)
    gphhalCt_BCurrentFiDi                    0x0010087d   Data           1  phhalct.o(.noinit)
    gphhalCt_WReceiveOffset                  0x0010087e   Data           2  phhalct.o(.noinit)
    __libspace_start                         0x00100960   Data          96  libspace.o(.bss)
    __temporary_stack_top$libspace           0x001009c0   Data           0  libspace.o(.bss)
    __Vectors                                0x00203000   Data           4  startup_pn74xxxx.o(RESET)
    __Vectors_End                            0x002030c0   Data           0  startup_pn74xxxx.o(RESET)
    __main                                   0x002030c1   Thumb Code     8  __main.o(!!!main)
    __scatterload                            0x002030c9   Thumb Code     0  __scatter.o(!!!scatter)
    __scatterload_rt2                        0x002030c9   Thumb Code    52  __scatter.o(!!!scatter)
    __scatterload_rt2_thumb_only             0x002030c9   Thumb Code     0  __scatter.o(!!!scatter)
    __scatterload_null                       0x002030d9   Thumb Code     0  __scatter.o(!!!scatter)
    __scatterload_zeroinit                   0x00203105   Thumb Code    28  __scatter_zi.o(!!handler_zi)
    __rt_lib_init                            0x00203121   Thumb Code     0  libinit.o(.ARM.Collect$$libinit$$00000000)
    __rt_lib_init_alloca_1                   0x00203123   Thumb Code     0  libinit2.o(.ARM.Collect$$libinit$$0000002E)
    __rt_lib_init_argv_1                     0x00203123   Thumb Code     0  libinit2.o(.ARM.Collect$$libinit$$0000002C)
    __rt_lib_init_atexit_1                   0x00203123   Thumb Code     0  libinit2.o(.ARM.Collect$$libinit$$0000001B)
    __rt_lib_init_clock_1                    0x00203123   Thumb Code     0  libinit2.o(.ARM.Collect$$libinit$$00000021)
    __rt_lib_init_cpp_1                      0x00203123   Thumb Code     0  libinit2.o(.ARM.Collect$$libinit$$00000032)
    __rt_lib_init_exceptions_1               0x00203123   Thumb Code     0  libinit2.o(.ARM.Collect$$libinit$$00000030)
    __rt_lib_init_fp_1                       0x00203123   Thumb Code     0  libinit2.o(.ARM.Collect$$libinit$$00000002)
    __rt_lib_init_fp_trap_1                  0x00203123   Thumb Code     0  libinit2.o(.ARM.Collect$$libinit$$0000001F)
    __rt_lib_init_getenv_1                   0x00203123   Thumb Code     0  libinit2.o(.ARM.Collect$$libinit$$00000023)
    __rt_lib_init_heap_1                     0x00203123   Thumb Code     0  libinit2.o(.ARM.Collect$$libinit$$0000000A)
    __rt_lib_init_lc_collate_1               0x00203123   Thumb Code     0  libinit2.o(.ARM.Collect$$libinit$$00000011)
    __rt_lib_init_lc_ctype_1                 0x00203123   Thumb Code     0  libinit2.o(.ARM.Collect$$libinit$$00000013)
    __rt_lib_init_lc_monetary_1              0x00203123   Thumb Code     0  libinit2.o(.ARM.Collect$$libinit$$00000015)
    __rt_lib_init_lc_numeric_1               0x00203123   Thumb Code     0  libinit2.o(.ARM.Collect$$libinit$$00000017)
    __rt_lib_init_lc_time_1                  0x00203123   Thumb Code     0  libinit2.o(.ARM.Collect$$libinit$$00000019)
    __rt_lib_init_preinit_1                  0x00203123   Thumb Code     0  libinit2.o(.ARM.Collect$$libinit$$00000004)
    __rt_lib_init_rand_1                     0x00203123   Thumb Code     0  libinit2.o(.ARM.Collect$$libinit$$0000000E)
    __rt_lib_init_return                     0x00203123   Thumb Code     0  libinit2.o(.ARM.Collect$$libinit$$00000033)
    __rt_lib_init_signal_1                   0x00203123   Thumb Code     0  libinit2.o(.ARM.Collect$$libinit$$0000001D)
    __rt_lib_init_stdio_1                    0x00203123   Thumb Code     0  libinit2.o(.ARM.Collect$$libinit$$00000025)
    __rt_lib_init_user_alloc_1               0x00203123   Thumb Code     0  libinit2.o(.ARM.Collect$$libinit$$0000000C)
    __rt_lib_shutdown                        0x00203125   Thumb Code     0  libshutdown.o(.ARM.Collect$$libshutdown$$00000000)
    __rt_lib_shutdown_cpp_1                  0x00203127   Thumb Code     0  libshutdown2.o(.ARM.Collect$$libshutdown$$00000002)
    __rt_lib_shutdown_fp_trap_1              0x00203127   Thumb Code     0  libshutdown2.o(.ARM.Collect$$libshutdown$$00000007)
    __rt_lib_shutdown_heap_1                 0x00203127   Thumb Code     0  libshutdown2.o(.ARM.Collect$$libshutdown$$0000000F)
    __rt_lib_shutdown_return                 0x00203127   Thumb Code     0  libshutdown2.o(.ARM.Collect$$libshutdown$$00000010)
    __rt_lib_shutdown_signal_1               0x00203127   Thumb Code     0  libshutdown2.o(.ARM.Collect$$libshutdown$$0000000A)
    __rt_lib_shutdown_stdio_1                0x00203127   Thumb Code     0  libshutdown2.o(.ARM.Collect$$libshutdown$$00000004)
    __rt_lib_shutdown_user_alloc_1           0x00203127   Thumb Code     0  libshutdown2.o(.ARM.Collect$$libshutdown$$0000000C)
    __rt_entry                               0x00203129   Thumb Code     0  __rtentry.o(.ARM.Collect$$rtentry$$00000000)
    __rt_entry_presh_1                       0x00203129   Thumb Code     0  __rtentry2.o(.ARM.Collect$$rtentry$$00000002)
    __rt_entry_sh                            0x00203129   Thumb Code     0  __rtentry4.o(.ARM.Collect$$rtentry$$00000004)
    __rt_entry_li                            0x0020312f   Thumb Code     0  __rtentry2.o(.ARM.Collect$$rtentry$$0000000A)
    __rt_entry_postsh_1                      0x0020312f   Thumb Code     0  __rtentry2.o(.ARM.Collect$$rtentry$$00000009)
    __rt_entry_main                          0x00203133   Thumb Code     0  __rtentry2.o(.ARM.Collect$$rtentry$$0000000D)
    __rt_entry_postli_1                      0x00203133   Thumb Code     0  __rtentry2.o(.ARM.Collect$$rtentry$$0000000C)
    __rt_exit                                0x0020313b   Thumb Code     0  rtexit.o(.ARM.Collect$$rtexit$$00000000)
    __rt_exit_ls                             0x0020313d   Thumb Code     0  rtexit2.o(.ARM.Collect$$rtexit$$00000003)
    __rt_exit_prels_1                        0x0020313d   Thumb Code     0  rtexit2.o(.ARM.Collect$$rtexit$$00000002)
    __rt_exit_exit                           0x00203141   Thumb Code     0  rtexit2.o(.ARM.Collect$$rtexit$$00000004)
    phhalSysSer_OTP_SetSecrowLock            0x00203149   Thumb Code    26  phhalsysser_ds5.o(.emb_text)
    phhalSysSer_SetCPU_Reset                 0x00203163   Thumb Code    26  phhalsysser_ds5.o(.emb_text)
    phhalSysSer_OTP_SecrowConfig             0x0020317d   Thumb Code    26  phhalsysser_ds5.o(.emb_text)
    phhalSysSer_USB_Config                   0x00203197   Thumb Code    26  phhalsysser_ds5.o(.emb_text)
    phhalSysSer_USB_PrimaryDnldConfig        0x002031b1   Thumb Code    26  phhalsysser_ds5.o(.emb_text)
    phhalSysSer_USB_PVDD_Config              0x002031cb   Thumb Code    26  phhalsysser_ds5.o(.emb_text)
    phhalSysSer_SetFlashEEProgramTimeout     0x002031e5   Thumb Code    26  phhalsysser_ds5.o(.emb_text)
    phhalSysSer_SetFlashProgram              0x002031ff   Thumb Code    26  phhalsysser_ds5.o(.emb_text)
    phhalSysSer_GetROM_Version               0x00203219   Thumb Code    26  phhalsysser_ds5.o(.emb_text)
    phhalSysSer_GetDieID                     0x00203233   Thumb Code    26  phhalsysser_ds5.o(.emb_text)
    phhalSysSer_SetSystemServiceExtension    0x0020324d   Thumb Code    26  phhalsysser_ds5.o(.emb_text)
    phhalSysSer_CLIF_SetConfig               0x00203267   Thumb Code    26  phhalsysser_ds5.o(.emb_text)
    phhalSysSer_CLIF_CardModeActivate        0x00203281   Thumb Code    26  phhalsysser_ds5.o(.emb_text)
    phhalSysSer_CLIF_MF_Authenticate         0x0020329b   Thumb Code    26  phhalsysser_ds5.o(.emb_text)
    phhalSysSer_CLIF_Config_TxRxBuffer       0x002032b5   Thumb Code    26  phhalsysser_ds5.o(.emb_text)
    phhalSysSer_CLIF_Config_AnalogTestBus    0x002032cf   Thumb Code    26  phhalsysser_ds5.o(.emb_text)
    phhalSysSer_CLIF_Config_DigitalTestBus   0x002032e9   Thumb Code    26  phhalsysser_ds5.o(.emb_text)
    phhalSysSer_CLIF_Lock_AnalogTestBus      0x00203303   Thumb Code    26  phhalsysser_ds5.o(.emb_text)
    phhalSysSer_CLIF_Lock_DigitalTestBus     0x0020331d   Thumb Code    26  phhalsysser_ds5.o(.emb_text)
    phhalI2CM_AsmFill_OR_CopyFifo            0x00203339   Thumb Code    20  phhali2cm_fillcopyfifo.o(.emb_text)
    __aeabi_memcpy4                          0x0020336d   Thumb Code    56  rt_memcpy.o(.emb_text)
    __aeabi_memcpy8                          0x0020336d   Thumb Code     0  rt_memcpy.o(.emb_text)
    Reset_Handler                            0x002033a5   Thumb Code    22  startup_pn74xxxx.o(.text)
    NMI_Handler                              0x002033bb   Thumb Code     2  startup_pn74xxxx.o(.text)
    HardFault_Handler                        0x002033bd   Thumb Code     2  startup_pn74xxxx.o(.text)
    GPIO_01_IRQHandler                       0x002033c5   Thumb Code     0  startup_pn74xxxx.o(.text)
    GPIO_02_IRQHandler                       0x002033c5   Thumb Code     0  startup_pn74xxxx.o(.text)
    GPIO_03_IRQHandler                       0x002033c5   Thumb Code     0  startup_pn74xxxx.o(.text)
    GPIO_04_IRQHandler                       0x002033c5   Thumb Code     0  startup_pn74xxxx.o(.text)
    GPIO_05_IRQHandler                       0x002033c5   Thumb Code     0  startup_pn74xxxx.o(.text)
    GPIO_06_IRQHandler                       0x002033c5   Thumb Code     0  startup_pn74xxxx.o(.text)
    GPIO_07_IRQHandler                       0x002033c5   Thumb Code     0  startup_pn74xxxx.o(.text)
    GPIO_08_IRQHandler                       0x002033c5   Thumb Code     0  startup_pn74xxxx.o(.text)
    GPIO_09_IRQHandler                       0x002033c5   Thumb Code     0  startup_pn74xxxx.o(.text)
    GPIO_10_IRQHandler                       0x002033c5   Thumb Code     0  startup_pn74xxxx.o(.text)
    GPIO_11_IRQHandler                       0x002033c5   Thumb Code     0  startup_pn74xxxx.o(.text)
    GPIO_12_IRQHandler                       0x002033c5   Thumb Code     0  startup_pn74xxxx.o(.text)
    GPIO_Common_IRQHandler                   0x002033c5   Thumb Code     0  startup_pn74xxxx.o(.text)
    RF_IRQHandler                            0x002033c5   Thumb Code     0  startup_pn74xxxx.o(.text)
    __user_initial_stackheap                 0x002033c9   Thumb Code     0  startup_pn74xxxx.o(.text)
    __aeabi_memcpy                           0x002033ed   Thumb Code   130  rt_memcpy.o(.text)
    __rt_memcpy                              0x002033ed   Thumb Code     0  rt_memcpy.o(.text)
    __aeabi_memset                           0x0020346f   Thumb Code    18  aeabi_memset.o(.text)
    _memset_w                                0x00203481   Thumb Code    26  rt_memclr.o(.text)
    _memset                                  0x0020349b   Thumb Code    30  rt_memclr.o(.text)
    __aeabi_memclr                           0x002034b9   Thumb Code     4  rt_memclr.o(.text)
    __rt_memclr                              0x002034b9   Thumb Code     0  rt_memclr.o(.text)
    __aeabi_memclr4                          0x002034bd   Thumb Code     0  rt_memclr.o(.text)
    __aeabi_memclr8                          0x002034bd   Thumb Code     0  rt_memclr.o(.text)
    __rt_memclr_w                            0x002034bd   Thumb Code     4  rt_memclr.o(.text)
    __aeabi_uread4                           0x002034c1   Thumb Code    34  uread4.o(.text)
    __rt_uread4                              0x002034c1   Thumb Code     0  uread4.o(.text)
    __aeabi_uidiv                            0x002034e3   Thumb Code     0  aeabi_sdiv.o(.text)
    __aeabi_uidivmod                         0x002034e3   Thumb Code    20  aeabi_sdiv.o(.text)
    __aeabi_idiv                             0x002034f7   Thumb Code     0  aeabi_sdiv.o(.text)
    __aeabi_idivmod                          0x002034f7   Thumb Code   326  aeabi_sdiv.o(.text)
    __use_two_region_memory                  0x0020363d   Thumb Code     2  heapauxi.o(.text)
    __rt_heap_escrow$2region                 0x0020363f   Thumb Code     2  heapauxi.o(.text)
    __rt_heap_expand$2region                 0x00203641   Thumb Code     2  heapauxi.o(.text)
    __user_setup_stackheap                   0x00203643   Thumb Code    62  sys_stackheap_outer.o(.text)
    exit                                     0x00203681   Thumb Code    16  exit.o(.text)
    __user_libspace                          0x00203691   Thumb Code     8  libspace.o(.text)
    __user_perproc_libspace                  0x00203691   Thumb Code     0  libspace.o(.text)
    __user_perthread_libspace                0x00203691   Thumb Code     0  libspace.o(.text)
    _sys_exit                                0x00203699   Thumb Code     8  sys_exit.o(.text)
    __I$use$semihosting                      0x002036a5   Thumb Code     0  use_no_semi.o(.text)
    __use_no_semihosting_swi                 0x002036a5   Thumb Code     2  use_no_semi.o(.text)
    __decompress                             0x002036a7   Thumb Code     0  __dczerorl.o(.text)
    __decompress0                            0x002036a7   Thumb Code    58  __dczerorl.o(.text)
    __semihosting_library_function           0x002036a7   Thumb Code     0  indicate_semi.o(.text)
    CTIF_IRQHandler                          0x002036e1   Thumb Code   548  phhalct.o(i.CTIF_IRQHandler)
    HIF_IRQHandler                           0x00203911   Thumb Code   126  phhalhif.o(i.HIF_IRQHandler)
    I2CM_IRQHandler                          0x002039a9   Thumb Code   262  phhali2cm.o(i.I2CM_IRQHandler)
    PCR_IRQHandler                           0x00203ac5   Thumb Code   134  phhalpcr.o(i.PCR_IRQHandler)
    PMU_IRQHandler                           0x00203b5d   Thumb Code    70  phhalpmu.o(i.PMU_IRQHandler)
    PendSV_Handler                           0x00203bb1   Thumb Code    20  phrtos_nortos.o(i.PendSV_Handler)
    SPIM_IRQHandler                          0x00203bc9   Thumb Code    44  phhalspim.o(i.SPIM_IRQHandler)
    SVC_Handler                              0x00203c05   Thumb Code    20  phrtos_nortos.o(i.SVC_Handler)
    SysTick_Handler                          0x00203c1d   Thumb Code    56  phrtos_nortos.o(i.SysTick_Handler)
    SystemInit                               0x00203c5d   Thumb Code     8  system_pn74xxxx.o(i.SystemInit)
    TIMER_IRQHandler                         0x00203c6d   Thumb Code    90  phhaltimer.o(i.TIMER_IRQHandler)
    __ARM_common_switch8                     0x00203cd1   Thumb Code    26  phexhif_hw.o(i.__ARM_common_switch8)
    main                                     0x00203ced   Thumb Code   104  phexhif.o(i.main)
    phExHif_Hw_DeInit                        0x00203f15   Thumb Code    70  phexhif_hw.o(i.phExHif_Hw_DeInit)
    phExHif_Hw_HostInterface_Receive         0x00203fbd   Thumb Code    50  phexhif_hw.o(i.phExHif_Hw_HostInterface_Receive)
    phExHif_Hw_InPort_Init                   0x00203ff5   Thumb Code   218  phexhif_hw.o(i.phExHif_Hw_InPort_Init)
    phExHif_Hw_OutPort_Init                  0x002040e5   Thumb Code   262  phexhif_hw.o(i.phExHif_Hw_OutPort_Init)
    phExHif_Hw_Transmit                      0x00204249   Thumb Code   280  phexhif_hw.o(i.phExHif_Hw_Transmit)
    phFlashBoot_GetBtRns                     0x002043a9   Thumb Code    42  phflashboot.o(i.phFlashBoot_GetBtRns)
    phFlashBoot_Main                         0x00204535   Thumb Code    34  phflashboot.o(i.phFlashBoot_Main)
    phLED_Init                               0x0020473d   Thumb Code    48  phled.o(i.phLED_Init)
    phLED_SetStatus                          0x00204779   Thumb Code    90  phled.o(i.phLED_SetStatus)
    phRtos_EventGroupCreate                  0x002048a9   Thumb Code    80  phrtos_nortos.o(i.phRtos_EventGroupCreate)
    phRtos_Initialize                        0x00204901   Thumb Code    42  phrtos_nortos.o(i.phRtos_Initialize)
    phRtos_NoRtos_EventGroupClearBits        0x00204931   Thumb Code    50  phrtos_nortos.o(i.phRtos_NoRtos_EventGroupClearBits)
    phRtos_NoRtos_EventGroupSetBits          0x00204969   Thumb Code    54  phrtos_nortos.o(i.phRtos_NoRtos_EventGroupSetBits)
    phRtos_NoRtos_EventGroupWaitBits         0x002049a5   Thumb Code   112  phrtos_nortos.o(i.phRtos_NoRtos_EventGroupWaitBits)
    phUser_MemCpy                            0x00204a59   Thumb Code    24  phuser.o(i.phUser_MemCpy)
    phUser_MemSet                            0x00204a71   Thumb Code    30  phuser.o(i.phUser_MemSet)
    phUser_Wait                              0x00204a91   Thumb Code    18  phuser.o(i.phUser_Wait)
    phUser_WaitInit                          0x00204aa9   Thumb Code    28  phuser.o(i.phUser_WaitInit)
    phhalClkGen_Clk27m12Detect               0x00204ac9   Thumb Code   144  phhalclkgen.o(i.phhalClkGen_Clk27m12Detect)
    phhalClkGen_DeInit                       0x00204b65   Thumb Code    36  phhalclkgen.o(i.phhalClkGen_DeInit)
    phhalClkGen_Init                         0x00204b99   Thumb Code    90  phhalclkgen.o(i.phhalClkGen_Init)
    phhalCt_AsyncShutDown                    0x00204cf5   Thumb Code    12  phhalct.o(i.phhalCt_AsyncShutDown)
    phhalCt_CardActivate                     0x00204e55   Thumb Code   200  phhalct_activate.o(i.phhalCt_CardActivate)
    phhalCt_CardDeactivate                   0x00204f41   Thumb Code    72  phhalct_activate.o(i.phhalCt_CardDeactivate)
    phhalCt_CheckCardPres                    0x00204fc5   Thumb Code    34  phhalct.o(i.phhalCt_CheckCardPres)
    phhalCt_ClearGLobalVar                   0x00205019   Thumb Code    32  phhalct_common.o(i.phhalCt_ClearGLobalVar)
    phhalCt_DeInit                           0x00205055   Thumb Code    84  phhalct.o(i.phhalCt_DeInit)
    phhalCt_Event_Consume                    0x002050bd   Thumb Code    26  phhalct_event.o(i.phhalCt_Event_Consume)
    phhalCt_Event_Deinit                     0x002050e1   Thumb Code    22  phhalct_event.o(i.phhalCt_Event_Deinit)
    phhalCt_Event_Init                       0x00205101   Thumb Code    24  phhalct_event.o(i.phhalCt_Event_Init)
    phhalCt_Event_Post                       0x00205121   Thumb Code    36  phhalct_event.o(i.phhalCt_Event_Post)
    phhalCt_Event_WaitAny                    0x0020514d   Thumb Code    76  phhalct_event.o(i.phhalCt_Event_WaitAny)
    phhalCt_GetBufferPointer                 0x002051a1   Thumb Code     8  phhalct_transceive.o(i.phhalCt_GetBufferPointer)
    phhalCt_HandleCommonEvent                0x00205281   Thumb Code   126  phhalct_common.o(i.phhalCt_HandleCommonEvent)
    phhalCt_Init                             0x00205345   Thumb Code    64  phhalct.o(i.phhalCt_Init)
    phhalCt_PPSRequestHandling               0x0020543d   Thumb Code   194  phhalct_transceive.o(i.phhalCt_PPSRequestHandling)
    phhalCt_Receive                          0x0020594d   Thumb Code   442  phhalct_transceive.o(i.phhalCt_Receive)
    phhalCt_Reset                            0x00205b39   Thumb Code    32  phhalct.o(i.phhalCt_Reset)
    phhalCt_SetBaudRate                      0x00205b61   Thumb Code   108  phhalct_common.o(i.phhalCt_SetBaudRate)
    phhalCt_SetDefaultValues                 0x00205bd9   Thumb Code    96  phhalct_common.o(i.phhalCt_SetDefaultValues)
    phhalCt_SetTimer                         0x00205c49   Thumb Code   112  phhalct_common.o(i.phhalCt_SetTimer)
    phhalCt_Transmit                         0x00205ccd   Thumb Code   542  phhalct_transceive.o(i.phhalCt_Transmit)
    phhalCt_WarmReset                        0x00205fa5   Thumb Code   146  phhalct_activate.o(i.phhalCt_WarmReset)
    phhalFlash_Init                          0x0020605d   Thumb Code    60  phhalflash.o(i.phhalFlash_Init)
    phhalFlash_WritePage                     0x00206099   Thumb Code     8  phhalflash.o(i.phhalFlash_WritePage)
    phhalHif_Init                            0x002060a1   Thumb Code    70  phhalhif.o(i.phhalHif_Init)
    phhalHif_InitRxBuffer                    0x002060f5   Thumb Code    72  phhalhif.o(i.phhalHif_InitRxBuffer)
    phhalHif_ReleaseRxBuffer                 0x0020614d   Thumb Code    28  phhalhif.o(i.phhalHif_ReleaseRxBuffer)
    phhalHif_Transmit                        0x00206171   Thumb Code    64  phhalhif.o(i.phhalHif_Transmit)
    phhalI2CM_DeInit                         0x002061f9   Thumb Code    32  phhali2cm.o(i.phhalI2CM_DeInit)
    phhalI2CM_EventHandler                   0x00206221   Thumb Code    22  phhali2cm_event.o(i.phhalI2CM_EventHandler)
    phhalI2CM_EventRegister                  0x00206241   Thumb Code    24  phhali2cm_event.o(i.phhalI2CM_EventRegister)
    phhalI2CM_EventUnRegister                0x00206261   Thumb Code    10  phhali2cm_event.o(i.phhalI2CM_EventUnRegister)
    phhalI2CM_EventWait                      0x00206271   Thumb Code    34  phhali2cm_event.o(i.phhalI2CM_EventWait)
    phhalI2CM_Init                           0x00206301   Thumb Code    40  phhali2cm.o(i.phhalI2CM_Init)
    phhalI2CM_Start                          0x002063f9   Thumb Code   104  phhali2cm.o(i.phhalI2CM_Start)
    phhalI2CM_Transmit                       0x00206475   Thumb Code    32  phhali2cm.o(i.phhalI2CM_Transmit)
    phhalPcr_ConfigInput                     0x002065d9   Thumb Code    80  phhalgpio.o(i.phhalPcr_ConfigInput)
    phhalPcr_ConfigPuPd                      0x00206639   Thumb Code    32  phhalgpio.o(i.phhalPcr_ConfigPuPd)
    phhalPcr_EnterLowPowerMode               0x002067dd   Thumb Code   106  phhalpcr.o(i.phhalPcr_EnterLowPowerMode)
    phhalPcr_GpioInit                        0x00206851   Thumb Code   146  phhalgpio.o(i.phhalPcr_GpioInit)
    phhalPcr_Init                            0x002068ed   Thumb Code   152  phhalpcr.o(i.phhalPcr_Init)
    phhalPmu_TxLdoInit                       0x00206cd5   Thumb Code    44  phhalpmu.o(i.phhalPmu_TxLdoInit)
    phhalPmu_TxLdoStandby                    0x00206ddd   Thumb Code   104  phhalpmu.o(i.phhalPmu_TxLdoStandby)
    phhalPmu_TxLdoStart                      0x00206e55   Thumb Code   140  phhalpmu.o(i.phhalPmu_TxLdoStart)
    phhalPmu_TxLdoStop                       0x00206eed   Thumb Code    52  phhalpmu.o(i.phhalPmu_TxLdoStop)
    phhalSPIM_Configure                      0x00206f29   Thumb Code   102  phhalspim.o(i.phhalSPIM_Configure)
    phhalSPIM_DeInit                         0x00206f9d   Thumb Code    40  phhalspim.o(i.phhalSPIM_DeInit)
    phhalSPIM_EventHandler                   0x00206fcd   Thumb Code    24  phhalspim_event.o(i.phhalSPIM_EventHandler)
    phhalSPIM_EventRegister                  0x00206fed   Thumb Code    24  phhalspim_event.o(i.phhalSPIM_EventRegister)
    phhalSPIM_EventUnRegister                0x0020700d   Thumb Code    10  phhalspim_event.o(i.phhalSPIM_EventUnRegister)
    phhalSPIM_EventWait                      0x0020701d   Thumb Code    50  phhalspim_event.o(i.phhalSPIM_EventWait)
    phhalSPIM_Init                           0x0020705d   Thumb Code    54  phhalspim.o(i.phhalSPIM_Init)
    phhalSPIM_Transmit                       0x002070a1   Thumb Code    56  phhalspim.o(i.phhalSPIM_Transmit)
    phhalTimer_Init                          0x002070e5   Thumb Code     6  phhaltimer.o(i.phhalTimer_Init)
    phpalCt_ActivateCard                     0x002070f5   Thumb Code   194  phpalct.o(i.phpalCt_ActivateCard)
    phpalCt_Init                             0x00207485   Thumb Code    22  phpalct.o(i.phpalCt_Init)
    phpalCt_SetProtocol                      0x0020774d   Thumb Code    38  phpalct.o(i.phpalCt_SetProtocol)
    phpalCt_T0_Transcieve                    0x00207781   Thumb Code   120  phpalct_t0.o(i.phpalCt_T0_Transcieve)
    phpalCt_T1_DeInit                        0x00207931   Thumb Code    38  phpalct_t1.o(i.phpalCt_T1_DeInit)
    phpalCt_T1_Init                          0x00207965   Thumb Code    52  phpalct_t1.o(i.phpalCt_T1_Init)
    phpalCt_T1_Transcieve                    0x002079a5   Thumb Code   704  phpalct_t1.o(i.phpalCt_T1_Transcieve)
    phpalCt_Transceive                       0x00207c75   Thumb Code    36  phpalct.o(i.phpalCt_Transceive)
    gpkphCfg_EE_ErrorMem_Err                 0x00208128   Data           4  phcfg_ee.o(.constdata)
    gpkphCfg_EE_Ctrl_VerInfo                 0x0020812c   Data           4  phcfg_ee.o(.constdata)
    gpkphCfg_EE_Boot_RNG                     0x00208130   Data           4  phcfg_ee.o(.constdata)
    gpkphCfg_EE_Boot_ClkGen                  0x00208134   Data           4  phcfg_ee.o(.constdata)
    gpkphCfg_EE_Boot_PcrPwrTempConfig        0x00208138   Data           4  phcfg_ee.o(.constdata)
    gpkphCfg_EE_Boot_PcrPwrDown              0x0020813c   Data           4  phcfg_ee.o(.constdata)
    gpkphCfg_EE_Boot_TxAnaStandByConfig      0x00208140   Data           4  phcfg_ee.o(.constdata)
    gpkphCfg_EE_Boot_EEPROM                  0x00208144   Data           4  phcfg_ee.o(.constdata)
    gpkphCfg_EE_Boot_FLASH                   0x00208148   Data           4  phcfg_ee.o(.constdata)
    gpkphCfg_EE_Boot_TxLdoParams             0x0020814c   Data           4  phcfg_ee.o(.constdata)
    gpkphCfg_EE_Boot_CT                      0x00208150   Data           4  phcfg_ee.o(.constdata)
    gpkphCfg_EE_Boot_GPIO                    0x00208154   Data           4  phcfg_ee.o(.constdata)
    gpkphCfg_EE_HW_I2CM                      0x00208158   Data           4  phcfg_ee.o(.constdata)
    gpkphCfg_EE_HW_SPIM                      0x0020815c   Data           4  phcfg_ee.o(.constdata)
    gpkphCfg_EE_HW_HIF                       0x00208160   Data           4  phcfg_ee.o(.constdata)
    gkphLED_BootUp                           0x00208164   Data           6  phled.o(.constdata)
    gkphhalCt_BPreScalar                     0x0020816a   Data         648  phhalct.o(.constdata)
    Region$$Table$$Base                      0x00208414   Number         0  anon$$obj.o(Region$$Table)
    Region$$Table$$Limit                     0x00208434   Number         0  anon$$obj.o(Region$$Table)



==============================================================================

Memory Map of the image

  Image Entry point : 0x002030c1

  Load Region LR_IROM1 (Base: 0x00203000, Size: 0x00005ca4, Max: 0x00027800, ABSOLUTE, COMPRESSED[0x0000544c])

    Execution Region RW_IRAM1 (Exec base: 0x00100020, Load base: 0x00208434, Size: 0x00001d28, Max: 0x00002ee0, ABSOLUTE, COMPRESSED[0x00000018])

    Exec Addr    Load Addr    Size         Type   Attr      Idx    E Section Name        Object

    0x00100020   COMPRESSED   0x00000004   Data   RW          326    .data               phuser.o
    0x00100024   COMPRESSED   0x00000010   Data   RW          690    .data               phhalpmu.o
    0x00100034   COMPRESSED   0x00000005   Data   RW          969    .data               phpalct.o
    0x00100039   COMPRESSED   0x00000003   PAD
    0x0010003c   COMPRESSED   0x00000010   Data   RW         1044    .data               phpalct_t0.o
    0x0010004c   COMPRESSED   0x00000014   Data   RW         1101    .data               phpalct_t1.o
    0x00100060   COMPRESSED   0x00000008   Data   RW         1188    .data               phhalct.o
    0x00100068   COMPRESSED   0x00000004   Data   RW         1404    .data               phhalct_event.o
    0x0010006c   COMPRESSED   0x00000010   Data   RW         1481    .data               phhalhif.o
    0x0010007c   COMPRESSED   0x0000000a   Data   RW         1606    .data               phhali2cm.o
    0x00100086   COMPRESSED   0x00000002   PAD
    0x00100088   COMPRESSED   0x00000010   Data   RW         1750    .data               phhalspim.o
    0x00100098   COMPRESSED   0x00000004   Data   RW         1855    .data               system_pn74xxxx.o
    0x0010009c   COMPRESSED   0x00000006   Data   RW          245    .noinit             phhalclkgen.o
    0x001000a2   COMPRESSED   0x00000002   PAD
    0x001000a4   COMPRESSED   0x00000004   Data   RW          327    .noinit             phuser.o
    0x001000a8   COMPRESSED   0x00000008   Data   RW          396    .noinit             phled.o
    0x001000b0   COMPRESSED   0x00000084   Data   RW          464    .noinit             phhalpcr.o
    0x00100134   COMPRESSED   0x00000530   Data   RW          599    .noinit             phexhif_hw.o
    0x00100664   COMPRESSED   0x000000a4   Data   RW          789    .noinit             phrtos_nortos.o
    0x00100708   COMPRESSED   0x0000004b   Data   RW          922    .noinit             phhaltimer.o
    0x00100753   COMPRESSED   0x00000001   PAD
    0x00100754   COMPRESSED   0x0000011d   Data   RW         1189    .noinit             phhalct.o
    0x00100871   COMPRESSED   0x00000001   Data   RW         1190    .noinit             phhalct.o
    0x00100872   COMPRESSED   0x00000002   PAD
    0x00100874   COMPRESSED   0x00000004   Data   RW         1191    .noinit             phhalct.o
    0x00100878   COMPRESSED   0x00000004   Data   RW         1192    .noinit             phhalct.o
    0x0010087c   COMPRESSED   0x00000001   Data   RW         1193    .noinit             phhalct.o
    0x0010087d   COMPRESSED   0x00000001   Data   RW         1194    .noinit             phhalct.o
    0x0010087e   COMPRESSED   0x00000002   Data   RW         1195    .noinit             phhalct.o
    0x00100880   COMPRESSED   0x00000008   Data   RW         1703    .noinit             phhali2cm_event.o
    0x00100888   COMPRESSED   0x00000008   Data   RW         1819    .noinit             phhalspim_event.o
    0x00100890        -       0x00000060   Zero   RW         1480    .bss                phhalhif.o
    0x001008f0        -       0x00000070   Zero   RW         1604    .bss                phhali2cm.o
    0x00100960        -       0x00000060   Zero   RW         1934    .bss                c_p.l(libspace.o)
    0x001009c0        -       0x00001388   Zero   RW         1847    HEAP                startup_pn74xxxx.o


    Execution Region ER_IROM1 (Exec base: 0x00203000, Load base: 0x00203000, Size: 0x00005434, Max: 0x00027800, ABSOLUTE)

    Exec Addr    Load Addr    Size         Type   Attr      Idx    E Section Name        Object

    0x00203000   0x00203000   0x000000c0   Data   RO         1848    RESET               startup_pn74xxxx.o
    0x002030c0   0x002030c0   0x00000008   Code   RO         1894  * !!!main             c_p.l(__main.o)
    0x002030c8   0x002030c8   0x0000003c   Code   RO         2065    !!!scatter          c_p.l(__scatter.o)
    0x00203104   0x00203104   0x0000001c   Code   RO         2067    !!handler_zi        c_p.l(__scatter_zi.o)
    0x00203120   0x00203120   0x00000002   Code   RO         1932    .ARM.Collect$$libinit$$00000000  c_p.l(libinit.o)
    0x00203122   0x00203122   0x00000000   Code   RO         1946    .ARM.Collect$$libinit$$00000002  c_p.l(libinit2.o)
    0x00203122   0x00203122   0x00000000   Code   RO         1948    .ARM.Collect$$libinit$$00000004  c_p.l(libinit2.o)
    0x00203122   0x00203122   0x00000000   Code   RO         1951    .ARM.Collect$$libinit$$0000000A  c_p.l(libinit2.o)
    0x00203122   0x00203122   0x00000000   Code   RO         1953    .ARM.Collect$$libinit$$0000000C  c_p.l(libinit2.o)
    0x00203122   0x00203122   0x00000000   Code   RO         1955    .ARM.Collect$$libinit$$0000000E  c_p.l(libinit2.o)
    0x00203122   0x00203122   0x00000000   Code   RO         1958    .ARM.Collect$$libinit$$00000011  c_p.l(libinit2.o)
    0x00203122   0x00203122   0x00000000   Code   RO         1960    .ARM.Collect$$libinit$$00000013  c_p.l(libinit2.o)
    0x00203122   0x00203122   0x00000000   Code   RO         1962    .ARM.Collect$$libinit$$00000015  c_p.l(libinit2.o)
    0x00203122   0x00203122   0x00000000   Code   RO         1964    .ARM.Collect$$libinit$$00000017  c_p.l(libinit2.o)
    0x00203122   0x00203122   0x00000000   Code   RO         1966    .ARM.Collect$$libinit$$00000019  c_p.l(libinit2.o)
    0x00203122   0x00203122   0x00000000   Code   RO         1968    .ARM.Collect$$libinit$$0000001B  c_p.l(libinit2.o)
    0x00203122   0x00203122   0x00000000   Code   RO         1970    .ARM.Collect$$libinit$$0000001D  c_p.l(libinit2.o)
    0x00203122   0x00203122   0x00000000   Code   RO         1972    .ARM.Collect$$libinit$$0000001F  c_p.l(libinit2.o)
    0x00203122   0x00203122   0x00000000   Code   RO         1974    .ARM.Collect$$libinit$$00000021  c_p.l(libinit2.o)
    0x00203122   0x00203122   0x00000000   Code   RO         1976    .ARM.Collect$$libinit$$00000023  c_p.l(libinit2.o)
    0x00203122   0x00203122   0x00000000   Code   RO         1978    .ARM.Collect$$libinit$$00000025  c_p.l(libinit2.o)
    0x00203122   0x00203122   0x00000000   Code   RO         1982    .ARM.Collect$$libinit$$0000002C  c_p.l(libinit2.o)
    0x00203122   0x00203122   0x00000000   Code   RO         1984    .ARM.Collect$$libinit$$0000002E  c_p.l(libinit2.o)
    0x00203122   0x00203122   0x00000000   Code   RO         1986    .ARM.Collect$$libinit$$00000030  c_p.l(libinit2.o)
    0x00203122   0x00203122   0x00000000   Code   RO         1988    .ARM.Collect$$libinit$$00000032  c_p.l(libinit2.o)
    0x00203122   0x00203122   0x00000002   Code   RO         1989    .ARM.Collect$$libinit$$00000033  c_p.l(libinit2.o)
    0x00203124   0x00203124   0x00000002   Code   RO         2020    .ARM.Collect$$libshutdown$$00000000  c_p.l(libshutdown.o)
    0x00203126   0x00203126   0x00000000   Code   RO         2046    .ARM.Collect$$libshutdown$$00000002  c_p.l(libshutdown2.o)
    0x00203126   0x00203126   0x00000000   Code   RO         2048    .ARM.Collect$$libshutdown$$00000004  c_p.l(libshutdown2.o)
    0x00203126   0x00203126   0x00000000   Code   RO         2051    .ARM.Collect$$libshutdown$$00000007  c_p.l(libshutdown2.o)
    0x00203126   0x00203126   0x00000000   Code   RO         2054    .ARM.Collect$$libshutdown$$0000000A  c_p.l(libshutdown2.o)
    0x00203126   0x00203126   0x00000000   Code   RO         2056    .ARM.Collect$$libshutdown$$0000000C  c_p.l(libshutdown2.o)
    0x00203126   0x00203126   0x00000000   Code   RO         2059    .ARM.Collect$$libshutdown$$0000000F  c_p.l(libshutdown2.o)
    0x00203126   0x00203126   0x00000002   Code   RO         2060    .ARM.Collect$$libshutdown$$00000010  c_p.l(libshutdown2.o)
    0x00203128   0x00203128   0x00000000   Code   RO         1896    .ARM.Collect$$rtentry$$00000000  c_p.l(__rtentry.o)
    0x00203128   0x00203128   0x00000000   Code   RO         1902    .ARM.Collect$$rtentry$$00000002  c_p.l(__rtentry2.o)
    0x00203128   0x00203128   0x00000006   Code   RO         1914    .ARM.Collect$$rtentry$$00000004  c_p.l(__rtentry4.o)
    0x0020312e   0x0020312e   0x00000000   Code   RO         1904    .ARM.Collect$$rtentry$$00000009  c_p.l(__rtentry2.o)
    0x0020312e   0x0020312e   0x00000004   Code   RO         1905    .ARM.Collect$$rtentry$$0000000A  c_p.l(__rtentry2.o)
    0x00203132   0x00203132   0x00000000   Code   RO         1907    .ARM.Collect$$rtentry$$0000000C  c_p.l(__rtentry2.o)
    0x00203132   0x00203132   0x00000008   Code   RO         1908    .ARM.Collect$$rtentry$$0000000D  c_p.l(__rtentry2.o)
    0x0020313a   0x0020313a   0x00000002   Code   RO         1937    .ARM.Collect$$rtexit$$00000000  c_p.l(rtexit.o)
    0x0020313c   0x0020313c   0x00000000   Code   RO         1993    .ARM.Collect$$rtexit$$00000002  c_p.l(rtexit2.o)
    0x0020313c   0x0020313c   0x00000004   Code   RO         1994    .ARM.Collect$$rtexit$$00000003  c_p.l(rtexit2.o)
    0x00203140   0x00203140   0x00000006   Code   RO         1995    .ARM.Collect$$rtexit$$00000004  c_p.l(rtexit2.o)
    0x00203146   0x00203146   0x00000002   PAD
    0x00203148   0x00203148   0x000001ee   Code   RO          907    .emb_text           phhalsysser_ds5.o
    0x00203336   0x00203336   0x00000002   PAD
    0x00203338   0x00203338   0x00000034   Code   RO         1731    .emb_text           phhali2cm_fillcopyfifo.o
    0x0020336c   0x0020336c   0x00000038   Code   RO         1878    .emb_text           c_p.l(rt_memcpy.o)
    0x002033a4   0x002033a4   0x00000048   Code   RO         1849    .text               startup_pn74xxxx.o
    0x002033ec   0x002033ec   0x00000082   Code   RO         1879    .text               c_p.l(rt_memcpy.o)
    0x0020346e   0x0020346e   0x00000012   Code   RO         1882    .text               c_p.l(aeabi_memset.o)
    0x00203480   0x00203480   0x00000040   Code   RO         1884    .text               c_p.l(rt_memclr.o)
    0x002034c0   0x002034c0   0x00000022   Code   RO         1886    .text               c_p.l(uread4.o)
    0x002034e2   0x002034e2   0x0000015a   Code   RO         1888    .text               c_p.l(aeabi_sdiv.o)
    0x0020363c   0x0020363c   0x00000006   Code   RO         1892    .text               c_p.l(heapauxi.o)
    0x00203642   0x00203642   0x0000003e   Code   RO         1918    .text               c_p.l(sys_stackheap_outer.o)
    0x00203680   0x00203680   0x00000010   Code   RO         1921    .text               c_p.l(exit.o)
    0x00203690   0x00203690   0x00000008   Code   RO         1933    .text               c_p.l(libspace.o)
    0x00203698   0x00203698   0x0000000c   Code   RO         1990    .text               c_p.l(sys_exit.o)
    0x002036a4   0x002036a4   0x00000002   Code   RO         2009    .text               c_p.l(use_no_semi.o)
    0x002036a6   0x002036a6   0x00000000   Code   RO         2011    .text               c_p.l(indicate_semi.o)
    0x002036a6   0x002036a6   0x0000003a   Code   RO         2063    .text               c_p.l(__dczerorl.o)
    0x002036e0   0x002036e0   0x00000230   Code   RO         1177    i.CTIF_IRQHandler   phhalct.o
    0x00203910   0x00203910   0x00000098   Code   RO         1472    i.HIF_IRQHandler    phhalhif.o
    0x002039a8   0x002039a8   0x0000011c   Code   RO         1589    i.I2CM_IRQHandler   phhali2cm.o
    0x00203ac4   0x00203ac4   0x00000098   Code   RO          452    i.PCR_IRQHandler    phhalpcr.o
    0x00203b5c   0x00203b5c   0x00000054   Code   RO          677    i.PMU_IRQHandler    phhalpmu.o
    0x00203bb0   0x00203bb0   0x00000018   Code   RO          765    i.PendSV_Handler    phrtos_nortos.o
    0x00203bc8   0x00203bc8   0x0000003c   Code   RO         1741    i.SPIM_IRQHandler   phhalspim.o
    0x00203c04   0x00203c04   0x00000018   Code   RO          766    i.SVC_Handler       phrtos_nortos.o
    0x00203c1c   0x00203c1c   0x00000040   Code   RO          767    i.SysTick_Handler   phrtos_nortos.o
    0x00203c5c   0x00203c5c   0x00000010   Code   RO         1854    i.SystemInit        system_pn74xxxx.o
    0x00203c6c   0x00203c6c   0x00000064   Code   RO          918    i.TIMER_IRQHandler  phhaltimer.o
    0x00203cd0   0x00203cd0   0x0000001a   Code   RO          654    i.__ARM_common_switch8  phexhif_hw.o
    0x00203cea   0x00203cea   0x00000002   PAD
    0x00203cec   0x00203cec   0x00000074   Code   RO          556    i.main              phexhif.o
    0x00203d60   0x00203d60   0x00000098   Code   RO          588    i.phExHif_CtTransaction  phexhif_hw.o
    0x00203df8   0x00203df8   0x00000018   Code   RO          589    i.phExHif_GetRxDataLength  phexhif_hw.o
    0x00203e10   0x00203e10   0x000000b8   Code   RO          557    i.phExHif_HifTask   phexhif.o
    0x00203ec8   0x00203ec8   0x0000004c   Code   RO          590    i.phExHif_HostInterface_Transmit  phexhif_hw.o
    0x00203f14   0x00203f14   0x00000050   Code   RO          591    i.phExHif_Hw_DeInit  phexhif_hw.o
    0x00203f64   0x00203f64   0x00000058   Code   RO          592    i.phExHif_Hw_Generic_CallBack  phexhif_hw.o
    0x00203fbc   0x00203fbc   0x00000038   Code   RO          593    i.phExHif_Hw_HostInterface_Receive  phexhif_hw.o
    0x00203ff4   0x00203ff4   0x000000f0   Code   RO          594    i.phExHif_Hw_InPort_Init  phexhif_hw.o
    0x002040e4   0x002040e4   0x0000012c   Code   RO          595    i.phExHif_Hw_OutPort_Init  phexhif_hw.o
    0x00204210   0x00204210   0x0000001c   Code   RO          596    i.phExHif_Hw_RX0_CallBack  phexhif_hw.o
    0x0020422c   0x0020422c   0x0000001c   Code   RO          597    i.phExHif_Hw_TX_CallBack  phexhif_hw.o
    0x00204248   0x00204248   0x0000012c   Code   RO          598    i.phExHif_Hw_Transmit  phexhif_hw.o
    0x00204374   0x00204374   0x00000034   Code   RO            2    i.phFlashBoot_AssertROMVersion  phflashboot.o
    0x002043a8   0x002043a8   0x00000030   Code   RO            3    i.phFlashBoot_GetBtRns  phflashboot.o
    0x002043d8   0x002043d8   0x00000010   Code   RO            4    i.phFlashBoot_HwInit  phflashboot.o
    0x002043e8   0x002043e8   0x00000108   Code   RO            5    i.phFlashBoot_HwSetup  phflashboot.o
    0x002044f0   0x002044f0   0x00000044   Code   RO            6    i.phFlashBoot_HwTearDown  phflashboot.o
    0x00204534   0x00204534   0x00000028   Code   RO            7    i.phFlashBoot_Main  phflashboot.o
    0x0020455c   0x0020455c   0x000000fc   Code   RO            8    i.phFlashBoot_PreCheck  phflashboot.o
    0x00204658   0x00204658   0x000000d0   Code   RO            9    i.phFlashBoot_SetIntrptsPrio  phflashboot.o
    0x00204728   0x00204728   0x00000014   Code   RO           10    i.phFlashBoot_VbusLowHandler  phflashboot.o
    0x0020473c   0x0020473c   0x0000003c   Code   RO          381    i.phLED_Init        phled.o
    0x00204778   0x00204778   0x00000074   Code   RO          383    i.phLED_SetStatus   phled.o
    0x002047ec   0x002047ec   0x000000bc   Code   RO          959    i.phPalCt_ProcessActivation  phpalct.o
    0x002048a8   0x002048a8   0x00000058   Code   RO          768    i.phRtos_EventGroupCreate  phrtos_nortos.o
    0x00204900   0x00204900   0x00000030   Code   RO          769    i.phRtos_Initialize  phrtos_nortos.o
    0x00204930   0x00204930   0x00000038   Code   RO          770    i.phRtos_NoRtos_EventGroupClearBits  phrtos_nortos.o
    0x00204968   0x00204968   0x0000003c   Code   RO          771    i.phRtos_NoRtos_EventGroupSetBits  phrtos_nortos.o
    0x002049a4   0x002049a4   0x00000078   Code   RO          772    i.phRtos_NoRtos_EventGroupWaitBits  phrtos_nortos.o
    0x00204a1c   0x00204a1c   0x0000003c   Code   RO          774    i.phRtos_NoRtos_SetupSysTick  phrtos_nortos.o
    0x00204a58   0x00204a58   0x00000018   Code   RO          320    i.phUser_MemCpy     phuser.o
    0x00204a70   0x00204a70   0x0000001e   Code   RO          321    i.phUser_MemSet     phuser.o
    0x00204a8e   0x00204a8e   0x00000002   PAD
    0x00204a90   0x00204a90   0x00000018   Code   RO          323    i.phUser_Wait       phuser.o
    0x00204aa8   0x00204aa8   0x00000020   Code   RO          324    i.phUser_WaitInit   phuser.o
    0x00204ac8   0x00204ac8   0x0000009c   Code   RO          235    i.phhalClkGen_Clk27m12Detect  phhalclkgen.o
    0x00204b64   0x00204b64   0x00000034   Code   RO          236    i.phhalClkGen_DeInit  phhalclkgen.o
    0x00204b98   0x00204b98   0x0000006c   Code   RO          237    i.phhalClkGen_Init  phhalclkgen.o
    0x00204c04   0x00204c04   0x00000024   Code   RO          241    i.phhalClkGen_WaitBitSetInStatusReg  phhalclkgen.o
    0x00204c28   0x00204c28   0x00000018   Code   RO          242    i.phhalClkGen_XtalOscCheck  phhalclkgen.o
    0x00204c40   0x00204c40   0x00000040   Code   RO          243    i.phhalClkGen_XtalStart  phhalclkgen.o
    0x00204c80   0x00204c80   0x00000074   Code   RO          244    i.phhalClkGen_XtalSwKick  phhalclkgen.o
    0x00204cf4   0x00204cf4   0x0000000c   Code   RO         1178    i.phhalCt_AsyncShutDown  phhalct.o
    0x00204d00   0x00204d00   0x000000c8   Code   RO         1263    i.phhalCt_AtrParser  phhalct_activate.o
    0x00204dc8   0x00204dc8   0x0000008c   Code   RO         1358    i.phhalCt_CalculateWWTBWTCWT  phhalct_common.o
    0x00204e54   0x00204e54   0x000000ec   Code   RO         1264    i.phhalCt_CardActivate  phhalct_activate.o
    0x00204f40   0x00204f40   0x00000054   Code   RO         1265    i.phhalCt_CardDeactivate  phhalct_activate.o
    0x00204f94   0x00204f94   0x00000030   Code   RO         1266    i.phhalCt_CardDeactivateConfig  phhalct_activate.o
    0x00204fc4   0x00204fc4   0x00000030   Code   RO         1179    i.phhalCt_CheckCardPres  phhalct.o
    0x00204ff4   0x00204ff4   0x00000024   Code   RO         1267    i.phhalCt_CheckLRC  phhalct_activate.o
    0x00205018   0x00205018   0x0000003c   Code   RO         1359    i.phhalCt_ClearGLobalVar  phhalct_common.o
    0x00205054   0x00205054   0x00000068   Code   RO         1181    i.phhalCt_DeInit    phhalct.o
    0x002050bc   0x002050bc   0x00000024   Code   RO         1399    i.phhalCt_Event_Consume  phhalct_event.o
    0x002050e0   0x002050e0   0x00000020   Code   RO         1400    i.phhalCt_Event_Deinit  phhalct_event.o
    0x00205100   0x00205100   0x00000020   Code   RO         1401    i.phhalCt_Event_Init  phhalct_event.o
    0x00205120   0x00205120   0x0000002c   Code   RO         1402    i.phhalCt_Event_Post  phhalct_event.o
    0x0020514c   0x0020514c   0x00000054   Code   RO         1403    i.phhalCt_Event_WaitAny  phhalct_event.o
    0x002051a0   0x002051a0   0x0000000c   Code   RO         1437    i.phhalCt_GetBufferPointer  phhalct_transceive.o
    0x002051ac   0x002051ac   0x000000d4   Code   RO         1268    i.phhalCt_HandleAbsentChars  phhalct_activate.o
    0x00205280   0x00205280   0x0000008c   Code   RO         1360    i.phhalCt_HandleCommonEvent  phhalct_common.o
    0x0020530c   0x0020530c   0x00000036   Code   RO         1269    i.phhalCt_HandleWaitingByteError  phhalct_activate.o
    0x00205342   0x00205342   0x00000002   PAD
    0x00205344   0x00205344   0x0000004c   Code   RO         1182    i.phhalCt_Init      phhalct.o
    0x00205390   0x00205390   0x000000ac   Code   RO         1438    i.phhalCt_PPSExchangeHandling  phhalct_transceive.o
    0x0020543c   0x0020543c   0x000000d4   Code   RO         1439    i.phhalCt_PPSRequestHandling  phhalct_transceive.o
    0x00205510   0x00205510   0x000000b0   Code   RO         1270    i.phhalCt_ProcessActivation  phhalct_activate.o
    0x002055c0   0x002055c0   0x00000090   Code   RO         1271    i.phhalCt_ProcessLrc  phhalct_activate.o
    0x00205650   0x00205650   0x000000c8   Code   RO         1272    i.phhalCt_ProcessTA  phhalct_activate.o
    0x00205718   0x00205718   0x00000098   Code   RO         1273    i.phhalCt_ProcessTA2  phhalct_activate.o
    0x002057b0   0x002057b0   0x00000074   Code   RO         1274    i.phhalCt_ProcessTB  phhalct_activate.o
    0x00205824   0x00205824   0x00000058   Code   RO         1275    i.phhalCt_ProcessTC  phhalct_activate.o
    0x0020587c   0x0020587c   0x000000d0   Code   RO         1276    i.phhalCt_ProcessTD  phhalct_activate.o
    0x0020594c   0x0020594c   0x000001ec   Code   RO         1440    i.phhalCt_Receive   phhalct_transceive.o
    0x00205b38   0x00205b38   0x00000028   Code   RO         1184    i.phhalCt_Reset     phhalct.o
    0x00205b60   0x00205b60   0x00000078   Code   RO         1361    i.phhalCt_SetBaudRate  phhalct_common.o
    0x00205bd8   0x00205bd8   0x00000070   Code   RO         1362    i.phhalCt_SetDefaultValues  phhalct_common.o
    0x00205c48   0x00205c48   0x00000084   Code   RO         1363    i.phhalCt_SetTimer  phhalct_common.o
    0x00205ccc   0x00205ccc   0x0000024c   Code   RO         1441    i.phhalCt_Transmit  phhalct_transceive.o
    0x00205f18   0x00205f18   0x0000008c   Code   RO         1277    i.phhalCt_WaitForAtrBytes  phhalct_activate.o
    0x00205fa4   0x00205fa4   0x000000b8   Code   RO         1278    i.phhalCt_WarmReset  phhalct_activate.o
    0x0020605c   0x0020605c   0x0000003c   Code   RO         1533    i.phhalFlash_Init   phhalflash.o
    0x00206098   0x00206098   0x00000008   Code   RO         1536    i.phhalFlash_WritePage  phhalflash.o
    0x002060a0   0x002060a0   0x00000054   Code   RO         1475    i.phhalHif_Init     phhalhif.o
    0x002060f4   0x002060f4   0x00000058   Code   RO         1476    i.phhalHif_InitRxBuffer  phhalhif.o
    0x0020614c   0x0020614c   0x00000024   Code   RO         1477    i.phhalHif_ReleaseRxBuffer  phhalhif.o
    0x00206170   0x00206170   0x0000004c   Code   RO         1479    i.phhalHif_Transmit  phhalhif.o
    0x002061bc   0x002061bc   0x0000003c   Code   RO         1590    i.phhalI2CM_Cleanup  phhali2cm.o
    0x002061f8   0x002061f8   0x00000028   Code   RO         1591    i.phhalI2CM_DeInit  phhali2cm.o
    0x00206220   0x00206220   0x00000020   Code   RO         1699    i.phhalI2CM_EventHandler  phhali2cm_event.o
    0x00206240   0x00206240   0x00000020   Code   RO         1700    i.phhalI2CM_EventRegister  phhali2cm_event.o
    0x00206260   0x00206260   0x00000010   Code   RO         1701    i.phhalI2CM_EventUnRegister  phhali2cm_event.o
    0x00206270   0x00206270   0x0000002c   Code   RO         1702    i.phhalI2CM_EventWait  phhali2cm_event.o
    0x0020629c   0x0020629c   0x00000064   Code   RO         1592    i.phhalI2CM_FillFifo  phhali2cm.o
    0x00206300   0x00206300   0x00000030   Code   RO         1594    i.phhalI2CM_Init    phhali2cm.o
    0x00206330   0x00206330   0x0000006c   Code   RO         1595    i.phhalI2CM_Queue   phhali2cm.o
    0x0020639c   0x0020639c   0x0000005c   Code   RO         1599    i.phhalI2CM_RxThres_FIFOFull_Handler  phhali2cm.o
    0x002063f8   0x002063f8   0x0000007c   Code   RO         1601    i.phhalI2CM_Start   phhali2cm.o
    0x00206474   0x00206474   0x00000028   Code   RO         1602    i.phhalI2CM_Transmit  phhali2cm.o
    0x0020649c   0x0020649c   0x00000018   Code   RO         1603    i.phhalI2CM_TxThres_FIFOEmpty_Handler  phhali2cm.o
    0x002064b4   0x002064b4   0x00000064   Code   RO          453    i.phhalPcr_ApplyLowPower  phhalpcr.o
    0x00206518   0x00206518   0x00000030   Code   RO          454    i.phhalPcr_ApplyStandby  phhalpcr.o
    0x00206548   0x00206548   0x00000090   Code   RO          455    i.phhalPcr_ApplySuspend  phhalpcr.o
    0x002065d8   0x002065d8   0x00000060   Code   RO          428    i.phhalPcr_ConfigInput  phhalgpio.o
    0x00206638   0x00206638   0x00000028   Code   RO          429    i.phhalPcr_ConfigPuPd  phhalgpio.o
    0x00206660   0x00206660   0x0000017c   Code   RO          456    i.phhalPcr_ConfigWakeup  phhalpcr.o
    0x002067dc   0x002067dc   0x00000074   Code   RO          457    i.phhalPcr_EnterLowPowerMode  phhalpcr.o
    0x00206850   0x00206850   0x0000009c   Code   RO          430    i.phhalPcr_GpioInit  phhalgpio.o
    0x002068ec   0x002068ec   0x000000ac   Code   RO          458    i.phhalPcr_Init     phhalpcr.o
    0x00206998   0x00206998   0x0000005c   Code   RO          459    i.phhalPcr_PostConfigLowPowerExit  phhalpcr.o
    0x002069f4   0x002069f4   0x00000030   Code   RO          460    i.phhalPcr_PreConfigLowPowerEntry  phhalpcr.o
    0x00206a24   0x00206a24   0x00000120   Code   RO          461    i.phhalPcr_ReducePowerConsumption  phhalpcr.o
    0x00206b44   0x00206b44   0x000000d8   Code   RO          463    i.phhalPcr_RestorePowerConsumptionChanges  phhalpcr.o
    0x00206c1c   0x00206c1c   0x00000030   Code   RO          680    i.phhalPmu_TxLdoClkConfig  phhalpmu.o
    0x00206c4c   0x00206c4c   0x00000088   Code   RO          681    i.phhalPmu_TxLdoFullPower  phhalpmu.o
    0x00206cd4   0x00206cd4   0x00000030   Code   RO          682    i.phhalPmu_TxLdoInit  phhalpmu.o
    0x00206d04   0x00206d04   0x00000080   Code   RO          683    i.phhalPmu_TxLdoLowPower  phhalpmu.o
    0x00206d84   0x00206d84   0x00000058   Code   RO          684    i.phhalPmu_TxLdoLowPower_2  phhalpmu.o
    0x00206ddc   0x00206ddc   0x00000078   Code   RO          687    i.phhalPmu_TxLdoStandby  phhalpmu.o
    0x00206e54   0x00206e54   0x00000098   Code   RO          688    i.phhalPmu_TxLdoStart  phhalpmu.o
    0x00206eec   0x00206eec   0x0000003c   Code   RO          689    i.phhalPmu_TxLdoStop  phhalpmu.o
    0x00206f28   0x00206f28   0x00000074   Code   RO         1742    i.phhalSPIM_Configure  phhalspim.o
    0x00206f9c   0x00206f9c   0x00000030   Code   RO         1743    i.phhalSPIM_DeInit  phhalspim.o
    0x00206fcc   0x00206fcc   0x00000020   Code   RO         1815    i.phhalSPIM_EventHandler  phhalspim_event.o
    0x00206fec   0x00206fec   0x00000020   Code   RO         1816    i.phhalSPIM_EventRegister  phhalspim_event.o
    0x0020700c   0x0020700c   0x00000010   Code   RO         1817    i.phhalSPIM_EventUnRegister  phhalspim_event.o
    0x0020701c   0x0020701c   0x00000040   Code   RO         1818    i.phhalSPIM_EventWait  phhalspim_event.o
    0x0020705c   0x0020705c   0x00000044   Code   RO         1744    i.phhalSPIM_Init    phhalspim.o
    0x002070a0   0x002070a0   0x00000044   Code   RO         1748    i.phhalSPIM_Transmit  phhalspim.o
    0x002070e4   0x002070e4   0x00000010   Code   RO          919    i.phhalTimer_Init   phhaltimer.o
    0x002070f4   0x002070f4   0x000000d0   Code   RO          960    i.phpalCt_ActivateCard  phpalct.o
    0x002071c4   0x002071c4   0x00000044   Code   RO         1085    i.phpalCt_CheckPcb  phpalct_t1.o
    0x00207208   0x00207208   0x00000018   Code   RO         1086    i.phpalCt_ComputeLrc  phpalct_t1.o
    0x00207220   0x00207220   0x00000080   Code   RO         1087    i.phpalCt_HandleCardError  phpalct_t1.o
    0x002072a0   0x002072a0   0x000000f0   Code   RO         1088    i.phpalCt_HandleRBlock  phpalct_t1.o
    0x00207390   0x00207390   0x000000f4   Code   RO         1089    i.phpalCt_HandleSBlock  phpalct_t1.o
    0x00207484   0x00207484   0x0000001c   Code   RO          962    i.phpalCt_Init      phpalct.o
    0x002074a0   0x002074a0   0x00000070   Code   RO         1090    i.phpalCt_NegoIfsd  phpalct_t1.o
    0x00207510   0x00207510   0x00000032   Code   RO          963    i.phpalCt_NegotiateClassClock  phpalct.o
    0x00207542   0x00207542   0x00000002   PAD
    0x00207544   0x00207544   0x000000e4   Code   RO         1091    i.phpalCt_ReceiveGeneral  phpalct_t1.o
    0x00207628   0x00207628   0x00000020   Code   RO         1092    i.phpalCt_SendData_Card  phpalct_t1.o
    0x00207648   0x00207648   0x00000050   Code   RO         1093    i.phpalCt_Send_R_Block  phpalct_t1.o
    0x00207698   0x00207698   0x000000b4   Code   RO         1094    i.phpalCt_Send_S_Block  phpalct_t1.o
    0x0020774c   0x0020774c   0x00000034   Code   RO          966    i.phpalCt_SetProtocol  phpalct.o
    0x00207780   0x00207780   0x0000007c   Code   RO         1036    i.phpalCt_T0_Transcieve  phpalct_t0.o
    0x002077fc   0x002077fc   0x00000134   Code   RO         1095    i.phpalCt_T1_DL_StateMachine  phpalct_t1.o
    0x00207930   0x00207930   0x00000034   Code   RO         1096    i.phpalCt_T1_DeInit  phpalct_t1.o
    0x00207964   0x00207964   0x00000040   Code   RO         1097    i.phpalCt_T1_Init   phpalct_t1.o
    0x002079a4   0x002079a4   0x000002d0   Code   RO         1098    i.phpalCt_T1_Transcieve  phpalct_t1.o
    0x00207c74   0x00207c74   0x0000002c   Code   RO          967    i.phpalCt_Transceive  phpalct.o
    0x00207ca0   0x00207ca0   0x00000014   Code   RO         1100    i.phpalCt_VerifyLrc  phpalct_t1.o
    0x00207cb4   0x00207cb4   0x00000114   Code   RO         1037    i.phpalHwCt_Case24_Receive  phpalct_t0.o
    0x00207dc8   0x00207dc8   0x0000006c   Code   RO         1038    i.phpalHwCt_Case34_Send  phpalct_t0.o
    0x00207e34   0x00207e34   0x000000ec   Code   RO         1039    i.phpalHwCt_OtherCases_Receive  phpalct_t0.o
    0x00207f20   0x00207f20   0x00000024   Code   RO         1040    i.phpalHwCt_RcvCardData  phpalct_t0.o
    0x00207f44   0x00207f44   0x00000050   Code   RO         1041    i.phpalHwCt_Receive_ProcByte  phpalct_t0.o
    0x00207f94   0x00207f94   0x0000000a   Code   RO         1042    i.phpalHwCt_SendCardData  phpalct_t0.o
    0x00207f9e   0x00207f9e   0x00000002   PAD
    0x00207fa0   0x00207fa0   0x00000188   Code   RO         1043    i.phpalHwCt_ShortAPDU_Exchange  phpalct_t0.o
    0x00208128   0x00208128   0x00000004   Data   RO          182    .constdata          phcfg_ee.o
    0x0020812c   0x0020812c   0x00000004   Data   RO          183    .constdata          phcfg_ee.o
    0x00208130   0x00208130   0x00000004   Data   RO          184    .constdata          phcfg_ee.o
    0x00208134   0x00208134   0x00000004   Data   RO          185    .constdata          phcfg_ee.o
    0x00208138   0x00208138   0x00000004   Data   RO          186    .constdata          phcfg_ee.o
    0x0020813c   0x0020813c   0x00000004   Data   RO          187    .constdata          phcfg_ee.o
    0x00208140   0x00208140   0x00000004   Data   RO          188    .constdata          phcfg_ee.o
    0x00208144   0x00208144   0x00000004   Data   RO          189    .constdata          phcfg_ee.o
    0x00208148   0x00208148   0x00000004   Data   RO          190    .constdata          phcfg_ee.o
    0x0020814c   0x0020814c   0x00000004   Data   RO          191    .constdata          phcfg_ee.o
    0x00208150   0x00208150   0x00000004   Data   RO          192    .constdata          phcfg_ee.o
    0x00208154   0x00208154   0x00000004   Data   RO          193    .constdata          phcfg_ee.o
    0x00208158   0x00208158   0x00000004   Data   RO          207    .constdata          phcfg_ee.o
    0x0020815c   0x0020815c   0x00000004   Data   RO          208    .constdata          phcfg_ee.o
    0x00208160   0x00208160   0x00000004   Data   RO          209    .constdata          phcfg_ee.o
    0x00208164   0x00208164   0x00000006   Data   RO          385    .constdata          phled.o
    0x0020816a   0x0020816a   0x00000288   Data   RO         1187    .constdata          phhalct.o
    0x002083f2   0x002083f2   0x00000002   PAD
    0x002083f4   0x002083f4   0x00000020   Data   RO         1279    .constdata          phhalct_activate.o
    0x00208414   0x00208414   0x00000020   Data   RO         2061    Region$$Table       anon$$obj.o


==============================================================================

Image component sizes


      Code (inc. data)   RO Data    RW Data    ZI Data      Debug   Object Name

         0          0         60          0          0      29894   phcfg_ee.o
       300         24          0          0          0       3024   phexhif.o
      1398        168          0       1328          0      12854   phexhif_hw.o
       968        154          0          0          0      33750   phflashboot.o
       556         80          0          6          0       4977   phhalclkgen.o
       840         66        648        306          0      11318   phhalct.o
      2278        242         32          0          0      19260   phhalct_activate.o
       704        110          0          0          0       4733   phhalct_common.o
       228         44          0          4          0       4289   phhalct_event.o
      1476        124          0          0          0       6193   phhalct_transceive.o
        68          0          0          0          0       2073   phhalflash.o
       292         34          0          0          0       3965   phhalgpio.o
       436         76          0         16         96       6184   phhalhif.o
       920        108          0         10        112      10661   phhali2cm.o
       124         34          0          8          0       2885   phhali2cm_event.o
        52          0          0          0          0        592   phhali2cm_fillcopyfifo.o
      1756        190          0        132          0      11734   phhalpcr.o
       864         92          0         16          0       6405   phhalpmu.o
       360         64          0         16          0       7025   phhalspim.o
       144         36          0          8          0       2885   phhalspim_event.o
       494          0          0          0          0       1764   phhalsysser_ds5.o
       116         20          0         75          0       2521   phhaltimer.o
       176         38          6          8          0       2733   phled.o
       570         64          0          5          0       7444   phpalct.o
      1262         66          0         16          0       8900   phpalct_t0.o
      2500        186          0         20          0      15334   phpalct_t1.o
       544         62          0        164          0       7632   phrtos_nortos.o
       110         10          0          8          0       4260   phuser.o
        72         28        192          0       5000        696   startup_pn74xxxx.o
        16          8          0          4          0        783   system_pn74xxxx.o

    ----------------------------------------------------------------------
     19636       2128        972       2160       5208     236768   Object Totals
         0          0         32          0          0          0   (incl. Generated)
        12          0          2         10          0          0   (incl. Padding)

    ----------------------------------------------------------------------

      Code (inc. data)   RO Data    RW Data    ZI Data      Debug   Library Member Name

        58          0          0          0          0          0   __dczerorl.o
         8          0          0          0          0         68   __main.o
         0          0          0          0          0          0   __rtentry.o
        12          0          0          0          0          0   __rtentry2.o
         6          0          0          0          0          0   __rtentry4.o
        60          8          0          0          0          0   __scatter.o
        28          0          0          0          0          0   __scatter_zi.o
        18          0          0          0          0         68   aeabi_memset.o
       346          0          0          0          0         92   aeabi_sdiv.o
        16          0          0          0          0         68   exit.o
         6          0          0          0          0        136   heapauxi.o
         0          0          0          0          0          0   indicate_semi.o
         2          0          0          0          0          0   libinit.o
         2          0          0          0          0          0   libinit2.o
         2          0          0          0          0          0   libshutdown.o
         2          0          0          0          0          0   libshutdown2.o
         8          4          0          0         96         68   libspace.o
        64          0          0          0          0        108   rt_memclr.o
       186          0          0          0          0        144   rt_memcpy.o
         2          0          0          0          0          0   rtexit.o
        10          0          0          0          0          0   rtexit2.o
        12          4          0          0          0         60   sys_exit.o
        62          0          0          0          0         80   sys_stackheap_outer.o
        34          0          0          0          0         60   uread4.o
         2          0          0          0          0         68   use_no_semi.o

    ----------------------------------------------------------------------
       948         16          0          0         96       1020   Library Totals
         2          0          0          0          0          0   (incl. Padding)

    ----------------------------------------------------------------------

      Code (inc. data)   RO Data    RW Data    ZI Data      Debug   Library Name

       946         16          0          0         96       1020   c_p.l

    ----------------------------------------------------------------------
       948         16          0          0         96       1020   Library Totals

    ----------------------------------------------------------------------

==============================================================================


      Code (inc. data)   RO Data    RW Data    ZI Data      Debug   

     20584       2144        972       2160       5304     230012   Grand Totals
     20584       2144        972         24       5304     230012   ELF Image Totals (compressed)
     20584       2144        972         24          0          0   ROM Totals

==============================================================================

    Total RO  Size (Code + RO Data)                21556 (  21.05kB)
    Total RW  Size (RW Data + ZI Data)              7464 (   7.29kB)
    Total ROM Size (Code + RO Data + RW Data)      21580 (  21.07kB)

==============================================================================

