<html>
<body>
<pre>
<h1>µVision Build Log</h1>
<h2>Tool Versions:</h2>
IDE-Version: ¦ÌVision V5.26.2.0
Copyright (C) 2018 ARM Ltd and ARM Germany GmbH. All rights reserved.
License Information: l 504054019@qq.com, l, LIC=JL2X7-E2YHC-4SUY4-F5IAV-UJXC1-JU6PV
 
Tool Versions:
Toolchain:       MDK-ARM Plus  Version: 5.26.2.0
Toolchain Path:  C:\Keil_v5\ARM\ARMCC\Bin
C Compiler:      Armcc.exe V5.06 update 6 (build 750)
Assembler:       Armasm.exe V5.06 update 6 (build 750)
Linker/Locator:  ArmLink.exe V5.06 update 6 (build 750)
Library Manager: ArmAr.exe V5.06 update 6 (build 750)
Hex Converter:   FromElf.exe V5.06 update 6 (build 750)
CPU DLL:         SARMCM3.DLL V5.26.2.0
Dialog DLL:      DARMCM1.DLL V1.19.1.0
Target DLL:      UL2CM3.DLL V1.161.6.0
Dialog DLL:      TARMCM1.DLL V1.14.0.0
 
<h2>Project:</h2>
C:\Users\50405\Desktop\RIGHTNOW\¶þÎ¬Âë+Ë¢¿¨\PN7462AU-FW_v05.21.00_Full\PN7462AU_ex_phExHif\phExHif.uvprojx
Project File Date:  07/05/2019

<h2>Output:</h2>
*** Using Compiler 'V5.06 update 6 (build 750)', folder: 'C:\Keil_v5\ARM\ARMCC\Bin'
Build Project 'phExHif' - Target 'Debug'
compiling phCfg_PF.c...
compiling phhalRf_LP_V.c...
compiling phhalRf_Event.c...
compiling phCfg_EE.c...
compiling phUser.c...
compiling phLED.c...
compiling phhalGpio.c...
compiling phFlashBoot.c...
compiling phExHif.c...
compiling phhalClkGen.c...
compiling phhalPcr.c...
compiling phRtos_NoRtos.c...
compiling phhalPmu.c...
compiling phhalTimer.c...
compiling phpalCt_T0.c...
compiling phpalCt.c...
compiling phExHif_Hw.c...
C:\Users\50405\Desktop\RIGHTNOW\¶þÎ¬Âë+Ë¢¿¨\PN7462AU-FW_v05.21.00_Full\PN7462AU_ex_phExHif\src\phExHif_Hw.c(185): warning:  #111-D: statement is unreachable
          break;
C:\Users\50405\Desktop\RIGHTNOW\¶þÎ¬Âë+Ë¢¿¨\PN7462AU-FW_v05.21.00_Full\PN7462AU_ex_phExHif\src\phExHif_Hw.c(501): warning:  #111-D: statement is unreachable
              break;
src\phExHif_Hw.c: 2 warnings, 0 errors
compiling phhalSysSer_DS5.c...
compiling phhalCt.c...
compiling phpalCt_T1.c...
C:\Users\50405\Desktop\RIGHTNOW\¶þÎ¬Âë+Ë¢¿¨\PN7462AU-FW_v05.21.00_Full\PN7462AU\phpalCt\src\phpalCt_T1.c(642): warning:  #111-D: statement is unreachable
      return phStatus;
C:\Users\50405\Desktop\RIGHTNOW\¶þÎ¬Âë+Ë¢¿¨\PN7462AU-FW_v05.21.00_Full\PN7462AU\phpalCt\src\phpalCt_T1.c(1040): warning:  #111-D: statement is unreachable
                  break;
C:\Users\50405\Desktop\RIGHTNOW\¶þÎ¬Âë+Ë¢¿¨\PN7462AU-FW_v05.21.00_Full\PN7462AU\phpalCt\src\phpalCt_T1.c(1080): warning:  #111-D: statement is unreachable
                  break;
C:\Users\50405\Desktop\RIGHTNOW\¶þÎ¬Âë+Ë¢¿¨\PN7462AU-FW_v05.21.00_Full\PN7462AU\phpalCt\src\phpalCt_T1.c(1089): warning:  #111-D: statement is unreachable
      return phStatus;
C:\Users\50405\Desktop\RIGHTNOW\¶þÎ¬Âë+Ë¢¿¨\PN7462AU-FW_v05.21.00_Full\PN7462AU\phpalCt\src\phpalCt_T1.c(1287): warning:  #111-D: statement is unreachable
      return phStatus;
..\PN7462AU\phpalCt\src\phpalCt_T1.c: 5 warnings, 0 errors
compiling phhalCt_Common.c...
compiling phhalCt_Event.c...
compiling phhalCt_Transceive.c...
compiling phhalHif.c...
compiling phhalFlash.c...
compiling phhalCt_Activate.c...
compiling phhalI2CM_Event.c...
compiling phhalI2CM.c...
compiling phhalSPIM.c...
assembling startup_PN74xxxx.s...
compiling phhalI2CM_FillCopyFifo.c...
C:\Users\50405\Desktop\RIGHTNOW\¶þÎ¬Âë+Ë¢¿¨\PN7462AU-FW_v05.21.00_Full\PN7462AU\phHal\phhalI2CM\src\phhalI2CM_FillCopyFifo.c(123): warning: A1488W: PROC/FUNC at line 66 in '..\\PN7462AU\\phHal\\phhalI2CM\\src\\phhalI2CM_FillCopyFifo.c' without matching ENDP/ENDFUNC
C:\Users\50405\Desktop\RIGHTNOW\¶þÎ¬Âë+Ë¢¿¨\PN7462AU-FW_v05.21.00_Full\PN7462AU\phHal\phhalI2CM\src\phhalI2CM_FillCopyFifo.c(148): warning: A1464W: ENDP/ENDFUNC without corresponding PROC/FUNC
compiling system_PN74xxxx.c...
compiling phhalSPIM_Event.c...
linking...
Program Size: Code=20584 RO-data=972 RW-data=2160 ZI-data=5304  
FromELF: creating hex file...
After Build - User command #1: C:\Keil_v5\\ARM\ARMCC\bin\fromelf.exe --bin --output=C:\Users\50405\Desktop\RIGHTNOW\¶þÎ¬Âë+Ë¢¿¨\PN7462AU-FW_v05.21.00_Full\PN7462AU_ex_phExHif\Objects\phExHif.bin .\Objects\phExHif.axf
".\Objects\phExHif.axf" - 0 Error(s), 9 Warning(s).

<h2>Software Packages used:</h2>

Package Vendor: NXP
                www.nxp.com/NXP.PN7xxxxx.0.9.0.pack
                NXP.PN7xxxxx.0.9.0
                NXP PN7xxxxx Family.
   * Component: Startup Version: 0.9.0

<h2>Collection of Component include folders:</h2>
  .\RTE\_Debug
  C:\Keil_v5\ARM\PACK\NXP\PN7xxxxx\0.9.0\Device\Include

<h2>Collection of Component Files used:</h2>

   * Component: NXP::Device:Startup:0.9.0
      Source file:   Device\Source\system_PN74xxxx.c
      Source file:   Device\Source\ARM\startup_PN74xxxx.s
Build Time Elapsed:  00:00:02
</pre>
</body>
</html>
