Component: ARM Compiler 5.06 update 6 (build 750) Tool: armlink [4d35ed]

==============================================================================

Image Symbol Table

    Local Symbols

    Symbol Name                              Value     Ov Type        Size  Object(Section)

    ../clib/../cmprslib/zerorunl.c           0x00000000   Number         0  __dczerorl.o ABSOLUTE
    ../clib/angel/boardlib.s                 0x00000000   Number         0  boardinit2.o ABSOLUTE
    ../clib/angel/boardlib.s                 0x00000000   Number         0  boardinit3.o ABSOLUTE
    ../clib/angel/boardlib.s                 0x00000000   Number         0  boardshut.o ABSOLUTE
    ../clib/angel/boardlib.s                 0x00000000   Number         0  boardinit1.o ABSOLUTE
    ../clib/angel/handlers.s                 0x00000000   Number         0  __scatter_zi.o ABSOLUTE
    ../clib/angel/kernel.s                   0x00000000   Number         0  rtexit2.o ABSOLUTE
    ../clib/angel/kernel.s                   0x00000000   Number         0  rtexit.o ABSOLUTE
    ../clib/angel/kernel.s                   0x00000000   Number         0  __rtentry.o ABSOLUTE
    ../clib/angel/kernel.s                   0x00000000   Number         0  __rtentry2.o ABSOLUTE
    ../clib/angel/kernel.s                   0x00000000   Number         0  __rtentry4.o ABSOLUTE
    ../clib/angel/rt.s                       0x00000000   Number         0  rt_heap_descriptor_intlibspace.o ABSOLUTE
    ../clib/angel/rt.s                       0x00000000   Number         0  rt_heap_descriptor.o ABSOLUTE
    ../clib/angel/rt.s                       0x00000000   Number         0  aeabi_idiv0.o ABSOLUTE
    ../clib/angel/rt.s                       0x00000000   Number         0  rt_div0.o ABSOLUTE
    ../clib/angel/rt.s                       0x00000000   Number         0  aeabi_idiv0_sigfpe.o ABSOLUTE
    ../clib/angel/rt.s                       0x00000000   Number         0  rt_raise.o ABSOLUTE
    ../clib/angel/scatterp.s                 0x00000000   Number         0  __scatter.o ABSOLUTE
    ../clib/angel/startup.s                  0x00000000   Number         0  __main.o ABSOLUTE
    ../clib/angel/sys.s                      0x00000000   Number         0  mutex_dummy.o ABSOLUTE
    ../clib/angel/sys.s                      0x00000000   Number         0  tempstk.o ABSOLUTE
    ../clib/angel/sys.s                      0x00000000   Number         0  sys_stackheap_outer.o ABSOLUTE
    ../clib/angel/sys.s                      0x00000000   Number         0  indicate_semi.o ABSOLUTE
    ../clib/angel/sys.s                      0x00000000   Number         0  use_no_semi.o ABSOLUTE
    ../clib/angel/sys.s                      0x00000000   Number         0  libspace.o ABSOLUTE
    ../clib/angel/sysapp.c                   0x00000000   Number         0  sys_exit.o ABSOLUTE
    ../clib/angel/sysapp.c                   0x00000000   Number         0  sys_wrch.o ABSOLUTE
    ../clib/angel/sysapp.c                   0x00000000   Number         0  sys_command.o ABSOLUTE
    ../clib/armsys.c                         0x00000000   Number         0  no_argv.o ABSOLUTE
    ../clib/armsys.c                         0x00000000   Number         0  _get_argv_nomalloc.o ABSOLUTE
    ../clib/armsys.c                         0x00000000   Number         0  argv_veneer.o ABSOLUTE
    ../clib/armsys.c                         0x00000000   Number         0  _get_argv.o ABSOLUTE
    ../clib/division.s                       0x00000000   Number         0  aeabi_sdiv.o ABSOLUTE
    ../clib/division.s                       0x00000000   Number         0  aeabi_sdiv_div0.o ABSOLUTE
    ../clib/heap1.c                          0x00000000   Number         0  h1_init_mt.o ABSOLUTE
    ../clib/heap1.c                          0x00000000   Number         0  h1_init.o ABSOLUTE
    ../clib/heap1.c                          0x00000000   Number         0  h1_free.o ABSOLUTE
    ../clib/heap1.c                          0x00000000   Number         0  h1_alloc.o ABSOLUTE
    ../clib/heap1.c                          0x00000000   Number         0  h1_final.o ABSOLUTE
    ../clib/heap1.c                          0x00000000   Number         0  h1_final_mt.o ABSOLUTE
    ../clib/heap1.c                          0x00000000   Number         0  h1_alloc_mt.o ABSOLUTE
    ../clib/heap1.c                          0x00000000   Number         0  h1_free_mt.o ABSOLUTE
    ../clib/heap1.c                          0x00000000   Number         0  h1_extend_mt.o ABSOLUTE
    ../clib/heap1.c                          0x00000000   Number         0  h1_extend.o ABSOLUTE
    ../clib/heap2.c                          0x00000000   Number         0  heap2.o ABSOLUTE
    ../clib/heap2.c                          0x00000000   Number         0  heap2mt.o ABSOLUTE
    ../clib/heap2.c                          0x00000000   Number         0  fdtree.o ABSOLUTE
[...]
    0x00205260   0x00205260   0x00000044   Code   RO          907    i.phExDoorAccess_Utils_FillUID_Tx_Buffer  phexdooraccess_utils.o
    0x002052a4   0x002052a4   0x00000040   Code   RO          908    i.phExDoorAccess_Utils_Fill_Tx_Buffer  phexdooraccess_utils.o
    0x002052e4   0x002052e4   0x00000014   Code   RO          910    i.phExDoorAccess_Utils_Glow_Authetication_Failure_LED  phexdooraccess_utils.o
    0x002052f8   0x002052f8   0x00000014   Code   RO          911    i.phExDoorAccess_Utils_Glow_Authetication_Success_LED  phexdooraccess_utils.o
    0x0020530c   0x0020530c   0x0000004c   Code   RO          912    i.phExDoorAccess_Utils_Glow_Error_LEDS  phexdooraccess_utils.o
    0x00205358   0x00205358   0x0000004c   Code   RO          913    i.phExDoorAccess_Utils_Glow_Success_LEDS  phexdooraccess_utils.o
    0x002053a4   0x002053a4   0x00000030   Code   RO          914    i.phExDoorAccess_Utils_HsuHifConfig  phexdooraccess_utils.o
    0x002053d4   0x002053d4   0x00000002   Code   RO          915    i.phExDoorAccess_Utils_HsuHifErrorCallBack  phexdooraccess_utils.o
    0x002053d6   0x002053d6   0x00000002   PAD
    0x002053d8   0x002053d8   0x00000010   Code   RO          917    i.phExDoorAccess_Utils_HsuHifTransmitCallBack  phexdooraccess_utils.o
    0x002053e8   0x002053e8   0x0000001c   Code   RO          918    i.phExDoorAccess_Utils_Hsu_Print  phexdooraccess_utils.o
    0x00205404   0x00205404   0x00000058   Code   RO         1044    i.phExDoorAccess_WakeUpHandler  phexdooraccess.o
    0x0020545c   0x0020545c   0x00000090   Code   RO         1012    i.phExLLCP_Client   phexdooraccessllcp_client.o
    0x002054ec   0x002054ec   0x00000034   Code   RO            2    i.phFlashBoot_AssertROMVersion  phflashboot.o
    0x00205520   0x00205520   0x00000030   Code   RO            3    i.phFlashBoot_GetBtRns  phflashboot.o
    0x00205550   0x00205550   0x00000010   Code   RO            4    i.phFlashBoot_HwInit  phflashboot.o
    0x00205560   0x00205560   0x000000cc   Code   RO            5    i.phFlashBoot_HwSetup  phflashboot.o
    0x0020562c   0x0020562c   0x0000003c   Code   RO            6    i.phFlashBoot_HwTearDown  phflashboot.o
    0x00205668   0x00205668   0x00000024   Code   RO            7    i.phFlashBoot_Main  phflashboot.o
    0x0020568c   0x0020568c   0x000000cc   Code   RO            8    i.phFlashBoot_PreCheck  phflashboot.o
    0x00205758   0x00205758   0x000000d0   Code   RO            9    i.phFlashBoot_SetIntrptsPrio  phflashboot.o
    0x00205828   0x00205828   0x00000014   Code   RO           10    i.phFlashBoot_VbusLowHandler  phflashboot.o
    0x0020583c   0x0020583c   0x0000004c   Code   RO         6683    i.phHal_RfFlash_APC_RssiTimerStart  libphhalRf_armcc.lib(phhalrf_apc.o)
    0x00205888   0x00205888   0x00000020   Code   RO         3799    i.phKeyStore_FormatKeyEntry  phkeystore.o
    0x002058a8   0x002058a8   0x00000030   Code   RO         3803    i.phKeyStore_GetKey  phkeystore.o
    0x002058d8   0x002058d8   0x0000002a   Code   RO         3805    i.phKeyStore_GetKeySize  phkeystore.o
    0x00205902   0x00205902   0x00000002   PAD
    0x00205904   0x00205904   0x00000030   Code   RO         3810    i.phKeyStore_SetKey  phkeystore.o
    0x00205934   0x00205934   0x0000003c   Code   RO         3613    i.phKeyStore_Sw_CheckUpdateKUC  phkeystore_sw.o
    0x00205970   0x00205970   0x00000054   Code   RO         3614    i.phKeyStore_Sw_FormatKeyEntry  phkeystore_sw.o
    0x002059c4   0x002059c4   0x00000058   Code   RO         3618    i.phKeyStore_Sw_GetKey  phkeystore_sw.o
    0x00205a1c   0x00205a1c   0x00000034   Code   RO         3620    i.phKeyStore_Sw_GetKeyValuePtrPos  phkeystore_sw.o
    0x00205a50   0x00205a50   0x00000044   Code   RO         3621    i.phKeyStore_Sw_GetKeyValuePtrVersion  phkeystore_sw.o
    0x00205a94   0x00205a94   0x00000090   Code   RO         3622    i.phKeyStore_Sw_Init  phkeystore_sw.o
    0x00205b24   0x00205b24   0x00000048   Code   RO         3627    i.phKeyStore_Sw_SetKey  phkeystore_sw.o
    0x00205b6c   0x00205b6c   0x0000003c   Code   RO          419    i.phLED_Init        phled.o
    0x00205ba8   0x00205ba8   0x0000001c   Code   RO          420    i.phLED_SetPattern  phled.o
    0x00205bc4   0x00205bc4   0x00000098   Code   RO          422    i.phLED_TimerCallback  phled.o
    0x00205c5c   0x00205c5c   0x00000044   Code   RO         6304    i.phOsal_EventClear  phosal_freertos.o
    0x00205ca0   0x00205ca0   0x00000020   Code   RO         6305    i.phOsal_EventCreate  phosal_freertos.o
    0x00205cc0   0x00205cc0   0x00000054   Code   RO         6308    i.phOsal_EventPend  phosal_freertos.o
    0x00205d14   0x00205d14   0x0000005c   Code   RO         6309    i.phOsal_EventPost  phosal_freertos.o
    0x00205d70   0x00205d70   0x00000004   Code   RO         6310    i.phOsal_Init       phosal_freertos.o
    0x00205d74   0x00205d74   0x00000020   Code   RO         6311    i.phOsal_MutexCreate  phosal_freertos.o
    0x00205d94   0x00205d94   0x0000001c   Code   RO         6312    i.phOsal_MutexDelete  phosal_freertos.o
    0x00205db0   0x00205db0   0x0000002c   Code   RO         6313    i.phOsal_MutexLock  phosal_freertos.o
    0x00205ddc   0x00205ddc   0x0000002c   Code   RO         6314    i.phOsal_MutexUnLock  phosal_freertos.o
    0x00205e08   0x00205e08   0x00000048   Code   RO         6315    i.phOsal_SemCreate  phosal_freertos.o
    0x00205e50   0x00205e50   0x0000001c   Code   RO         6316    i.phOsal_SemDelete  phosal_freertos.o
    0x00205e6c   0x00205e6c   0x00000080   Code   RO         6317    i.phOsal_SemPend    phosal_freertos.o
    0x00205eec   0x00205eec   0x00000050   Code   RO         6318    i.phOsal_SemPost    phosal_freertos.o
    0x00205f3c   0x00205f3c   0x0000004c   Code   RO         6325    i.phOsal_TimeToTick  phosal_freertos.o
    0x00205f88   0x00205f88   0x00000044   Code   RO         6326    i.phOsal_TimerCreate  phosal_freertos.o
    0x00205fcc   0x00205fcc   0x00000024   Code   RO         6327    i.phOsal_TimerDelete  phosal_freertos.o
    0x00205ff0   0x00205ff0   0x0000006c   Code   RO         6329    i.phOsal_TimerModify  phosal_freertos.o
    0x0020605c   0x0020605c   0x00000058   Code   RO         6330    i.phOsal_TimerStart  phosal_freertos.o
    0x002060b4   0x002060b4   0x0000004c   Code   RO         6331    i.phOsal_TimerStop  phosal_freertos.o
    0x00206100   0x00206100   0x00000008   Code   RO         1296    i.phRtos_EventGroupCreate  phrtos_rtos.o
    0x00206108   0x00206108   0x0000003c   Code   RO         1297    i.phRtos_RTOS_EventGroupSetBits  phrtos_rtos.o
    0x00206144   0x00206144   0x00000034   Code   RO         1298    i.phRtos_RTOS_QueueReceive  phrtos_rtos.o
    0x00206178   0x00206178   0x00000034   Code   RO         1299    i.phRtos_RTOS_QueueSend  phrtos_rtos.o
    0x002061ac   0x002061ac   0x000000b4   Code   RO         4434    i.phTools_CalculateCrc16  phtools.o
    0x00206260   0x00206260   0x00000048   Code   RO         4500    i.phTools_Q_DeInit  phtools_q.o
    0x002062a8   0x002062a8   0x00000024   Code   RO         4501    i.phTools_Q_Get     phtools_q.o
    0x002062cc   0x002062cc   0x00000094   Code   RO         4502    i.phTools_Q_Init    phtools_q.o
    0x00206360   0x00206360   0x00000070   Code   RO         4503    i.phTools_Q_PopInt  phtools_q.o
    0x002063d0   0x002063d0   0x00000026   Code   RO         4504    i.phTools_Q_Push    phtools_q.o
    0x002063f6   0x002063f6   0x00000002   PAD
    0x002063f8   0x002063f8   0x00000034   Code   RO         4505    i.phTools_Q_Receive  phtools_q.o
    0x0020642c   0x0020642c   0x0000004c   Code   RO         4506    i.phTools_Q_Release  phtools_q.o
    0x00206478   0x00206478   0x0000000e   Code   RO         4507    i.phTools_Q_Send    phtools_q.o
    0x00206486   0x00206486   0x0000000e   Code   RO         4508    i.phTools_Q_SendFront  phtools_q.o
    0x00206494   0x00206494   0x00000084   Code   RO         4509    i.phTools_Q_SendInt  phtools_q.o
    0x00206518   0x00206518   0x000000a0   Code   RO          356    i.phUser_HwWait     phuser.o
    0x002065b8   0x002065b8   0x00000018   Code   RO          357    i.phUser_MemCmp     phuser.o
    0x002065d0   0x002065d0   0x00000018   Code   RO          358    i.phUser_MemCpy     phuser.o
    0x002065e8   0x002065e8   0x0000001e   Code   RO          359    i.phUser_MemSet     phuser.o
    0x00206606   0x00206606   0x00000002   PAD
    0x00206608   0x00206608   0x00000018   Code   RO          361    i.phUser_Wait       phuser.o
    0x00206620   0x00206620   0x00000020   Code   RO          362    i.phUser_WaitInit   phuser.o
    0x00206640   0x00206640   0x00000004   Code   RO          363    i.phUser_WaitTimerExpired  phuser.o
    0x00206644   0x00206644   0x00000020   Code   RO         4676    i.phacDiscLoop_GetConfig  phacdiscloop.o
    0x00206664   0x00206664   0x00000020   Code   RO         4677    i.phacDiscLoop_Run  phacdiscloop.o
    0x00206684   0x00206684   0x00000020   Code   RO         4678    i.phacDiscLoop_SetConfig  phacdiscloop.o
    0x002066a4   0x002066a4   0x0000008c   Code   RO         2446    i.phacDiscLoop_Sw_DetTechTypeA  phacdiscloop_sw_int_a.o
    0x00206730   0x00206730   0x00000058   Code   RO         2472    i.phacDiscLoop_Sw_DetTechTypeB  phacdiscloop_sw_int_b.o
    0x00206788   0x00206788   0x0000006c   Code   RO         2496    i.phacDiscLoop_Sw_DetTechTypeF  phacdiscloop_sw_int_f.o
    0x002067f4   0x002067f4   0x00000098   Code   RO         2541    i.phacDiscLoop_Sw_DetTechTypeI18000p3m3  phacdiscloop_sw_int_i18000p3m3.o
    0x0020688c   0x0020688c   0x00000038   Code   RO         2565    i.phacDiscLoop_Sw_DetTechTypeV  phacdiscloop_sw_int_v.o
    0x002068c4   0x002068c4   0x00000274   Code   RO         2307    i.phacDiscLoop_Sw_GetConfig  phacdiscloop_sw.o
    0x00206b38   0x00206b38   0x000000e4   Code   RO         2308    i.phacDiscLoop_Sw_Init  phacdiscloop_sw.o
    0x00206c1c   0x00206c1c   0x0000020c   Code   RO         2447    i.phacDiscLoop_Sw_Int_ActivateA  phacdiscloop_sw_int_a.o
    0x00206e28   0x00206e28   0x000000f4   Code   RO         2473    i.phacDiscLoop_Sw_Int_ActivateB  phacdiscloop_sw_int_b.o
    0x00206f1c   0x00206f1c   0x00000040   Code   RO         2351    i.phacDiscLoop_Sw_Int_ActivateDevice  phacdiscloop_sw_int.o
    0x00206f5c   0x00206f5c   0x00000124   Code   RO         2497    i.phacDiscLoop_Sw_Int_ActivateF  phacdiscloop_sw_int_f.o
    0x00207080   0x00207080   0x000000c4   Code   RO         2542    i.phacDiscLoop_Sw_Int_ActivateI18000p3m3  phacdiscloop_sw_int_i18000p3m3.o
    0x00207144   0x00207144   0x00000034   Code   RO         2566    i.phacDiscLoop_Sw_Int_ActivateV  phacdiscloop_sw_int_v.o
    0x00207178   0x00207178   0x00000188   Code   RO         2352    i.phacDiscLoop_Sw_Int_ActivePollMode  phacdiscloop_sw_int.o
    0x00207300   0x00207300   0x0000003a   Code   RO         2498    i.phacDiscLoop_Sw_Int_CheckForDuplication  phacdiscloop_sw_int_f.o
    0x0020733a   0x0020733a   0x00000002   PAD
    0x0020733c   0x0020733c   0x000003a8   Code   RO         2448    i.phacDiscLoop_Sw_Int_CollisionResolutionA  phacdiscloop_sw_int_a.o
    0x002076e4   0x002076e4   0x00000268   Code   RO         2474    i.phacDiscLoop_Sw_Int_CollisionResolutionB  phacdiscloop_sw_int_b.o
    0x0020794c   0x0020794c   0x00000100   Code   RO         2499    i.phacDiscLoop_Sw_Int_CollisionResolutionF  phacdiscloop_sw_int_f.o
    0x00207a4c   0x00207a4c   0x00000210   Code   RO         2543    i.phacDiscLoop_Sw_Int_CollisionResolutionI18000p3m3  phacdiscloop_sw_int_i18000p3m3.o
    0x00207c5c   0x00207c5c   0x000002d0   Code   RO         2567    i.phacDiscLoop_Sw_Int_CollisionResolutionV  phacdiscloop_sw_int_v.o
    0x00207f2c   0x00207f2c   0x00000048   Code   RO         2353    i.phacDiscLoop_Sw_Int_ColsnReslnActivity  phacdiscloop_sw_int.o
    0x00207f74   0x00207f74   0x0000005e   Code   RO         2500    i.phacDiscLoop_Sw_Int_Config_GTF  phacdiscloop_sw_int_f.o
    0x00207fd2   0x00207fd2   0x00000002   PAD
    0x00207fd4   0x00207fd4   0x000000ec   Code   RO         2354    i.phacDiscLoop_Sw_Int_EmvcoRemovalProcedure  phacdiscloop_sw_int.o
    0x002080c0   0x002080c0   0x0000013c   Code   RO         2355    i.phacDiscLoop_Sw_Int_EmvcoTechDetectActivity  phacdiscloop_sw_int.o
    0x002081fc   0x002081fc   0x00000040   Code   RO         2356    i.phacDiscLoop_Sw_Int_FieldOn  phacdiscloop_sw_int.o
    0x0020823c   0x0020823c   0x00000020   Code   RO         2357    i.phacDiscLoop_Sw_Int_IsValidPollStatus  phacdiscloop_sw_int.o
    0x0020825c   0x0020825c   0x00000070   Code   RO         2358    i.phacDiscLoop_Sw_Int_ListenMode  phacdiscloop_sw_int.o
    0x002082cc   0x002082cc   0x000000ec   Code   RO         2359    i.phacDiscLoop_Sw_Int_PollMode  phacdiscloop_sw_int.o
    0x002083b8   0x002083b8   0x00000022   Code   RO         2360    i.phacDiscLoop_Sw_Int_RfcaOff_FieldOn  phacdiscloop_sw_int.o
    0x002083da   0x002083da   0x00000002   PAD
    0x002083dc   0x002083dc   0x000000c4   Code   RO         2501    i.phacDiscLoop_Sw_Int_SendSensFReq  phacdiscloop_sw_int_f.o
    0x002084a0   0x002084a0   0x0000013c   Code   RO         2362    i.phacDiscLoop_Sw_Int_TechDetectActivity  phacdiscloop_sw_int.o
    0x002085dc   0x002085dc   0x00000080   Code   RO         2502    i.phacDiscLoop_Sw_Int_UpdateSensFResp  phacdiscloop_sw_int_f.o
    0x0020865c   0x0020865c   0x000000f4   Code   RO         2309    i.phacDiscLoop_Sw_Run  phacdiscloop_sw.o
    0x00208750   0x00208750   0x000003e8   Code   RO         2310    i.phacDiscLoop_Sw_SetConfig  phacdiscloop_sw.o
    0x00208b38   0x00208b38   0x0000001e   Code   RO         5670    i.phalI18000p3m3_SetHandle  phali18000p3m3.o
    0x00208b56   0x00208b56   0x00000002   PAD
    0x00208b58   0x00208b58   0x00000020   Code   RO         3141    i.phalI18000p3m3_Sw_Init  phali18000p3m3_sw.o
    0x00208b78   0x00208b78   0x00000010   Code   RO         3146    i.phalI18000p3m3_Sw_SetHandle  phali18000p3m3_sw.o
    0x00208b88   0x00208b88   0x00000032   Code   RO         5430    i.phalMfc_Authenticate  phalmfc.o
    0x00208bba   0x00208bba   0x0000001e   Code   RO         5437    i.phalMfc_Read      phalmfc.o
    0x00208bd8   0x00208bd8   0x00000078   Code   RO         4265    i.phalMfc_Sw_Authenticate  phalmfc_sw.o
    0x00208c50   0x00208c50   0x0000001c   Code   RO         4271    i.phalMfc_Sw_Init   phalmfc_sw.o
    0x00208c6c   0x00208c6c   0x0000004c   Code   RO         4273    i.phalMfc_Sw_Read   phalmfc_sw.o
    0x00208cb8   0x00208cb8   0x00000046   Code   RO         4278    i.phalMfc_Sw_Write  phalmfc_sw.o
    0x00208cfe   0x00208cfe   0x0000001e   Code   RO         5442    i.phalMfc_Write     phalmfc.o
    0x00208d1c   0x00208d1c   0x0000006c   Code   RO         4146    i.phalMfdf_Sw_Init  phalmfdf_sw.o
    0x00208d88   0x00208d88   0x0000001e   Code   RO         5596    i.phalT1T_ReadUID   phalt1t.o
    0x00208da6   0x00208da6   0x00000002   PAD
    0x00208da8   0x00208da8   0x00000018   Code   RO         3729    i.phalT1T_Sw_Init   phalt1t_sw.o
    0x00208dc0   0x00208dc0   0x0000009c   Code   RO         3734    i.phalT1T_Sw_ReadUID  phalt1t_sw.o
    0x00208e5c   0x00208e5c   0x00000080   Code   RO          270    i.phhalClkGen_ClifClockStart  phhalclkgen.o
    0x00208edc   0x00208edc   0x00000054   Code   RO          272    i.phhalClkGen_ClifPllClkInDetect  phhalclkgen.o
    0x00208f30   0x00208f30   0x0000009c   Code   RO          273    i.phhalClkGen_Clk27m12Detect  phhalclkgen.o
    0x00208fcc   0x00208fcc   0x00000034   Code   RO          274    i.phhalClkGen_DeInit  phhalclkgen.o
    0x00209000   0x00209000   0x0000006c   Code   RO          275    i.phhalClkGen_Init  phhalclkgen.o
    0x0020906c   0x0020906c   0x00000024   Code   RO          279    i.phhalClkGen_WaitBitSetInStatusReg  phhalclkgen.o
    0x00209090   0x00209090   0x00000018   Code   RO          280    i.phhalClkGen_XtalOscCheck  phhalclkgen.o
    0x002090a8   0x002090a8   0x00000040   Code   RO          281    i.phhalClkGen_XtalStart  phhalclkgen.o
    0x002090e8   0x002090e8   0x00000074   Code   RO          282    i.phhalClkGen_XtalSwKick  phhalclkgen.o
    0x0020915c   0x0020915c   0x00000054   Code   RO         6202    i.phhalHif_Init     phhalhif.o
    0x002091b0   0x002091b0   0x0000004c   Code   RO         6206    i.phhalHif_Transmit  phhalhif.o
    0x002091fc   0x002091fc   0x0000001e   Code   RO         2663    i.phhalHw_ApplyProtocolSettings  phhalhw.o
    0x0020921a   0x0020921a   0x0000001e   Code   RO         2664    i.phhalHw_AsyncAbort  phhalhw.o
    0x00209238   0x00209238   0x00000022   Code   RO         2665    i.phhalHw_Autocoll  phhalhw.o
    0x0020925a   0x0020925a   0x0000002e   Code   RO         2669    i.phhalHw_Exchange  phhalhw.o
    0x00209288   0x00209288   0x0000001e   Code   RO         2670    i.phhalHw_FieldOff  phhalhw.o
    0x002092a6   0x002092a6   0x0000001e   Code   RO         2671    i.phhalHw_FieldOn   phhalhw.o
    0x002092c4   0x002092c4   0x0000001e   Code   RO         2672    i.phhalHw_FieldReset  phhalhw.o
    0x002092e2   0x002092e2   0x0000001e   Code   RO         2673    i.phhalHw_GetConfig  phhalhw.o
    0x00209300   0x00209300   0x0000003a   Code   RO         2674    i.phhalHw_I18000p3m3Inventory  phhalhw.o
    0x0020933a   0x0020933a   0x0000001e   Code   RO         2675    i.phhalHw_I18000p3m3ResumeInventory  phhalhw.o
    0x00209358   0x00209358   0x0000001e   Code   RO         2676    i.phhalHw_Lpcd      phhalhw.o
    0x00209376   0x00209376   0x00000022   Code   RO         2677    i.phhalHw_MfcAuthenticate  phhalhw.o
    0x00209398   0x00209398   0x0000002e   Code   RO         2678    i.phhalHw_MfcAuthenticateKeyNo  phhalhw.o
    0x002093c6   0x002093c6   0x00000104   Code   RO         2956    i.phhalHw_PN7462AU_18000p3m3_Sw_Ack  phhalhw_pn7462au_int.o
    0x002094ca   0x002094ca   0x00000002   PAD
    0x002094cc   0x002094cc   0x000000e0   Code   RO         2957    i.phhalHw_PN7462AU_18000p3m3_Sw_BeginRound  phhalhw_pn7462au_int.o
    0x002095ac   0x002095ac   0x00000068   Code   RO         2958    i.phhalHw_PN7462AU_18000p3m3_Sw_Exchange  phhalhw_pn7462au_int.o
    0x00209614   0x00209614   0x000000cc   Code   RO         2959    i.phhalHw_PN7462AU_18000p3m3_Sw_NextSlot  phhalhw_pn7462au_int.o
    0x002096e0   0x002096e0   0x000000d4   Code   RO         2960    i.phhalHw_PN7462AU_18000p3m3_Sw_Select  phhalhw_pn7462au_int.o
    0x002097b4   0x002097b4   0x000000fc   Code   RO         2804    i.phhalHw_PN7462AU_ApplyProtocolSettings  phhalhw_pn7462au.o
    0x002098b0   0x002098b0   0x0000001c   Code   RO         2805    i.phhalHw_PN7462AU_AsyncAbort  phhalhw_pn7462au.o
    0x002098cc   0x002098cc   0x00000120   Code   RO         2806    i.phhalHw_PN7462AU_Autocoll  phhalhw_pn7462au.o
    0x002099ec   0x002099ec   0x000001a0   Code   RO         2810    i.phhalHw_PN7462AU_Exchange  phhalhw_pn7462au.o
    0x00209b8c   0x00209b8c   0x0000000a   Code   RO         2811    i.phhalHw_PN7462AU_FieldOff  phhalhw_pn7462au.o
    0x00209b96   0x00209b96   0x0000001e   Code   RO         2812    i.phhalHw_PN7462AU_FieldOn  phhalhw_pn7462au.o
    0x00209bb4   0x00209bb4   0x00000024   Code   RO         2813    i.phhalHw_PN7462AU_FieldReset  phhalhw_pn7462au.o
    0x00209bd8   0x00209bd8   0x0000024c   Code   RO         2814    i.phhalHw_PN7462AU_GetConfig  phhalhw_pn7462au.o
    0x00209e24   0x00209e24   0x00000462   Code   RO         2815    i.phhalHw_PN7462AU_I18000p3m3Inventory  phhalhw_pn7462au.o
    0x0020a286   0x0020a286   0x00000002   PAD
    0x0020a288   0x0020a288   0x00000188   Code   RO         2816    i.phhalHw_PN7462AU_I18000p3m3ResumeInventory  phhalhw_pn7462au.o
    0x0020a410   0x0020a410   0x000000bc   Code   RO         2817    i.phhalHw_PN7462AU_Init  phhalhw_pn7462au.o
    0x0020a4cc   0x0020a4cc   0x00000024   Code   RO         2818    i.phhalHw_PN7462AU_Lpcd  phhalhw_pn7462au.o
    0x0020a4f0   0x0020a4f0   0x00000060   Code   RO         2819    i.phhalHw_PN7462AU_MfcAuthenticate  phhalhw_pn7462au.o
    0x0020a550   0x0020a550   0x00000078   Code   RO         2820    i.phhalHw_PN7462AU_MfcAuthenticateKeyNo  phhalhw_pn7462au.o
    0x0020a5c8   0x0020a5c8   0x000000d4   Code   RO         2821    i.phhalHw_PN7462AU_Receive  phhalhw_pn7462au.o
    0x0020a69c   0x0020a69c   0x00000734   Code   RO         2822    i.phhalHw_PN7462AU_SetConfig  phhalhw_pn7462au.o
    0x0020add0   0x0020add0   0x00000088   Code   RO         2824    i.phhalHw_PN7462AU_SetMinFDT  phhalhw_pn7462au.o
    0x0020ae58   0x0020ae58   0x000000dc   Code   RO         2825    i.phhalHw_PN7462AU_Transmit  phhalhw_pn7462au.o
    0x0020af34   0x0020af34   0x00000028   Code   RO         2826    i.phhalHw_PN7462AU_Wait  phhalhw_pn7462au.o
    0x0020af5c   0x0020af5c   0x0000007c   Code   RO         2961    i.phhalHw_PN7462AU_lI18000p3m3ReqRn  phhalhw_pn7462au_int.o
    0x0020afd8   0x0020afd8   0x0000001e   Code   RO         2680    i.phhalHw_Receive   phhalhw.o
    0x0020aff6   0x0020aff6   0x0000001e   Code   RO         2681    i.phhalHw_SetConfig  phhalhw.o
    0x0020b014   0x0020b014   0x0000001e   Code   RO         2683    i.phhalHw_Transmit  phhalhw.o
    0x0020b032   0x0020b032   0x0000001e   Code   RO         2684    i.phhalHw_Wait      phhalhw.o
    0x0020b050   0x0020b050   0x00000064   Code   RO          491    i.phhalPcr_ApplyLowPower  phhalpcr.o
    0x0020b0b4   0x0020b0b4   0x00000030   Code   RO          492    i.phhalPcr_ApplyStandby  phhalpcr.o
    0x0020b0e4   0x0020b0e4   0x00000090   Code   RO          493    i.phhalPcr_ApplySuspend  phhalpcr.o
    0x0020b174   0x0020b174   0x00000060   Code   RO          466    i.phhalPcr_ConfigInput  phhalgpio.o
    0x0020b1d4   0x0020b1d4   0x00000028   Code   RO          467    i.phhalPcr_ConfigPuPd  phhalgpio.o
    0x0020b1fc   0x0020b1fc   0x0000017c   Code   RO          494    i.phhalPcr_ConfigWakeup  phhalpcr.o
    0x0020b378   0x0020b378   0x00000074   Code   RO          495    i.phhalPcr_EnterLowPowerMode  phhalpcr.o
    0x0020b3ec   0x0020b3ec   0x0000009c   Code   RO          468    i.phhalPcr_GpioInit  phhalgpio.o
    0x0020b488   0x0020b488   0x000000ac   Code   RO          496    i.phhalPcr_Init     phhalpcr.o
    0x0020b534   0x0020b534   0x0000005c   Code   RO          497    i.phhalPcr_PostConfigLowPowerExit  phhalpcr.o
    0x0020b590   0x0020b590   0x00000030   Code   RO          498    i.phhalPcr_PreConfigLowPowerEntry  phhalpcr.o
    0x0020b5c0   0x0020b5c0   0x00000120   Code   RO          499    i.phhalPcr_ReducePowerConsumption  phhalpcr.o
    0x0020b6e0   0x0020b6e0   0x00000010   Code   RO          500    i.phhalPcr_RegCallBack  phhalpcr.o
    0x0020b6f0   0x0020b6f0   0x000000d8   Code   RO          501    i.phhalPcr_RestorePowerConsumptionChanges  phhalpcr.o
    0x0020b7c8   0x0020b7c8   0x00000010   Code   RO         1130    i.phhalPmu_RegCallBack  phhalpmu.o
    0x0020b7d8   0x0020b7d8   0x00000030   Code   RO         1131    i.phhalPmu_TxLdoClkConfig  phhalpmu.o
    0x0020b808   0x0020b808   0x00000088   Code   RO         1132    i.phhalPmu_TxLdoFullPower  phhalpmu.o
    0x0020b890   0x0020b890   0x00000030   Code   RO         1133    i.phhalPmu_TxLdoInit  phhalpmu.o
    0x0020b8c0   0x0020b8c0   0x00000080   Code   RO         1134    i.phhalPmu_TxLdoLowPower  phhalpmu.o
    0x0020b940   0x0020b940   0x00000058   Code   RO         1135    i.phhalPmu_TxLdoLowPower_2  phhalpmu.o
    0x0020b998   0x0020b998   0x00000024   Code   RO         1136    i.phhalPmu_TxLdoMonitorCheck  phhalpmu.o
    0x0020b9bc   0x0020b9bc   0x00000044   Code   RO         1137    i.phhalPmu_TxLdoMonitorEnable  phhalpmu.o
    0x0020ba00   0x0020ba00   0x00000078   Code   RO         1138    i.phhalPmu_TxLdoStandby  phhalpmu.o
    0x0020ba78   0x0020ba78   0x00000098   Code   RO         1139    i.phhalPmu_TxLdoStart  phhalpmu.o
    0x0020bb10   0x0020bb10   0x0000003c   Code   RO         1140    i.phhalPmu_TxLdoStop  phhalpmu.o
    0x0020bb4c   0x0020bb4c   0x00000050   Code   RO         6525    i.phhalRf_AGCHandling  libphhalRf_armcc.lib(phhalrf_common.o)
    0x0020bb9c   0x0020bb9c   0x00000010   Code   RO         6684    i.phhalRf_APC_Reset  libphhalRf_armcc.lib(phhalrf_apc.o)
    0x0020bbac   0x0020bbac   0x00000090   Code   RO         6576    i.phhalRf_ActiveRfOnHandle  libphhalRf_armcc.lib(phhalrf_exchange.o)
    0x0020bc3c   0x0020bc3c   0x000001dc   Code   RO         6659    i.phhalRf_AutoColl  libphhalRf_armcc.lib(phhalrf_target.o)
    0x0020be18   0x0020be18   0x00000014   Code   RO         6526    i.phhalRf_BackUpAgc  libphhalRf_armcc.lib(phhalrf_common.o)
    0x0020be2c   0x0020be2c   0x00000060   Code   RO         6637    i.phhalRf_CheckForAntennaDetuning  libphhalRf_armcc.lib(phhalrf_initiator.o)
    0x0020be8c   0x0020be8c   0x00000040   Code   RO         6527    i.phhalRf_ClearIrq  libphhalRf_armcc.lib(phhalrf_common.o)
    0x0020becc   0x0020becc   0x00000010   Code   RO         6726    i.phhalRf_ClearLPInitiator  libphhalRf_armcc.lib(phhalrf_loadprotocol.o)
    0x0020bedc   0x0020bedc   0x00000010   Code   RO         6727    i.phhalRf_ClearLPTarget  libphhalRf_armcc.lib(phhalrf_loadprotocol.o)
    0x0020beec   0x0020beec   0x00000068   Code   RO         6528    i.phhalRf_ConfigNfcOp  libphhalRf_armcc.lib(phhalrf_common.o)
    0x0020bf54   0x0020bf54   0x0000005c   Code   RO         6529    i.phhalRf_DeInit    libphhalRf_armcc.lib(phhalrf_common.o)
    0x0020bfb0   0x0020bfb0   0x00000020   Code   RO         6530    i.phhalRf_DisableRfDriver  libphhalRf_armcc.lib(phhalrf_common.o)
    0x0020bfd0   0x0020bfd0   0x00000028   Code   RO         6699    i.phhalRf_DpllPhaseAdjust  libphhalRf_armcc.lib(phhalrf_isr.o)
    0x0020bff8   0x0020bff8   0x00000060   Code   RO         6700    i.phhalRf_EMD_Err_ReEnableRx  libphhalRf_armcc.lib(phhalrf_isr.o)
    0x0020c058   0x0020c058   0x00000044   Code   RO         6531    i.phhalRf_EnableIrq  libphhalRf_armcc.lib(phhalrf_common.o)
    0x0020c09c   0x0020c09c   0x00000040   Code   RO         6532    i.phhalRf_EnableRfDriver  libphhalRf_armcc.lib(phhalrf_common.o)
    0x0020c0dc   0x0020c0dc   0x00000048   Code   RO         6533    i.phhalRf_EnableRmMixer  libphhalRf_armcc.lib(phhalrf_common.o)
    0x0020c124   0x0020c124   0x00000040   Code   RO          568    i.phhalRf_Event_Consume  phhalrf_event.o
    0x0020c164   0x0020c164   0x00000028   Code   RO          569    i.phhalRf_Event_DeInit  phhalrf_event.o
    0x0020c18c   0x0020c18c   0x00000028   Code   RO          572    i.phhalRf_Event_Init  phhalrf_event.o
    0x0020c1b4   0x0020c1b4   0x0000002c   Code   RO          573    i.phhalRf_Event_Post  phhalrf_event.o
    0x0020c1e0   0x0020c1e0   0x00000048   Code   RO          576    i.phhalRf_Event_WaitAll  phhalrf_event.o
    0x0020c228   0x0020c228   0x00000048   Code   RO          577    i.phhalRf_Event_WaitAny  phhalrf_event.o
    0x0020c270   0x0020c270   0x00000040   Code   RO         6577    i.phhalRf_ExgGlobalInit  libphhalRf_armcc.lib(phhalrf_exchange.o)
    0x0020c2b0   0x0020c2b0   0x0000008c   Code   RO         6701    i.phhalRf_Felica_SC3372  libphhalRf_armcc.lib(phhalrf_isr.o)
    0x0020c33c   0x0020c33c   0x000000a4   Code   RO         6623    i.phhalRf_FieldOff  libphhalRf_armcc.lib(phhalrf_field.o)
    0x0020c3e0   0x0020c3e0   0x000000b8   Code   RO         6624    i.phhalRf_FieldOn   libphhalRf_armcc.lib(phhalrf_field.o)
    0x0020c498   0x0020c498   0x00000218   Code   RO         6625    i.phhalRf_FieldOnHandling  libphhalRf_armcc.lib(phhalrf_field.o)
    0x0020c6b0   0x0020c6b0   0x00000036   Code   RO         6626    i.phhalRf_FieldReset  libphhalRf_armcc.lib(phhalrf_field.o)
    0x0020c6e6   0x0020c6e6   0x00000002   PAD
    0x0020c6e8   0x0020c6e8   0x0000005c   Code   RO         6686    i.phhalRf_Fl_APC_RfIrqIn  libphhalRf_armcc.lib(phhalrf_apc.o)
    0x0020c744   0x0020c744   0x00000070   Code   RO         6687    i.phhalRf_Fl_APC_RssiAlgo  libphhalRf_armcc.lib(phhalrf_apc.o)
    0x0020c7b4   0x0020c7b4   0x00000094   Code   RO         6688    i.phhalRf_Fl_APC_SetTx  libphhalRf_armcc.lib(phhalrf_apc.o)
    0x0020c848   0x0020c848   0x00000074   Code   RO         6820    i.phhalRf_Fl_DPLL_CheckUpdateClockPhase  libphhalRf_armcc.lib(phhalrf_dpll.o)
    0x0020c8bc   0x0020c8bc   0x00000058   Code   RO         6638    i.phhalRf_GetAgcValue  libphhalRf_armcc.lib(phhalrf_initiator.o)
    0x0020c914   0x0020c914   0x000000d0   Code   RO         6534    i.phhalRf_GetConfig  libphhalRf_armcc.lib(phhalrf_common.o)
    0x0020c9e4   0x0020c9e4   0x00000018   Code   RO         6627    i.phhalRf_GetExtFieldStatus  libphhalRf_armcc.lib(phhalrf_field.o)
    0x0020c9fc   0x0020c9fc   0x00000018   Code   RO         6628    i.phhalRf_GetIntFieldStatus  libphhalRf_armcc.lib(phhalrf_field.o)
    0x0020ca14   0x0020ca14   0x0000000c   Code   RO         6728    i.phhalRf_GetLoadedInitiatorRx  libphhalRf_armcc.lib(phhalrf_loadprotocol.o)
    0x0020ca20   0x0020ca20   0x0000000c   Code   RO         6729    i.phhalRf_GetLoadedInitiatorTx  libphhalRf_armcc.lib(phhalrf_loadprotocol.o)
    0x0020ca2c   0x0020ca2c   0x0000000c   Code   RO         6731    i.phhalRf_GetLoadedTargetTx  libphhalRf_armcc.lib(phhalrf_loadprotocol.o)
    0x0020ca38   0x0020ca38   0x0000003c   Code   RO         6578    i.phhalRf_GetRxFrame  libphhalRf_armcc.lib(phhalrf_exchange.o)
    0x0020ca74   0x0020ca74   0x0000000c   Code   RO         6639    i.phhalRf_Get_MFC_Enable  libphhalRf_armcc.lib(phhalrf_initiator.o)
    0x0020ca80   0x0020ca80   0x0000000c   Code   RO         6640    i.phhalRf_Get_MF_Auth_Param  libphhalRf_armcc.lib(phhalrf_initiator.o)
    0x0020ca8c   0x0020ca8c   0x000000ac   Code   RO         6660    i.phhalRf_HandleRx  libphhalRf_armcc.lib(phhalrf_target.o)
    0x0020cb38   0x0020cb38   0x000000cc   Code   RO         6538    i.phhalRf_Init      libphhalRf_armcc.lib(phhalrf_common.o)
    0x0020cc04   0x0020cc04   0x0000001c   Code   RO         6539    i.phhalRf_InitaitorGlobalInit  libphhalRf_armcc.lib(phhalrf_common.o)
    0x0020cc20   0x0020cc20   0x00000110   Code   RO         6661    i.phhalRf_InitialLoadTarget  libphhalRf_armcc.lib(phhalrf_target.o)
    0x0020cd30   0x0020cd30   0x000000b8   Code   RO         6662    i.phhalRf_InitialTargetSetUp  libphhalRf_armcc.lib(phhalrf_target.o)
    0x0020cde8   0x0020cde8   0x000002a0   Code   RO         6702    i.phhalRf_InitiatorIsrHandler  libphhalRf_armcc.lib(phhalrf_isr.o)
    0x0020d088   0x0020d088   0x00000044   Code   RO         6703    i.phhalRf_Isr_IniGlobalReset  libphhalRf_armcc.lib(phhalrf_isr.o)
    0x0020d0cc   0x0020d0cc   0x00000068   Code   RO         6704    i.phhalRf_Isr_ProcessRFActInitiator  libphhalRf_armcc.lib(phhalrf_isr.o)
    0x0020d134   0x0020d134   0x0000003c   Code   RO         6641    i.phhalRf_LPCD      libphhalRf_armcc.lib(phhalrf_initiator.o)
    0x0020d170   0x0020d170   0x00000040   Code   RO         6732    i.phhalRf_LP_Initiator  libphhalRf_armcc.lib(phhalrf_loadprotocol.o)
    0x0020d1b0   0x0020d1b0   0x00000074   Code   RO         6733    i.phhalRf_LP_Load   libphhalRf_armcc.lib(phhalrf_loadprotocol.o)
    0x0020d224   0x0020d224   0x000000a4   Code   RO         6734    i.phhalRf_LP_Target  libphhalRf_armcc.lib(phhalrf_loadprotocol.o)
    0x0020d2c8   0x0020d2c8   0x00000068   Code   RO         6735    i.phhalRf_LoadEEPROM_I  libphhalRf_armcc.lib(phhalrf_loadprotocol.o)
    0x0020d330   0x0020d330   0x00000064   Code   RO         6736    i.phhalRf_LoadEEPROM_T  libphhalRf_armcc.lib(phhalrf_loadprotocol.o)
    0x0020d394   0x0020d394   0x0000007e   Code   RO         6737    i.phhalRf_LoadEEPSettings_I_Rx  libphhalRf_armcc.lib(phhalrf_loadprotocol.o)
    0x0020d412   0x0020d412   0x0000007c   Code   RO         6738    i.phhalRf_LoadEEPSettings_I_Tx  libphhalRf_armcc.lib(phhalrf_loadprotocol.o)
    0x0020d48e   0x0020d48e   0x00000002   PAD
    0x0020d490   0x0020d490   0x00000418   Code   RO         6739    i.phhalRf_LoadHALSettings_I_Rx  libphhalRf_armcc.lib(phhalrf_loadprotocol.o)
    0x0020d8a8   0x0020d8a8   0x00000170   Code   RO         6740    i.phhalRf_LoadHALSettings_I_Tx  libphhalRf_armcc.lib(phhalrf_loadprotocol.o)
    0x0020da18   0x0020da18   0x000000b8   Code   RO         6741    i.phhalRf_LoadHALSettings_T_Rx  libphhalRf_armcc.lib(phhalrf_loadprotocol.o)
    0x0020dad0   0x0020dad0   0x00000168   Code   RO         6742    i.phhalRf_LoadHALSettings_T_Tx  libphhalRf_armcc.lib(phhalrf_loadprotocol.o)
    0x0020dc38   0x0020dc38   0x00000070   Code   RO         6642    i.phhalRf_LoadProtocol_Initiator  libphhalRf_armcc.lib(phhalrf_initiator.o)
    0x0020dca8   0x0020dca8   0x00000060   Code   RO         6663    i.phhalRf_LoadProtocol_Target  libphhalRf_armcc.lib(phhalrf_target.o)
    0x0020dd08   0x0020dd08   0x00000088   Code   RO         6743    i.phhalRf_LoadRxWait  libphhalRf_armcc.lib(phhalrf_loadprotocol.o)
    0x0020dd90   0x0020dd90   0x00000084   Code   RO         6744    i.phhalRf_LoadTxWait  libphhalRf_armcc.lib(phhalrf_loadprotocol.o)
    0x0020de14   0x0020de14   0x00000010   Code   RO         6643    i.phhalRf_MFC_Disable  libphhalRf_armcc.lib(phhalrf_initiator.o)
    0x0020de24   0x0020de24   0x00000020   Code   RO         6644    i.phhalRf_MFC_ReAuth  libphhalRf_armcc.lib(phhalrf_initiator.o)
    0x0020de44   0x0020de44   0x0000006c   Code   RO         6645    i.phhalRf_MeasureAntennaDetuning  libphhalRf_armcc.lib(phhalrf_initiator.o)
    0x0020deb0   0x0020deb0   0x000000a4   Code   RO         6775    i.phhalRf_OcProt_AGCUpdate  libphhalRf_armcc.lib(phhalrf_ocprot.o)
    0x0020df54   0x0020df54   0x00000200   Code   RO         6776    i.phhalRf_OcProt_AdjustRXGain  libphhalRf_armcc.lib(phhalrf_ocprot.o)
    0x0020e154   0x0020e154   0x000001a0   Code   RO         6777    i.phhalRf_OcProt_AdjustShaping  libphhalRf_armcc.lib(phhalrf_ocprot.o)
    0x0020e2f4   0x0020e2f4   0x0000002a   Code   RO         6778    i.phhalRf_OcProt_ApplyAdjustment  libphhalRf_armcc.lib(phhalrf_ocprot.o)
    0x0020e31e   0x0020e31e   0x00000048   Code   RO         6779    i.phhalRf_OcProt_Apply_Gain_HPCF_Adjustment  libphhalRf_armcc.lib(phhalrf_ocprot.o)
    0x0020e366   0x0020e366   0x00000002   PAD
    0x0020e368   0x0020e368   0x00000058   Code   RO         6780    i.phhalRf_OcProt_ControlLoop  libphhalRf_armcc.lib(phhalrf_ocprot.o)
    0x0020e3c0   0x0020e3c0   0x00000020   Code   RO         6781    i.phhalRf_OcProt_DeInit  libphhalRf_armcc.lib(phhalrf_ocprot.o)
    0x0020e3e0   0x0020e3e0   0x00000034   Code   RO         6782    i.phhalRf_OcProt_EnableFastMode  libphhalRf_armcc.lib(phhalrf_ocprot.o)
    0x0020e414   0x0020e414   0x00000024   Code   RO         6783    i.phhalRf_OcProt_FieldOff  libphhalRf_armcc.lib(phhalrf_ocprot.o)
    0x0020e438   0x0020e438   0x000000a0   Code   RO         6784    i.phhalRf_OcProt_FieldOn  libphhalRf_armcc.lib(phhalrf_ocprot.o)
    0x0020e4d8   0x0020e4d8   0x0000000c   Code   RO         6786    i.phhalRf_OcProt_GetCurrentGear  libphhalRf_armcc.lib(phhalrf_ocprot.o)
    0x0020e4e4   0x0020e4e4   0x00000070   Code   RO         6787    i.phhalRf_OcProt_Init  libphhalRf_armcc.lib(phhalrf_ocprot.o)
    0x0020e554   0x0020e554   0x0000001c   Code   RO         6788    i.phhalRf_OcProt_Precondition  libphhalRf_armcc.lib(phhalrf_ocprot.o)
    0x0020e570   0x0020e570   0x0000001c   Code   RO         6789    i.phhalRf_OcProt_Precondition_RxGain  libphhalRf_armcc.lib(phhalrf_ocprot.o)
    0x0020e58c   0x0020e58c   0x00000030   Code   RO         6790    i.phhalRf_OcProt_SetGear  libphhalRf_armcc.lib(phhalrf_ocprot.o)
    0x0020e5bc   0x0020e5bc   0x00000020   Code   RO         6791    i.phhalRf_OcProt_SetGuardTimer  libphhalRf_armcc.lib(phhalrf_ocprot.o)
    0x0020e5dc   0x0020e5dc   0x00000108   Code   RO         6792    i.phhalRf_OcProt_ShiftGear  libphhalRf_armcc.lib(phhalrf_ocprot.o)
    0x0020e6e4   0x0020e6e4   0x000002a0   Code   RO         6579    i.phhalRf_PCD_Exchg  libphhalRf_armcc.lib(phhalrf_exchange.o)
    0x0020e984   0x0020e984   0x00000104   Code   RO         6583    i.phhalRf_PCD_ExchgMFC_Auth  libphhalRf_armcc.lib(phhalrf_exchange.o)
    0x0020ea88   0x0020ea88   0x00000020   Code   RO         6584    i.phhalRf_PCD_ExchgRxMultiple  libphhalRf_armcc.lib(phhalrf_exchange.o)
    0x0020eaa8   0x0020eaa8   0x00000058   Code   RO         6586    i.phhalRf_PCD_Exchg_TxOnlyEOF  libphhalRf_armcc.lib(phhalrf_exchange.o)
    0x0020eb00   0x0020eb00   0x0000004c   Code   RO         6587    i.phhalRf_PCD_SetExchgFdt  libphhalRf_armcc.lib(phhalrf_exchange.o)
    0x0020eb4c   0x0020eb4c   0x000000ac   Code   RO         6588    i.phhalRf_ProcessEvents  libphhalRf_armcc.lib(phhalrf_exchange.o)
    0x0020ebf8   0x0020ebf8   0x00000064   Code   RO         6705    i.phhalRf_ProcessRFActErrTarget  libphhalRf_armcc.lib(phhalrf_isr.o)
    0x0020ec5c   0x0020ec5c   0x00000068   Code   RO         6664    i.phhalRf_ProcessRx  libphhalRf_armcc.lib(phhalrf_target.o)
    0x0020ecc4   0x0020ecc4   0x00000174   Code   RO         6665    i.phhalRf_ProcessRxA  libphhalRf_armcc.lib(phhalrf_target.o)
    0x0020ee38   0x0020ee38   0x000000cc   Code   RO         6666    i.phhalRf_ProcessRxF  libphhalRf_armcc.lib(phhalrf_target.o)
    0x0020ef04   0x0020ef04   0x0000010c   Code   RO         6589    i.phhalRf_Receive   libphhalRf_armcc.lib(phhalrf_exchange.o)
    0x0020f010   0x0020f010   0x000000ac   Code   RO         6590    i.phhalRf_ReceiveAct  libphhalRf_armcc.lib(phhalrf_exchange.o)
    0x0020f0bc   0x0020f0bc   0x000000a4   Code   RO         6591    i.phhalRf_ReceivePassTarget  libphhalRf_armcc.lib(phhalrf_exchange.o)
    0x0020f160   0x0020f160   0x00000010   Code   RO         6540    i.phhalRf_RegCallBack  libphhalRf_armcc.lib(phhalrf_common.o)
    0x0020f170   0x0020f170   0x00000038   Code   RO         6746    i.phhalRf_ResetInitiatorTx  libphhalRf_armcc.lib(phhalrf_loadprotocol.o)
    0x0020f1a8   0x0020f1a8   0x00000018   Code   RO         6667    i.phhalRf_ResetTarget  libphhalRf_armcc.lib(phhalrf_target.o)
    0x0020f1c0   0x0020f1c0   0x00000074   Code   RO         6747    i.phhalRf_ResetTargetRx  libphhalRf_armcc.lib(phhalrf_loadprotocol.o)
    0x0020f234   0x0020f234   0x00000050   Code   RO         6748    i.phhalRf_ResetTargetTx  libphhalRf_armcc.lib(phhalrf_loadprotocol.o)
    0x0020f284   0x0020f284   0x00000038   Code   RO         6541    i.phhalRf_RestoreAgc  libphhalRf_armcc.lib(phhalrf_common.o)
    0x0020f2bc   0x0020f2bc   0x00000038   Code   RO         6542    i.phhalRf_RestoreNfcIp1  libphhalRf_armcc.lib(phhalrf_common.o)
    0x0020f2f4   0x0020f2f4   0x0000003c   Code   RO         6592    i.phhalRf_RxActReEnable  libphhalRf_armcc.lib(phhalrf_exchange.o)
    0x0020f330   0x0020f330   0x00000048   Code   RO         6593    i.phhalRf_RxActiveRfOnHandle  libphhalRf_armcc.lib(phhalrf_exchange.o)
    0x0020f378   0x0020f378   0x00000074   Code   RO         6594    i.phhalRf_RxError   libphhalRf_armcc.lib(phhalrf_exchange.o)
    0x0020f3ec   0x0020f3ec   0x000000ac   Code   RO         6629    i.phhalRf_SC3375    libphhalRf_armcc.lib(phhalrf_field.o)
    0x0020f498   0x0020f498   0x00000358   Code   RO         6543    i.phhalRf_SetConfig  libphhalRf_armcc.lib(phhalrf_common.o)
    0x0020f7f0   0x0020f7f0   0x00000018   Code   RO         6706    i.phhalRf_SetGuardTime  libphhalRf_armcc.lib(phhalrf_isr.o)
    0x0020f808   0x0020f808   0x00000080   Code   RO         6544    i.phhalRf_SetIdleState  libphhalRf_armcc.lib(phhalrf_common.o)
    0x0020f888   0x0020f888   0x00000078   Code   RO         6545    i.phhalRf_SetMinGuardTime  libphhalRf_armcc.lib(phhalrf_common.o)
    0x0020f900   0x0020f900   0x00000114   Code   RO         6546    i.phhalRf_SetNfcIp1  libphhalRf_armcc.lib(phhalrf_common.o)
    0x0020fa14   0x0020fa14   0x00000024   Code   RO         6595    i.phhalRf_SetUpTxRxBuffer  libphhalRf_armcc.lib(phhalrf_exchange.o)
    0x0020fa38   0x0020fa38   0x00000018   Code   RO         6547    i.phhalRf_SetWait   libphhalRf_armcc.lib(phhalrf_common.o)
    0x0020fa50   0x0020fa50   0x0000009c   Code   RO         6596    i.phhalRf_Set_HID   libphhalRf_armcc.lib(phhalrf_exchange.o)
    0x0020faec   0x0020faec   0x00000060   Code   RO         6548    i.phhalRf_Set_PollGuard_Timer  libphhalRf_armcc.lib(phhalrf_common.o)
    0x0020fb4c   0x0020fb4c   0x00000058   Code   RO         6668    i.phhalRf_TargetCleanUp  libphhalRf_armcc.lib(phhalrf_target.o)
    0x0020fba4   0x0020fba4   0x00000380   Code   RO         6707    i.phhalRf_TargetIsrHandler  libphhalRf_armcc.lib(phhalrf_isr.o)
    0x0020ff24   0x0020ff24   0x00000080   Code   RO         6669    i.phhalRf_TargetRespTransmit  libphhalRf_armcc.lib(phhalrf_target.o)
    0x0020ffa4   0x0020ffa4   0x0000003c   Code   RO         6814    i.phhalRf_Timer_IRQenable  libphhalRf_armcc.lib(phhalrf_timer.o)
    0x0020ffe0   0x0020ffe0   0x00000060   Code   RO         6815    i.phhalRf_Timer_Start  libphhalRf_armcc.lib(phhalrf_timer.o)
    0x00210040   0x00210040   0x00000058   Code   RO         6816    i.phhalRf_Timer_Stop  libphhalRf_armcc.lib(phhalrf_timer.o)
    0x00210098   0x00210098   0x00000220   Code   RO         6597    i.phhalRf_Transmit  libphhalRf_armcc.lib(phhalrf_exchange.o)
    0x002102b8   0x002102b8   0x00000024   Code   RO         6708    i.phhalRf_TxRfOffHandling  libphhalRf_armcc.lib(phhalrf_isr.o)
    0x002102dc   0x002102dc   0x00000024   Code   RO         6709    i.phhalRf_TxRfOnDriverEnable  libphhalRf_armcc.lib(phhalrf_isr.o)
    0x00210300   0x00210300   0x00000090   Code   RO         6710    i.phhalRf_TxRfOnHandling  libphhalRf_armcc.lib(phhalrf_isr.o)
    0x00210390   0x00210390   0x00000010   Code   RO         2127    i.phhalTimer_Init   phhaltimer.o
    0x002103a0   0x002103a0   0x00000010   Code   RO         2128    i.phhalTimer_ReleaseTimer  phhaltimer.o
    0x002103b0   0x002103b0   0x00000010   Code   RO         2129    i.phhalTimer_RequestTimer  phhaltimer.o
    0x002103c0   0x002103c0   0x00000020   Code   RO         4708    i.phlnLlcp_Activate  phlnllcp.o
    0x002103e0   0x002103e0   0x00000020   Code   RO         4709    i.phlnLlcp_DeInit   phlnllcp.o
    0x00210400   0x00210400   0x00000020   Code   RO         4710    i.phlnLlcp_Deactivate  phlnllcp.o
    0x00210420   0x00210420   0x00000008   Code   RO         5279    i.phlnLlcp_LtoTimerCallback  phlnllcp_timers.o
    0x00210428   0x00210428   0x00000048   Code   RO         4998    i.phlnLlcp_MacDeactivation  phlnllcp_sw_mac.o
    0x00210470   0x00210470   0x00000020   Code   RO         4999    i.phlnLlcp_MacGetConfig  phlnllcp_sw_mac.o
    0x00210490   0x00210490   0x00000020   Code   RO         5000    i.phlnLlcp_MacReceive  phlnllcp_sw_mac.o
    0x002104b0   0x002104b0   0x00000020   Code   RO         5001    i.phlnLlcp_MacSetConfig  phlnllcp_sw_mac.o
    0x002104d0   0x002104d0   0x00000020   Code   RO         5002    i.phlnLlcp_MacTransmit  phlnllcp_sw_mac.o
    0x002104f0   0x002104f0   0x000002cc   Code   RO         4810    i.phlnLlcp_Sw_Activate  phlnllcp_sw.o
    0x002107bc   0x002107bc   0x0000006c   Code   RO         4811    i.phlnLlcp_Sw_DeInit  phlnllcp_sw.o
    0x00210828   0x00210828   0x00000058   Code   RO         4812    i.phlnLlcp_Sw_Deactivate  phlnllcp_sw.o
    0x00210880   0x00210880   0x000000d8   Code   RO         4813    i.phlnLlcp_Sw_Init  phlnllcp_sw.o
    0x00210958   0x00210958   0x00000040   Code   RO         4893    i.phlnLlcp_Sw_Int_CheckGenBytes  phlnllcp_sw_int.o
    0x00210998   0x00210998   0x00000082   Code   RO         4894    i.phlnLlcp_Sw_Int_GetUri  phlnllcp_sw_int.o
    0x00210a1a   0x00210a1a   0x00000002   PAD
    0x00210a1c   0x00210a1c   0x00000054   Code   RO         4895    i.phlnLlcp_Sw_Int_HandleMsgQueue  phlnllcp_sw_int.o
    0x00210a70   0x00210a70   0x000000b0   Code   RO         4896    i.phlnLlcp_Sw_Int_ParseGenBytes  phlnllcp_sw_int.o
    0x00210b20   0x00210b20   0x000000c4   Code   RO         5048    i.phlnLlcp_Sw_Int_Pdu_CcOrC  phlnllcp_sw_transport.o
    0x00210be4   0x00210be4   0x000000a0   Code   RO         5261    i.phlnLlcp_Sw_Int_Pdu_ConnectionLess_InfoEx  phlnllcp_sw_transport_connectionless.o
    0x00210c84   0x00210c84   0x0000003c   Code   RO         5049    i.phlnLlcp_Sw_Int_Pdu_DiscOrDm  phlnllcp_sw_transport.o
    0x00210cc0   0x00210cc0   0x00000036   Code   RO         4898    i.phlnLlcp_Sw_Int_Pdu_FrameHeader  phlnllcp_sw_int.o
    0x00210cf6   0x00210cf6   0x0000006a   Code   RO         5050    i.phlnLlcp_Sw_Int_Pdu_Frmr  phlnllcp_sw_transport.o
    0x00210d60   0x00210d60   0x000001dc   Code   RO         4899    i.phlnLlcp_Sw_Int_Pdu_Handle  phlnllcp_sw_int.o
    0x00210f3c   0x00210f3c   0x000000e0   Code   RO         5207    i.phlnLlcp_Sw_Int_Pdu_InfoEx  phlnllcp_sw_transport_connection.o
    0x0021101c   0x0021101c   0x00000268   Code   RO         4900    i.phlnLlcp_Sw_Int_Pdu_Process  phlnllcp_sw_int.o
    0x00211284   0x00211284   0x0000002e   Code   RO         5051    i.phlnLlcp_Sw_Int_Pdu_RrOrRnr  phlnllcp_sw_transport.o
    0x002112b2   0x002112b2   0x00000044   Code   RO         5052    i.phlnLlcp_Sw_Int_Pdu_Snl  phlnllcp_sw_transport.o
    0x002112f6   0x002112f6   0x000000a8   Code   RO         5208    i.phlnLlcp_Sw_Int_Pdu_SnlEx  phlnllcp_sw_transport_connection.o
    0x0021139e   0x0021139e   0x00000192   Code   RO         4901    i.phlnLlcp_Sw_Int_PostEvents  phlnllcp_sw_int.o
    0x00211530   0x00211530   0x000000bc   Code   RO         4902    i.phlnLlcp_Sw_Int_PostRxMsgQueue  phlnllcp_sw_int.o
    0x002115ec   0x002115ec   0x0000010c   Code   RO         4903    i.phlnLlcp_Sw_Int_Send  phlnllcp_sw_int.o
    0x002116f8   0x002116f8   0x0000007c   Code   RO         5053    i.phlnLlcp_Sw_Int_Socket_SendInt  phlnllcp_sw_transport.o
    0x00211774   0x00211774   0x0000001c   Code   RO         4904    i.phlnLlcp_Sw_Int_Transport_Socket_GetSap  phlnllcp_sw_int.o
    0x00211790   0x00211790   0x00000094   Code   RO         4905    i.phlnLlcp_Sw_Int_Transport_Socket_Register  phlnllcp_sw_int.o
    0x00211824   0x00211824   0x00000030   Code   RO         4906    i.phlnLlcp_Sw_Int_VersionAgreement  phlnllcp_sw_int.o
    0x00211854   0x00211854   0x00000018   Code   RO         5003    i.phlnLlcp_Sw_MacHAL_ShutDown  phlnllcp_sw_mac.o
    0x0021186c   0x0021186c   0x000000f4   Code   RO         5004    i.phlnLlcp_Sw_MacInit  phlnllcp_sw_mac.o
    0x00211960   0x00211960   0x00000034   Code   RO         5210    i.phlnLlcp_Sw_Transport_Socket_ConnectViaUri  phlnllcp_sw_transport_connection.o
    0x00211994   0x00211994   0x00000034   Code   RO         5211    i.phlnLlcp_Sw_Transport_Socket_Disconnect  phlnllcp_sw_transport_connection.o
    0x002119c8   0x002119c8   0x00000068   Code   RO         4814    i.phlnLlcp_Sw_Transport_Socket_Init  phlnllcp_sw.o
    0x00211a30   0x00211a30   0x0000003c   Code   RO         4815    i.phlnLlcp_Sw_Transport_Socket_Receive  phlnllcp_sw.o
    0x00211a6c   0x00211a6c   0x00000048   Code   RO         4816    i.phlnLlcp_Sw_Transport_Socket_Register  phlnllcp_sw.o
    0x00211ab4   0x00211ab4   0x00000028   Code   RO         5213    i.phlnLlcp_Sw_Transport_Socket_Send  phlnllcp_sw_transport_connection.o
    0x00211adc   0x00211adc   0x00000044   Code   RO         4817    i.phlnLlcp_Sw_Transport_Socket_UnblockAll  phlnllcp_sw.o
    0x00211b20   0x00211b20   0x0000007c   Code   RO         4818    i.phlnLlcp_Sw_Transport_Socket_Unregister  phlnllcp_sw.o
    0x00211b9c   0x00211b9c   0x00000024   Code   RO         4819    i.phlnLlcp_Sw_WaitForActivation  phlnllcp_sw.o
    0x00211bc0   0x00211bc0   0x00000034   Code   RO         5280    i.phlnLlcp_SymTimerCallback  phlnllcp_timers.o
    0x00211bf4   0x00211bf4   0x0000001a   Code   RO         5281    i.phlnLlcp_Timers_DeInitLto  phlnllcp_timers.o
    0x00211c0e   0x00211c0e   0x0000001a   Code   RO         5282    i.phlnLlcp_Timers_DeInitSym  phlnllcp_timers.o
    0x00211c28   0x00211c28   0x0000003c   Code   RO         5283    i.phlnLlcp_Timers_InitLto  phlnllcp_timers.o
    0x00211c64   0x00211c64   0x0000003c   Code   RO         5284    i.phlnLlcp_Timers_InitSym  phlnllcp_timers.o
    0x00211ca0   0x00211ca0   0x0000001a   Code   RO         5285    i.phlnLlcp_Timers_LtoStart  phlnllcp_timers.o
    0x00211cba   0x00211cba   0x00000016   Code   RO         5286    i.phlnLlcp_Timers_StopLto  phlnllcp_timers.o
    0x00211cd0   0x00211cd0   0x0000001a   Code   RO         5287    i.phlnLlcp_Timers_SymStart  phlnllcp_timers.o
    0x00211cea   0x00211cea   0x00000002   PAD
    0x00211cec   0x00211cec   0x00000020   Code   RO         4712    i.phlnLlcp_Transport_Socket_ConnectViaUri  phlnllcp.o
    0x00211d0c   0x00211d0c   0x00000020   Code   RO         4713    i.phlnLlcp_Transport_Socket_Disconnect  phlnllcp.o
    0x00211d2c   0x00211d2c   0x00000024   Code   RO         4715    i.phlnLlcp_Transport_Socket_Init  phlnllcp.o
    0x00211d50   0x00211d50   0x00000020   Code   RO         4716    i.phlnLlcp_Transport_Socket_Receive  phlnllcp.o
    0x00211d70   0x00211d70   0x00000024   Code   RO         4717    i.phlnLlcp_Transport_Socket_Register  phlnllcp.o
    0x00211d94   0x00211d94   0x00000034   Code   RO         4907    i.phlnLlcp_Transport_Socket_Search  phlnllcp_sw_int.o
    0x00211dc8   0x00211dc8   0x00000040   Code   RO         4908    i.phlnLlcp_Transport_Socket_SearchUri  phlnllcp_sw_int.o
    0x00211e08   0x00211e08   0x00000024   Code   RO         4718    i.phlnLlcp_Transport_Socket_Send  phlnllcp.o
    0x00211e2c   0x00211e2c   0x00000020   Code   RO         4720    i.phlnLlcp_Transport_Socket_Unregister  phlnllcp.o
    0x00211e4c   0x00211e4c   0x00000020   Code   RO         4722    i.phlnLlcp_WaitForActivation  phlnllcp.o
    0x00211e6c   0x00211e6c   0x00000020   Code   RO         5880    i.phnpSnep_ClientDeInit  phnpsnep.o
    0x00211e8c   0x00211e8c   0x00000024   Code   RO         5881    i.phnpSnep_ClientInit  phnpsnep.o
    0x00211eb0   0x00211eb0   0x00000016   Code   RO         5937    i.phnpSnep_GetHeader  phnpsnep_sw.o
    0x00211ec6   0x00211ec6   0x00000002   PAD
    0x00211ec8   0x00211ec8   0x00000020   Code   RO         5883    i.phnpSnep_Put      phnpsnep.o
    0x00211ee8   0x00211ee8   0x0000001a   Code   RO         5938    i.phnpSnep_Sw_ClientDeInit  phnpsnep_sw.o
    0x00211f02   0x00211f02   0x00000002   PAD
    0x00211f04   0x00211f04   0x00000090   Code   RO         5939    i.phnpSnep_Sw_ClientInit  phnpsnep_sw.o
    0x00211f94   0x00211f94   0x0000002c   Code   RO         5941    i.phnpSnep_Sw_Init  phnpsnep_sw.o
    0x00211fc0   0x00211fc0   0x00000128   Code   RO         5942    i.phnpSnep_Sw_Put   phnpsnep_sw.o
    0x002120e8   0x002120e8   0x0000001e   Code   RO         6015    i.phpalFelica_GetConfig  phpalfelica.o
    0x00212106   0x00212106   0x0000002e   Code   RO         6016    i.phpalFelica_GetFrameInfo  phpalfelica.o
    0x00212134   0x00212134   0x00000022   Code   RO         6018    i.phpalFelica_ReqC  phpalfelica.o
    0x00212156   0x00212156   0x0000001e   Code   RO         6019    i.phpalFelica_SetConfig  phpalfelica.o
    0x00212174   0x00212174   0x0000001e   Code   RO         6020    i.phpalFelica_SetSerialNo  phpalfelica.o
    0x00212192   0x00212192   0x00000002   PAD
    0x00212194   0x00212194   0x00000020   Code   RO         2597    i.phpalFelica_Sw_GetConfig  phpalfelica_sw.o
    0x002121b4   0x002121b4   0x00000090   Code   RO         2598    i.phpalFelica_Sw_GetFrameInfo  phpalfelica_sw.o
    0x00212244   0x00212244   0x00000024   Code   RO         2600    i.phpalFelica_Sw_Init  phpalfelica_sw.o
    0x00212268   0x00212268   0x00000164   Code   RO         2601    i.phpalFelica_Sw_ReqC  phpalfelica_sw.o
    0x002123cc   0x002123cc   0x00000044   Code   RO         2602    i.phpalFelica_Sw_SetConfig  phpalfelica_sw.o
    0x00212410   0x00212410   0x00000012   Code   RO         2603    i.phpalFelica_Sw_SetSerialNo  phpalfelica_sw.o
    0x00212422   0x00212422   0x00000032   Code   RO         5523    i.phpalI14443p3a_ActivateCard  phpali14443p3a.o
    0x00212454   0x00212454   0x0000002e   Code   RO         5524    i.phpalI14443p3a_Anticollision  phpali14443p3a.o
    0x00212482   0x00212482   0x0000002e   Code   RO         5525    i.phpalI14443p3a_Exchange  phpali14443p3a.o
    0x002124b0   0x002124b0   0x0000001e   Code   RO         5527    i.phpalI14443p3a_GetSerialNo  phpali14443p3a.o
    0x002124ce   0x002124ce   0x0000001e   Code   RO         5528    i.phpalI14443p3a_HaltA  phpali14443p3a.o
    0x002124ec   0x002124ec   0x0000001e   Code   RO         5529    i.phpalI14443p3a_RequestA  phpali14443p3a.o
    0x0021250a   0x0021250a   0x0000001e   Code   RO         5530    i.phpalI14443p3a_Select  phpali14443p3a.o
    0x00212528   0x00212528   0x0000001e   Code   RO         5531    i.phpalI14443p3a_SetConfig  phpali14443p3a.o
    0x00212546   0x00212546   0x00000002   PAD
    0x00212548   0x00212548   0x00000248   Code   RO         3232    i.phpalI14443p3a_Sw_ActivateCard  phpali14443p3a_sw.o
    0x00212790   0x00212790   0x000002cc   Code   RO         3233    i.phpalI14443p3a_Sw_Anticollision  phpali14443p3a_sw.o
    0x00212a5c   0x00212a5c   0x00000012   Code   RO         3234    i.phpalI14443p3a_Sw_Exchange  phpali14443p3a_sw.o
    0x00212a6e   0x00212a6e   0x00000002   PAD
    0x00212a70   0x00212a70   0x00000028   Code   RO         3236    i.phpalI14443p3a_Sw_GetSerialNo  phpali14443p3a_sw.o
    0x00212a98   0x00212a98   0x0000006c   Code   RO         3237    i.phpalI14443p3a_Sw_HaltA  phpali14443p3a_sw.o
    0x00212b04   0x00212b04   0x00000024   Code   RO         3238    i.phpalI14443p3a_Sw_Init  phpali14443p3a_sw.o
    0x00212b28   0x00212b28   0x0000000c   Code   RO         3239    i.phpalI14443p3a_Sw_RequestA  phpali14443p3a_sw.o
    0x00212b34   0x00212b34   0x0000010c   Code   RO         3240    i.phpalI14443p3a_Sw_RequestAEx  phpali14443p3a_sw.o
    0x00212c40   0x00212c40   0x00000010   Code   RO         3241    i.phpalI14443p3a_Sw_Select  phpali14443p3a_sw.o
    0x00212c50   0x00212c50   0x00000030   Code   RO         3242    i.phpalI14443p3a_Sw_SetConfig  phpali14443p3a_sw.o
    0x00212c80   0x00212c80   0x0000000c   Code   RO         3243    i.phpalI14443p3a_Sw_WakeUpA  phpali14443p3a_sw.o
    0x00212c8c   0x00212c8c   0x0000001e   Code   RO         5532    i.phpalI14443p3a_WakeUpA  phpali14443p3a.o
    0x00212caa   0x00212caa   0x0000003a   Code   RO         5788    i.phpalI14443p3b_Attrib  phpali14443p3b.o
    0x00212ce4   0x00212ce4   0x00000032   Code   RO         5792    i.phpalI14443p3b_GetProtocolParams  phpali14443p3b.o
    0x00212d16   0x00212d16   0x0000001e   Code   RO         5794    i.phpalI14443p3b_HaltB  phpali14443p3b.o
    0x00212d34   0x00212d34   0x0000002e   Code   RO         5795    i.phpalI14443p3b_RequestB  phpali14443p3b.o
    0x00212d62   0x00212d62   0x0000001e   Code   RO         5796    i.phpalI14443p3b_SetConfig  phpali14443p3b.o
    0x00212d80   0x00212d80   0x0000001e   Code   RO         5798    i.phpalI14443p3b_SetSerialNo  phpali14443p3b.o
    0x00212d9e   0x00212d9e   0x0000001e   Code   RO         5799    i.phpalI14443p3b_SlotMarker  phpali14443p3b.o
    0x00212dbc   0x00212dbc   0x0000035c   Code   RO         3317    i.phpalI14443p3b_Sw_Attrib  phpali14443p3b_sw.o
    0x00213118   0x00213118   0x000000e8   Code   RO         3318    i.phpalI14443p3b_Sw_CheckATQBEx  phpali14443p3b_sw.o
    0x00213200   0x00213200   0x00000022   Code   RO         3323    i.phpalI14443p3b_Sw_GetProtocolParams  phpali14443p3b_sw.o
    0x00213222   0x00213222   0x00000002   PAD
    0x00213224   0x00213224   0x0000006c   Code   RO         3325    i.phpalI14443p3b_Sw_HaltB  phpali14443p3b_sw.o
    0x00213290   0x00213290   0x00000050   Code   RO         3326    i.phpalI14443p3b_Sw_Init  phpali14443p3b_sw.o
    0x002132e0   0x002132e0   0x0000001a   Code   RO         3327    i.phpalI14443p3b_Sw_RequestB  phpali14443p3b_sw.o
    0x002132fa   0x002132fa   0x00000002   PAD
    0x002132fc   0x002132fc   0x000000d0   Code   RO         3328    i.phpalI14443p3b_Sw_RequestBEx  phpali14443p3b_sw.o
    0x002133cc   0x002133cc   0x00000040   Code   RO         3329    i.phpalI14443p3b_Sw_SetConfig  phpali14443p3b_sw.o
    0x0021340c   0x0021340c   0x00000068   Code   RO         3331    i.phpalI14443p3b_Sw_SetReaderBaudRateEx  phpali14443p3b_sw.o
    0x00213474   0x00213474   0x00000016   Code   RO         3332    i.phpalI14443p3b_Sw_SetSerialNo  phpali14443p3b_sw.o
    0x0021348a   0x0021348a   0x00000002   PAD
    0x0021348c   0x0021348c   0x00000054   Code   RO         3333    i.phpalI14443p3b_Sw_SlotMarker  phpali14443p3b_sw.o
    0x002134e0   0x002134e0   0x0000001a   Code   RO         3334    i.phpalI14443p3b_Sw_WakeUpB  phpali14443p3b_sw.o
    0x002134fa   0x002134fa   0x0000002e   Code   RO         5800    i.phpalI14443p3b_WakeUpB  phpali14443p3b.o
    0x00213528   0x00213528   0x0000001e   Code   RO         5736    i.phpalI14443p4_Deselect  phpali14443p4.o
    0x00213546   0x00213546   0x0000001e   Code   RO         5741    i.phpalI14443p4_SetConfig  phpali14443p4.o
    0x00213564   0x00213564   0x0000003a   Code   RO         5742    i.phpalI14443p4_SetProtocol  phpali14443p4.o
    0x0021359e   0x0021359e   0x00000040   Code   RO         3444    i.phpalI14443p4_Sw_BuildSBlock  phpali14443p4_sw.o
    0x002135de   0x002135de   0x00000002   PAD
    0x002135e0   0x002135e0   0x000000f4   Code   RO         3445    i.phpalI14443p4_Sw_Deselect  phpali14443p4_sw.o
    0x002136d4   0x002136d4   0x00000020   Code   RO         3448    i.phpalI14443p4_Sw_Init  phpali14443p4_sw.o
    0x002136f4   0x002136f4   0x00000020   Code   RO         3454    i.phpalI14443p4_Sw_ResetProtocol  phpali14443p4_sw.o
    0x00213714   0x00213714   0x00000084   Code   RO         3455    i.phpalI14443p4_Sw_SetConfig  phpali14443p4_sw.o
    0x00213798   0x00213798   0x00000038   Code   RO         3456    i.phpalI14443p4_Sw_SetProtocol  phpali14443p4_sw.o
    0x002137d0   0x002137d0   0x0000002e   Code   RO         6160    i.phpalI14443p4a_ActivateCard  phpali14443p4a.o
    0x002137fe   0x002137fe   0x00000032   Code   RO         6161    i.phpalI14443p4a_GetProtocolParams  phpali14443p4a.o
    0x00213830   0x00213830   0x0000001e   Code   RO         6164    i.phpalI14443p4a_SetConfig  phpali14443p4a.o
    0x0021384e   0x0021384e   0x00000002   PAD
    0x00213850   0x00213850   0x00000064   Code   RO         3942    i.phpalI14443p4a_Sw_ActivateCard  phpali14443p4a_sw.o
    0x002138b4   0x002138b4   0x00000022   Code   RO         3943    i.phpalI14443p4a_Sw_GetProtocolParams  phpali14443p4a_sw.o
    0x002138d6   0x002138d6   0x00000002   PAD
    0x002138d8   0x002138d8   0x00000038   Code   RO         3944    i.phpalI14443p4a_Sw_Init  phpali14443p4a_sw.o
    0x00213910   0x00213910   0x000000e0   Code   RO         3945    i.phpalI14443p4a_Sw_Pps  phpali14443p4a_sw.o
    0x002139f0   0x002139f0   0x00000370   Code   RO         3946    i.phpalI14443p4a_Sw_Rats  phpali14443p4a_sw.o
    0x00213d60   0x00213d60   0x0000002c   Code   RO         3947    i.phpalI14443p4a_Sw_SetConfig  phpali14443p4a_sw.o
    0x00213d8c   0x00213d8c   0x00000040   Code   RO         6072    i.phpalI18000p3m3_CreateBeginRoundCmd  phpali18000p3m3.o
    0x00213dcc   0x00213dcc   0x0000004e   Code   RO         6073    i.phpalI18000p3m3_CreateSelectCmd  phpali18000p3m3.o
    0x00213e1a   0x00213e1a   0x00000002   PAD
    0x00213e1c   0x00213e1c   0x000000a8   Code   RO         3548    i.phpalI18000p3m3_Sw_CreateBeginRoundCmd  phpali18000p3m3_sw.o
    0x00213ec4   0x00213ec4   0x00000104   Code   RO         3549    i.phpalI18000p3m3_Sw_CreateSelectCmd  phpali18000p3m3_sw.o
    0x00213fc8   0x00213fc8   0x00000020   Code   RO         3551    i.phpalI18000p3m3_Sw_Init  phpali18000p3m3_sw.o
    0x00213fe8   0x00213fe8   0x00000046   Code   RO         5344    i.phpalI18092mPI_Atr  phpali18092mpi.o
    0x0021402e   0x0021402e   0x00000002   PAD
    0x00214030   0x00214030   0x00000030   Code   RO         5345    i.phpalI18092mPI_Deselect  phpali18092mpi.o
    0x00214060   0x00214060   0x0000001e   Code   RO         5347    i.phpalI18092mPI_GetConfig  phpali18092mpi.o
    0x0021407e   0x0021407e   0x0000001e   Code   RO         5351    i.phpalI18092mPI_Receive  phpali18092mpi.o
    0x0021409c   0x0021409c   0x0000001e   Code   RO         5352    i.phpalI18092mPI_ResetProtocol  phpali18092mpi.o
    0x002140ba   0x002140ba   0x0000001e   Code   RO         5353    i.phpalI18092mPI_SetConfig  phpali18092mpi.o
    0x002140d8   0x002140d8   0x000002ec   Code   RO         3991    i.phpalI18092mPI_Sw_Atr  phpali18092mpi_sw.o
    0x002143c4   0x002143c4   0x0000002c   Code   RO         4088    i.phpalI18092mPI_Sw_ConvertDatarate  phpali18092mpi_sw_int.o
    0x002143f0   0x002143f0   0x00000110   Code   RO         3992    i.phpalI18092mPI_Sw_Deselect  phpali18092mpi_sw.o
    0x00214500   0x00214500   0x00000064   Code   RO         3994    i.phpalI18092mPI_Sw_GetConfig  phpali18092mpi_sw.o
    0x00214564   0x00214564   0x0000002c   Code   RO         4089    i.phpalI18092mPI_Sw_GetPduHeaderLength  phpali18092mpi_sw_int.o
    0x00214590   0x00214590   0x0000001c   Code   RO         3996    i.phpalI18092mPI_Sw_Init  phpali18092mpi_sw.o
    0x002145ac   0x002145ac   0x00000278   Code   RO         3999    i.phpalI18092mPI_Sw_Receive  phpali18092mpi_sw.o
    0x00214824   0x00214824   0x0000002a   Code   RO         4000    i.phpalI18092mPI_Sw_ResetProtocol  phpali18092mpi_sw.o
    0x0021484e   0x0021484e   0x00000002   PAD
    0x00214850   0x00214850   0x00000070   Code   RO         4001    i.phpalI18092mPI_Sw_SetConfig  phpali18092mpi_sw.o
    0x002148c0   0x002148c0   0x00000418   Code   RO         4090    i.phpalI18092mPI_Sw_TransceivePdu  phpali18092mpi_sw_int.o
    0x00214cd8   0x00214cd8   0x0000023c   Code   RO         4002    i.phpalI18092mPI_Sw_Transmit  phpali18092mpi_sw.o
    0x00214f14   0x00214f14   0x0000007c   Code   RO         4091    i.phpalI18092mPI_Sw_UpdatePduHeader  phpali18092mpi_sw_int.o
    0x00214f90   0x00214f90   0x000000a8   Code   RO         4092    i.phpalI18092mPI_Sw_ValidateAndNormalizeResponseFrame  phpali18092mpi_sw_int.o
    0x00215038   0x00215038   0x00000330   Code   RO         4093    i.phpalI18092mPI_Sw_ValidateReceivedPdu  phpali18092mpi_sw_int.o
    0x00215368   0x00215368   0x00000024   Code   RO         4094    i.phpalI18092mPI_Sw_WriteFrameHeader  phpali18092mpi_sw_int.o
    0x0021538c   0x0021538c   0x0000009c   Code   RO         4095    i.phpalI18092mPI_Sw_WritePduHeader  phpali18092mpi_sw_int.o
    0x00215428   0x00215428   0x0000001e   Code   RO         5354    i.phpalI18092mPI_Transmit  phpali18092mpi.o
    0x00215446   0x00215446   0x0000002e   Code   RO         4618    i.phpalMifare_ExchangeL3  phpalmifare.o
    0x00215474   0x00215474   0x00000022   Code   RO         4623    i.phpalMifare_MfcAuthenticate  phpalmifare.o
    0x00215496   0x00215496   0x0000002e   Code   RO         4624    i.phpalMifare_MfcAuthenticateKeyNo  phpalmifare.o
    0x002154c4   0x002154c4   0x0000012c   Code   RO         4367    i.phpalMifare_Sw_ExchangeL3  phpalmifare_sw.o
    0x002155f0   0x002155f0   0x0000001c   Code   RO         4372    i.phpalMifare_Sw_Init  phpalmifare_sw.o
    0x0021560c   0x0021560c   0x00000028   Code   RO         4373    i.phpalMifare_Sw_MfcAuthenticate  phpalmifare_sw.o
    0x00215634   0x00215634   0x0000002c   Code   RO         4374    i.phpalMifare_Sw_MfcAuthenticateKeyNo  phpalmifare_sw.o
    0x00215660   0x00215660   0x0000002e   Code   RO         5091    i.phpalSli15693_Exchange  phpalsli15693.o
    0x0021568e   0x0021568e   0x00000032   Code   RO         5097    i.phpalSli15693_Inventory  phpalsli15693.o
    0x002156c0   0x002156c0   0x0000001e   Code   RO         5102    i.phpalSli15693_Select  phpalsli15693.o
    0x002156de   0x002156de   0x00000032   Code   RO         5103    i.phpalSli15693_SendEof  phpalsli15693.o
    0x00215710   0x00215710   0x0000001e   Code   RO         5104    i.phpalSli15693_SetConfig  phpalsli15693.o
    0x0021572e   0x0021572e   0x0000001e   Code   RO         5105    i.phpalSli15693_SetSerialNo  phpalsli15693.o
    0x0021574c   0x0021574c   0x00000120   Code   RO         2999    i.phpalSli15693_Sw_Exchange  phpalsli15693_sw.o
    0x0021586c   0x0021586c   0x0000002c   Code   RO         3005    i.phpalSli15693_Sw_Init  phpalsli15693_sw.o
    0x00215898   0x00215898   0x00000032   Code   RO         3006    i.phpalSli15693_Sw_Inventory  phpalsli15693_sw.o
    0x002158ca   0x002158ca   0x0000003e   Code   RO         3007    i.phpalSli15693_Sw_InventoryEx  phpalsli15693_sw.o
    0x00215908   0x00215908   0x00000410   Code   RO         3008    i.phpalSli15693_Sw_InventoryExt  phpalsli15693_sw.o
    0x00215d18   0x00215d18   0x00000068   Code   RO         3013    i.phpalSli15693_Sw_Select  phpalsli15693_sw.o
    0x00215d80   0x00215d80   0x00000264   Code   RO         3014    i.phpalSli15693_Sw_SendEof  phpalsli15693_sw.o
    0x00215fe4   0x00215fe4   0x00000170   Code   RO         3015    i.phpalSli15693_Sw_SetConfig  phpalsli15693_sw.o
    0x00216154   0x00216154   0x00000024   Code   RO         3016    i.phpalSli15693_Sw_SetSerialNo  phpalsli15693_sw.o
    0x00216178   0x00216178   0x00000058   Code   RO         1643    i.prvAddCurrentTaskToDelayedList  tasks.o
    0x002161d0   0x002161d0   0x00000078   Code   RO         1644    i.prvAddNewTaskToReadyList  tasks.o
    0x00216248   0x00216248   0x00000050   Code   RO         1941    i.prvCheckForValidListAndQueue  timers.o
    0x00216298   0x00216298   0x00000058   Code   RO         1645    i.prvCheckTasksWaitingTermination  tasks.o
    0x002162f0   0x002162f0   0x00000024   Code   RO         1470    i.prvCopyDataFromQueue  queue.o
    0x00216314   0x00216314   0x00000070   Code   RO         1471    i.prvCopyDataToQueue  queue.o
    0x00216384   0x00216384   0x00000012   Code   RO         1646    i.prvDeleteTCB      tasks.o
    0x00216396   0x00216396   0x00000002   PAD
    0x00216398   0x00216398   0x00000024   Code   RO         1942    i.prvGetNextExpireTime  timers.o
    0x002163bc   0x002163bc   0x00000018   Code   RO         1647    i.prvIdleTask       tasks.o
    0x002163d4   0x002163d4   0x0000001a   Code   RO         1472    i.prvInitialiseMutex  queue.o
    0x002163ee   0x002163ee   0x0000001c   Code   RO         1473    i.prvInitialiseNewQueue  queue.o
    0x0021640a   0x0021640a   0x00000086   Code   RO         1648    i.prvInitialiseNewTask  tasks.o
    0x00216490   0x00216490   0x0000002c   Code   RO         1943    i.prvInitialiseNewTimer  timers.o
    0x002164bc   0x002164bc   0x00000054   Code   RO         1649    i.prvInitialiseTaskLists  tasks.o
    0x00216510   0x00216510   0x00000040   Code   RO         1944    i.prvInsertTimerInActiveList  timers.o
    0x00216550   0x00216550   0x0000001c   Code   RO         1474    i.prvIsQueueEmpty   queue.o
    0x0021656c   0x0021656c   0x0000001e   Code   RO         1475    i.prvIsQueueFull    queue.o
    0x0021658a   0x0021658a   0x00000002   PAD
    0x0021658c   0x0021658c   0x00000048   Code   RO         1945    i.prvProcessExpiredTimer  timers.o
    0x002165d4   0x002165d4   0x000000a8   Code   RO         1946    i.prvProcessReceivedCommands  timers.o
    0x0021667c   0x0021667c   0x00000064   Code   RO         1947    i.prvProcessTimerOrBlockTask  timers.o
    0x002166e0   0x002166e0   0x00000024   Code   RO         1650    i.prvResetNextTaskUnblockTime  tasks.o
    0x00216704   0x00216704   0x0000002c   Code   RO         1948    i.prvSampleTimeNow  timers.o
    0x00216730   0x00216730   0x00000024   Code   RO         1219    i.prvSetupTimerInterrupt  port.o
    0x00216754   0x00216754   0x0000005c   Code   RO         1949    i.prvSwitchTimerLists  timers.o
    0x002167b0   0x002167b0   0x00000004   Code   RO         1220    i.prvTaskExitError  port.o
    0x002167b4   0x002167b4   0x00000018   Code   RO         1359    i.prvTestWaitCondition  event_groups.o
    0x002167cc   0x002167cc   0x00000014   Code   RO         1950    i.prvTimerTask      timers.o
    0x002167e0   0x002167e0   0x00000070   Code   RO         1476    i.prvUnlockQueue    queue.o
    0x00216850   0x00216850   0x00000020   Code   RO         2071    i.pvPortMalloc      heap_3.o
    0x00216870   0x00216870   0x00000018   Code   RO         1652    i.pvTaskIncrementMutexHeldCount  tasks.o
    0x00216888   0x00216888   0x00000020   Code   RO         1221    i.pxPortInitialiseStack  port.o
    0x002168a8   0x002168a8   0x0000002a   Code   RO         1433    i.uxListRemove      list.o
    0x002168d2   0x002168d2   0x00000002   PAD
    0x002168d4   0x002168d4   0x00000018   Code   RO         1657    i.uxTaskResetEventItemValue  tasks.o
    0x002168ec   0x002168ec   0x00000004   Code   RO         2090    i.vApplicationMallocFailedHook  phfreertosconfig.o
    0x002168f0   0x002168f0   0x00000004   Code   RO         2091    i.vApplicationStackOverflowHook  phfreertosconfig.o
    0x002168f4   0x002168f4   0x00000008   Code   RO         1360    i.vEventGroupClearBitsCallback  event_groups.o
    0x002168fc   0x002168fc   0x0000002a   Code   RO         1361    i.vEventGroupDelete  event_groups.o
    0x00216926   0x00216926   0x00000008   Code   RO         1362    i.vEventGroupSetBitsCallback  event_groups.o
    0x0021692e   0x0021692e   0x00000016   Code   RO         1434    i.vListInitialise   list.o
    0x00216944   0x00216944   0x00000006   Code   RO         1435    i.vListInitialiseItem  list.o
    0x0021694a   0x0021694a   0x00000030   Code   RO         1436    i.vListInsert       list.o
    0x0021697a   0x0021697a   0x00000018   Code   RO         1437    i.vListInsertEnd    list.o
    0x00216992   0x00216992   0x00000002   PAD
    0x00216994   0x00216994   0x00000018   Code   RO         1223    i.vPortEnterCritical  port.o
    0x002169ac   0x002169ac   0x00000014   Code   RO         1224    i.vPortExitCritical  port.o
    0x002169c0   0x002169c0   0x00000018   Code   RO         2072    i.vPortFree         heap_3.o
    0x002169d8   0x002169d8   0x00000018   Code   RO         1225    i.vPortYield        port.o
    0x002169f0   0x002169f0   0x00000024   Code   RO         1480    i.vQueueAddToRegistry  queue.o
    0x00216a14   0x00216a14   0x00000012   Code   RO         1481    i.vQueueDelete      queue.o
    0x00216a26   0x00216a26   0x00000002   PAD
    0x00216a28   0x00216a28   0x00000028   Code   RO         1482    i.vQueueUnregisterQueue  queue.o
    0x00216a50   0x00216a50   0x00000046   Code   RO         1483    i.vQueueWaitForMessageRestricted  queue.o
    0x00216a96   0x00216a96   0x00000024   Code   RO         1658    i.vTaskDelay        tasks.o
    0x00216aba   0x00216aba   0x00000002   PAD
    0x00216abc   0x00216abc   0x0000000c   Code   RO         1662    i.vTaskMissedYield  tasks.o
    0x00216ac8   0x00216ac8   0x0000001c   Code   RO         1664    i.vTaskPlaceOnEventList  tasks.o
    0x00216ae4   0x00216ae4   0x0000002c   Code   RO         1665    i.vTaskPlaceOnEventListRestricted  tasks.o
    0x00216b10   0x00216b10   0x00000028   Code   RO         1666    i.vTaskPlaceOnUnorderedEventList  tasks.o
    0x00216b38   0x00216b38   0x00000068   Code   RO         1667    i.vTaskPriorityInherit  tasks.o
    0x00216ba0   0x00216ba0   0x00000010   Code   RO         1670    i.vTaskSetTimeOutState  tasks.o
    0x00216bb0   0x00216bb0   0x0000004c   Code   RO         1671    i.vTaskStartScheduler  tasks.o
    0x00216bfc   0x00216bfc   0x00000010   Code   RO         1673    i.vTaskSuspendAll   tasks.o
    0x00216c0c   0x00216c0c   0x0000007c   Code   RO         1674    i.vTaskSwitchContext  tasks.o
    0x00216c88   0x00216c88   0x0000001a   Code   RO         1363    i.xEventGroupClearBits  event_groups.o
    0x00216ca2   0x00216ca2   0x0000001c   Code   RO         1364    i.xEventGroupCreate  event_groups.o
    0x00216cbe   0x00216cbe   0x00000072   Code   RO         1366    i.xEventGroupSetBits  event_groups.o
    0x00216d30   0x00216d30   0x000000ac   Code   RO         1368    i.xEventGroupWaitBits  event_groups.o
    0x00216ddc   0x00216ddc   0x00000030   Code   RO         1226    i.xPortStartScheduler  port.o
    0x00216e0c   0x00216e0c   0x00000014   Code   RO         1484    i.xQueueCreateCountingSemaphore  queue.o
    0x00216e20   0x00216e20   0x00000018   Code   RO         1485    i.xQueueCreateMutex  queue.o
    0x00216e38   0x00216e38   0x00000034   Code   RO         1486    i.xQueueGenericCreate  queue.o
    0x00216e6c   0x00216e6c   0x00000120   Code   RO         1487    i.xQueueGenericReceive  queue.o
    0x00216f8c   0x00216f8c   0x00000068   Code   RO         1488    i.xQueueGenericReset  queue.o
    0x00216ff4   0x00216ff4   0x000000e2   Code   RO         1489    i.xQueueGenericSend  queue.o
    0x002170d6   0x002170d6   0x00000066   Code   RO         1490    i.xQueueGenericSendFromISR  queue.o
    0x0021713c   0x0021713c   0x00000054   Code   RO         1492    i.xQueueGiveFromISR  queue.o
    0x00217190   0x00217190   0x00000062   Code   RO         1496    i.xQueueReceiveFromISR  queue.o
    0x002171f2   0x002171f2   0x00000002   PAD
    0x002171f4   0x002171f4   0x00000050   Code   RO         1675    i.xTaskCheckForTimeOut  tasks.o
    0x00217244   0x00217244   0x0000005c   Code   RO         1676    i.xTaskCreate       tasks.o
    0x002172a0   0x002172a0   0x00000020   Code   RO         1680    i.xTaskGetSchedulerState  tasks.o
    0x002172c0   0x002172c0   0x0000000c   Code   RO         1681    i.xTaskGetTickCount  tasks.o
    0x002172cc   0x002172cc   0x0000000c   Code   RO         1682    i.xTaskGetTickCountFromISR  tasks.o
    0x002172d8   0x002172d8   0x000000b4   Code   RO         1683    i.xTaskIncrementTick  tasks.o
    0x0021738c   0x0021738c   0x00000054   Code   RO         1686    i.xTaskPriorityDisinherit  tasks.o
    0x002173e0   0x002173e0   0x00000060   Code   RO         1687    i.xTaskRemoveFromEventList  tasks.o
    0x00217440   0x00217440   0x00000050   Code   RO         1688    i.xTaskRemoveFromUnorderedEventList  tasks.o
    0x00217490   0x00217490   0x000000a0   Code   RO         1689    i.xTaskResumeAll    tasks.o
    0x00217530   0x00217530   0x0000002c   Code   RO         1953    i.xTimerCreate      timers.o
    0x0021755c   0x0021755c   0x0000003c   Code   RO         1954    i.xTimerCreateTimerTask  timers.o
    0x00217598   0x00217598   0x0000005c   Code   RO         1955    i.xTimerGenericCommand  timers.o
    0x002175f4   0x002175f4   0x00000028   Code   RO         1961    i.xTimerPendFunctionCallFromISR  timers.o
    0x0021761c   0x0021761c   0x0000008c   Code   RO         6920    x$fpl$fadd          fz_ps.l(faddsub.o)
    0x002176a8   0x002176a8   0x000000b0   Code   RO         6930    x$fpl$fmul          fz_ps.l(fmul.o)
    0x00217758   0x00217758   0x000000d0   Code   RO         6922    x$fpl$fsub          fz_ps.l(faddsub.o)
    0x00217828   0x00217828   0x00000000   Code   RO         7011    x$fpl$usenofp       fz_ps.l(usenofp.o)
    0x00217828   0x00217828   0x00000004   Data   RO          221    .constdata          phcfg_ee.o
    0x0021782c   0x0021782c   0x00000004   Data   RO          222    .constdata          phcfg_ee.o
    0x00217830   0x00217830   0x00000004   Data   RO          223    .constdata          phcfg_ee.o
    0x00217834   0x00217834   0x00000004   Data   RO          224    .constdata          phcfg_ee.o
    0x00217838   0x00217838   0x00000004   Data   RO          225    .constdata          phcfg_ee.o
    0x0021783c   0x0021783c   0x00000004   Data   RO          226    .constdata          phcfg_ee.o
    0x00217840   0x00217840   0x00000004   Data   RO          229    .constdata          phcfg_ee.o
    0x00217844   0x00217844   0x00000004   Data   RO          231    .constdata          phcfg_ee.o
    0x00217848   0x00217848   0x00000004   Data   RO          232    .constdata          phcfg_ee.o
    0x0021784c   0x0021784c   0x00000004   Data   RO          233    .constdata          phcfg_ee.o
    0x00217850   0x00217850   0x00000004   Data   RO          234    .constdata          phcfg_ee.o
    0x00217854   0x00217854   0x00000004   Data   RO          235    .constdata          phcfg_ee.o
    0x00217858   0x00217858   0x00000004   Data   RO          236    .constdata          phcfg_ee.o
    0x0021785c   0x0021785c   0x00000004   Data   RO          237    .constdata          phcfg_ee.o
    0x00217860   0x00217860   0x00000004   Data   RO          238    .constdata          phcfg_ee.o
    0x00217864   0x00217864   0x00000004   Data   RO          239    .constdata          phcfg_ee.o
    0x00217868   0x00217868   0x00000004   Data   RO          240    .constdata          phcfg_ee.o
    0x0021786c   0x0021786c   0x00000004   Data   RO          241    .constdata          phcfg_ee.o
    0x00217870   0x00217870   0x00000004   Data   RO          244    .constdata          phcfg_ee.o
    0x00217874   0x00217874   0x00000004   Data   RO          248    .constdata          phcfg_ee.o
    0x00217878   0x00217878   0x00000004   Data   RO          249    .constdata          phcfg_ee.o
    0x0021787c   0x0021787c   0x00000004   Data   RO          250    .constdata          phcfg_ee.o
    0x00217880   0x00217880   0x00000004   Data   RO          251    .constdata          phcfg_ee.o
    0x00217884   0x00217884   0x00000006   Data   RO          423    .constdata          phled.o
    0x0021788a   0x0021788a   0x00000006   Data   RO          425    .constdata          phled.o
    0x00217890   0x00217890   0x00000019   Data   RO          639    .constdata          phhalrf_lp_v.o
    0x002178a9   0x002178a9   0x00000098   Data   RO          640    .constdata          phhalrf_lp_v.o
    0x00217941   0x00217941   0x00000098   Data   RO          641    .constdata          phhalrf_lp_v.o
    0x002179d9   0x002179d9   0x00000003   PAD
    0x002179dc   0x002179dc   0x00000004   Data   RO          642    .constdata          phhalrf_lp_v.o
    0x002179e0   0x002179e0   0x0000001b   Data   RO          643    .constdata          phhalrf_lp_v.o
    0x002179fb   0x002179fb   0x00000060   Data   RO          644    .constdata          phhalrf_lp_v.o
    0x00217a5b   0x00217a5b   0x00000012   Data   RO          645    .constdata          phhalrf_lp_v.o
    0x00217a6d   0x00217a6d   0x00000037   Data   RO          646    .constdata          phhalrf_lp_v.o
    0x00217aa4   0x00217aa4   0x00000012   Data   RO          647    .constdata          phhalrf_lp_v.o
    0x00217ab6   0x00217ab6   0x00000048   Data   RO          648    .constdata          phhalrf_lp_v.o
    0x00217afe   0x00217afe   0x00000037   Data   RO          649    .constdata          phhalrf_lp_v.o
    0x00217b35   0x00217b35   0x00000003   PAD
    0x00217b38   0x00217b38   0x00000008   Data   RO          650    .constdata          phhalrf_lp_v.o
    0x00217b40   0x00217b40   0x00000014   Data   RO          675    .constdata          phexdooraccess_clif.o
    0x00217b54   0x00217b54   0x00000011   Data   RO          922    .constdata          phexdooraccess_utils.o
    0x00217b65   0x00217b65   0x0000000f   Data   RO         1014    .constdata          phexdooraccessllcp_client.o
    0x00217b74   0x00217b74   0x00000060   Data   RO         2363    .constdata          phacdiscloop_sw_int.o
    0x00217bd4   0x00217bd4   0x00000003   Data   RO         2449    .constdata          phacdiscloop_sw_int_a.o
    0x00217bd7   0x00217bd7   0x00000001   PAD
    0x00217bd8   0x00217bd8   0x00000014   Data   RO         2604    .constdata          phpalfelica_sw.o
    0x00217bec   0x00217bec   0x0000000e   Data   RO         4004    .constdata          phpali18092mpi_sw.o
    0x00217bfa   0x00217bfa   0x0000000b   Data   RO         4511    .constdata          phtools_q.o
    0x00217c05   0x00217c05   0x00000021   Data   RO         4821    .constdata          phlnllcp_sw.o
    0x00217c26   0x00217c26   0x0000001a   Data   RO         5288    .constdata          phlnllcp_timers.o
    0x00217c40   0x00217c40   0x00000004   Data   RO         6549    .constdata          libphhalRf_armcc.lib(phhalrf_common.o)
    0x00217c44   0x00217c44   0x00000034   Data   RO         6599    .constdata          libphhalRf_armcc.lib(phhalrf_exchange.o)
    0x00217c78   0x00217c78   0x00000050   Data   RO         6749    .constdata          libphhalRf_armcc.lib(phhalrf_loadprotocol.o)
    0x00217cc8   0x00217cc8   0x0000001c   Data   RO         6794    .constdata          libphhalRf_armcc.lib(phhalrf_ocprot.o)
    0x00217ce4   0x00217ce4   0x00000020   Data   RO         7142    Region$$Table       anon$$obj.o


==============================================================================

Image component sizes


      Code (inc. data)   RO Data    RW Data    ZI Data      Debug   Object Name

       422          0          0          0          0       8330   event_groups.o
        56          0          0          0          0       1091   heap_3.o
       142          0          0          0          0       3082   list.o
        96         12          0          0          0       2673   phacdiscloop.o
      2100        134          0          0          0       7989   phacdiscloop_sw.o
      1874         60         96          0          0      12422   phacdiscloop_sw_int.o
      1600         24          3          0          0       5926   phacdiscloop_sw_int_a.o
       948         18          0          0          0       4330   phacdiscloop_sw_int_b.o
      1132         30          0          0          0       7775   phacdiscloop_sw_int_f.o
       876         16          0          0          0       4757   phacdiscloop_sw_int_i18000p3m3.o
       828         12          0          0          0       4062   phacdiscloop_sw_int_v.o
        30          0          0          0          0       1255   phali18000p3m3.o
        48          4          0          0          0       2015   phali18000p3m3_sw.o
         0          0          0          0          0       2808   phalicode_sw.o
       110          0          0          0          0       2910   phalmfc.o
       294         18          0          0          0       4313   phalmfc_sw.o
       108         10          0          0          0       1643   phalmfdf_sw.o
        30          0          0          0          0       1190   phalt1t.o
       180         16          0          0          0       2367   phalt1t_sw.o
         0          0         92          0          0      29822   phcfg_ee.o
       918        190          0         12          0       9364   phexdooraccess.o
      1234        118         20        821        312      54313   phexdooraccess_clif.o
       516         96          0         60          0       6051   phexdooraccess_mifareclassic.o
      1116        228          0        116          0       6409   phexdooraccess_poll.o
       418         74         17          2        216       7647   phexdooraccess_utils.o
       144         14         15          0         16       1708   phexdooraccessllcp_client.o
       848        116          0          0          0      53390   phflashboot.o
         8          0          0          0          0       1023   phfreertosconfig.o
       768        108          0          6          0       6298   phhalclkgen.o
       292         34          0          0          0       3869   phhalgpio.o
       312         52          0         16         96       4597   phhalhif.o
       578          0          0          0          0      13387   phhalhw.o
      6054        150          0          8          0      24569   phhalhw_pn7462au.o
      1128         28          0          0          0       7552   phhalhw_pn7462au_int.o
      1744        196          0        132          0      11969   phhalpcr.o
       972        106          0         16          0       8055   phhalpmu.o
       332         60          0         16          0       7617   phhalrf_event.o
         0          0        682          0          0       1716   phhalrf_lp_v.o
       494          0          0          0          0       1716   phhalsysser_ds5.o
       148         40          0         75          0       3569   phhaltimer.o
       170         22          0          0          0       3864   phkeystore.o
       568         46          0          0          0       7169   phkeystore_sw.o
       240         44         12          8          0       3236   phled.o
       364         44          0          0          0      12944   phlnllcp.o
      1592         78         33          8         76      13452   phlnllcp_sw.o
      2798        152          0          0        251      18077   phlnllcp_sw_int.o
       468         48          0          8          0       6320   phlnllcp_sw_mac.o
       600          6          0          0          0       6687   phlnllcp_sw_transport.o
       536         26          0          0          0       5744   phlnllcp_sw_transport_connection.o
       160          6          0          0          0       1864   phlnllcp_sw_transport_connectionless.o
       306         30         26          2          0       7012   phlnllcp_timers.o
       100         12          0          0          0       2645   phnpsnep.o
       532         30          0          0          0       5222   phnpsnep_sw.o
      1188        114          0          0          0      17649   phosal_freertos.o
       170          0          0          0          0       4456   phpalfelica.o
       654         34         20          0          0       6713   phpalfelica_sw.o
       322          0          0          0          0       7925   phpali14443p3a.o
      1858         36          0          0          0      12436   phpali14443p3a_sw.o
       320          0          0          0          0       7513   phpali14443p3b.o
      1848         90          0          0          0      13153   phpali14443p3b_sw.o
       118          0          0          0          0       2515   phpali14443p4.o
       560         36          0          0          0       8188   phpali14443p4_sw.o
       126          0          0          0          0       3260   phpali14443p4a.o
      1338         70          0          0          0       7871   phpali14443p4a_sw.o
       142          0          0          0          0       2988   phpali18000p3m3.o
       460         14          0          0          0       4296   phpali18000p3m3_sw.o
       268          6          0          0          0       6275   phpali18092mpi.o
      2506         74         14          0          0      12493   phpali18092mpi_sw.o
      2436         28          0          0          0      12671   phpali18092mpi_sw_int.o
       126          0          0          0          0       3270   phpalmifare.o
       412         32          0          0          0       4705   phpalmifare_sw.o
       236          0          0          0          0       5640   phpalsli15693.o
      2604         96          0          0          0      12877   phpalsli15693_sw.o
       172         18          0          0          0       3485   phrtos_rtos.o
       180          6          0          0          0       1669   phtools.o
       694         70         11         12        324       8371   phtools_q.o
       298         26          0          8          0       5948   phuser.o
       346         52          0          4          0       6392   port.o
      1534         10          0          0         64      17019   queue.o
        72         28        192          0       5000        680   startup_pn74xxxx.o
        16          8          0          4          0        735   system_pn74xxxx.o
      1964        192          0         60        220      22357   tasks.o
       956         86          0         20         40      10978   timers.o

    ----------------------------------------------------------------------
     61328       3634       1272       1418       6616     674343   Object Totals
         0          0         32          0          0          0   (incl. Generated)
        72          0          7          4          1          0   (incl. Padding)

    ----------------------------------------------------------------------

      Code (inc. data)   RO Data    RW Data    ZI Data      Debug   Library Member Name

        58          0          0          0          0          0   __dczerorl.o
         8          0          0          0          0         68   __main.o
         0          0          0          0          0          0   __rtentry.o
        12          0          0          0          0          0   __rtentry2.o
         6          0          0          0          0          0   __rtentry4.o
        60          8          0          0          0          0   __scatter.o
        28          0          0          0          0          0   __scatter_zi.o
        18          0          0          0          0         68   aeabi_memset.o
       346          0          0          0          0         92   aeabi_sdiv.o
        12          0          0          0          0         68   defsig_exit.o
        52          0          0          0          0         72   defsig_general.o
        80         58          0          0          0         68   defsig_rtmem_inner.o
        12          0          0          0          0         68   defsig_rtmem_outer.o
        16          0          0          0          0         68   exit.o
        98          0          0          0          0         72   h1_alloc.o
        52          0          0          0          0         68   h1_extend.o
        76          0          0          0          0         72   h1_free.o
        14          0          0          0          0         76   h1_init.o
         6          0          0          0          0        136   heapauxi.o
         4          0          0          0          0        120   hguard.o
         0          0          0          0          0          0   indicate_semi.o
       136          0          0          0          0        160   init_alloc.o
         2          0          0          0          0          0   libinit.o
        10          0          0          0          0          0   libinit2.o
         2          0          0          0          0          0   libshutdown.o
         2          0          0          0          0          0   libshutdown2.o
         8          4          0          0         96         68   libspace.o
         0          0          0          0          0          0   maybetermalloc1.o
        90          0          0          0          0         68   memcmp.o
         8          4          0          0          0         68   rt_heap_descriptor_intlibspace.o
        64          0          0          0          0        108   rt_memclr.o
       186          0          0          0          0        144   rt_memcpy.o
         2          0          0          0          0          0   rtexit.o
        10          0          0          0          0          0   rtexit2.o
        68          6          0          0          0         72   strlen.o
        12          4          0          0          0         60   sys_exit.o
        62          0          0          0          0         80   sys_stackheap_outer.o
        12          0          0          0          0         68   sys_wrch.o
        34          0          0          0          0         60   uread4.o
         2          0          0          0          0         68   use_no_semi.o
       124          4          0          0          0         72   d2f.o
       856         20          0          0          0        208   daddsub.o
        72          4          0          0          0         68   dfixui.o
        88          0          0          0          0         92   dflti.o
       584         26          0          0          0         84   dmul.o
        84          4          0          0          0         60   f2d.o
       348          8          0          0          0        160   faddsub.o
        48          0          0          0          0         60   ffixui.o
        94          0          0          0          0         92   fflti.o
       176          4          0          0          0         80   fmul.o
         0          0          0          0          0          0   usenofp.o
       444         68          0          2          0        344   phhalrf_apc.o
      2664        302          4         76          0       1424   phhalrf_common.o
       116         14          0          0          0         72   phhalrf_dpll.o
      3156        314         52         44        260       1312   phhalrf_exchange.o
      1158         76          0          0          0        496   phhalrf_field.o
       536         78          0          4         32        628   phhalrf_initiator.o
      2448        196          0         16          0        916   phhalrf_isr.o
      3346        494         80          8          0       1420   phhalrf_loadprotocol.o
      2098        196         28          5         30       1200   phhalrf_ocprot.o
      2120        196          0         16         20        816   phhalrf_target.o
       244         28          0          0          0        208   phhalrf_timer.o

    ----------------------------------------------------------------------
     22488       2116        164        174        440      11952   Library Totals
        16          0          0          3          2          0   (incl. Padding)

    ----------------------------------------------------------------------

      Code (inc. data)   RO Data    RW Data    ZI Data      Debug   Library Name

      1668         84          0          0         96       2140   c_p.l
      2474         70          0          0          0        976   fz_ps.l
     18330       1962        164        171        342       8836   libphhalRf_armcc.lib

    ----------------------------------------------------------------------
     22488       2116        164        174        440      11952   Library Totals

    ----------------------------------------------------------------------

==============================================================================


      Code (inc. data)   RO Data    RW Data    ZI Data      Debug   

     83816       5750       1436       1592       7056     656311   Grand Totals
     83816       5750       1436         24       7056     656311   ELF Image Totals (compressed)
     83816       5750       1436         24          0          0   ROM Totals

==============================================================================

    Total RO  Size (Code + RO Data)                85252 (  83.25kB)
    Total RW  Size (RW Data + ZI Data)              8648 (   8.45kB)
    Total ROM Size (Code + RO Data + RW Data)      85276 (  83.28kB)

==============================================================================

