<html>
<body>
<pre>
<h1>µVision Build Log</h1>
<h2>Tool Versions:</h2>
IDE-Version: ¦ÌVision V5.26.2.0
Copyright (C) 2018 ARM Ltd and ARM Germany GmbH. All rights reserved.
License Information: l 504054019@qq.com, l, LIC=JL2X7-E2YHC-4SUY4-F5IAV-UJXC1-JU6PV
 
Tool Versions:
Toolchain:       MDK-ARM Plus  Version: 5.26.2.0
Toolchain Path:  C:\Keil_v5\ARM\ARMCC\Bin
C Compiler:      Armcc.exe V5.06 update 6 (build 750)
Assembler:       Armasm.exe V5.06 update 6 (build 750)
Linker/Locator:  ArmLink.exe V5.06 update 6 (build 750)
Library Manager: ArmAr.exe V5.06 update 6 (build 750)
Hex Converter:   FromElf.exe V5.06 update 6 (build 750)
CPU DLL:         SARMCM3.DLL V5.26.2.0
Dialog DLL:      DARMCM1.DLL V1.19.1.0
Target DLL:      Segger\JL2CM3.dll V2.99.31.0
Dialog DLL:      TARMCM1.DLL V1.14.0.0
 
<h2>Project:</h2>
C:\Users\50405\Desktop\PN7462AU-FW_WriteCARD\PN7462AU_ex_phExDoorAccess\phExDoorAccess.uvprojx
Project File Date:  07/05/2019

<h2>Output:</h2>
*** Using Compiler 'V5.06 update 6 (build 750)', folder: 'C:\Keil_v5\ARM\ARMCC\Bin'
Build Project 'phExDoorAccess' - Target 'Debug'
compiling phExDoorAccess_MiFareClassic.c...
C:\Users\50405\Desktop\PN7462AU-FW_WriteCARD\PN7462AU_ex_phExDoorAccess\src\phExDoorAccess_MiFareClassic.c(202): warning:  #61-D: integer operation result is out of range
  						pValue[12]=(val&(0xff<<24))>>24;
C:\Users\50405\Desktop\PN7462AU-FW_WriteCARD\PN7462AU_ex_phExDoorAccess\src\phExDoorAccess_MiFareClassic.c(202): warning:  #68-D: integer conversion resulted in a change of sign
  						pValue[12]=(val&(0xff<<24))>>24;
src\phExDoorAccess_MiFareClassic.c: 2 warnings, 0 errors
linking...
Program Size: Code=83816 RO-data=1436 RW-data=1592 ZI-data=7056  
FromELF: creating hex file...
After Build - User command #1: C:\Keil_v5\\ARM\ARMCC\bin\fromelf.exe --bin --output=C:\Users\50405\Desktop\PN7462AU-FW_WriteCARD\PN7462AU_ex_phExDoorAccess\Objects\phExDoorAccess.bin .\Objects\phExDoorAccess.axf
".\Objects\phExDoorAccess.axf" - 0 Error(s), 2 Warning(s).

<h2>Software Packages used:</h2>

Package Vendor: NXP
                www.nxp.com/NXP.PN7xxxxx.0.9.0.pack
                NXP.PN7xxxxx.0.9.0
                NXP PN7xxxxx Family.
   * Component: Startup Version: 0.9.0

<h2>Collection of Component include folders:</h2>
  .\RTE\_Debug
  C:\Keil_v5\ARM\PACK\NXP\PN7xxxxx\0.9.0\Device\Include

<h2>Collection of Component Files used:</h2>

   * Component: NXP::Device:Startup:0.9.0
      Source file:   Device\Source\system_PN74xxxx.c
      Source file:   Device\Source\ARM\startup_PN74xxxx.s
Build Time Elapsed:  00:00:01
</pre>
</body>
</html>
